<area shape="rect" href="$objectmanager_8h.html" title="rdkcore/object/objectmanager.h" alt="" coords="427,80,629,106">
<area shape="rect" href="$binaryreader_8h.html" title="binaryreader.h" alt="" coords="1004,154,1105,181">
<area shape="rect" href="$constants_8h.html" title="constants.h" alt="" coords="704,80,792,106">
<area shape="rect" href="$packets_8h.html" title="packets.h" alt="" coords="312,229,389,256">
<area shape="rect" href="$object_8h.html" title="object.h" alt="" coords="508,154,575,181">
<area shape="rect" href="$demangle_8h.html" title="rdkcore/demangle/demangle.h" alt="" coords="43,229,237,256">
<area shape="rect" href="$read_8h.html" title="rdkcore/serialization/read.h" alt="" coords="904,229,1080,256">
<area shape="rect" href="$write_8h.html" title="rdkcore/serialization/write.h" alt="" coords="701,229,880,256">
<area shape="rect" href="$time_8h.html" title="rdkcore/time/time.h" alt="" coords="475,229,608,256">
<area shape="rect" href="$serialization_2utils_8h.html" title="utils.h" alt="" coords="731,304,787,330">
<area shape="rect" href="$serialization_2exceptions_8h.html" title="exceptions.h" alt="" coords="905,304,1001,330">
<area shape="rect" href="$textutils_8h.html" title="rdkcore/textutils/textutils.h" alt="" coords="515,378,691,405">
