<area shape="rect" href="$namespace_r_d_k2_1_1_common.html#87692487e9694b6ecda9edc419bbefa6" title="RDK2::Common::createThread" alt="" coords="507,360,707,386">
<area shape="rect" href="$class_r_d_k2_1_1_repository_n_s_1_1_remote_property_manager.html#f1dcf7f3622543ff6ee1f0c13ff5e5b4" title="RDK2::RepositoryNS::RemotePropertyManager::periodicSenderThreadFn" alt="" coords="385,410,828,437">
<area shape="rect" href="$class_r_d_k2_1_1_repository_n_s_1_1_remote_property_manager.html#7c9f40ade0398a6301d38903c09e3f21" title="RDK2::RepositoryNS::RemotePropertyManager::periodicUdpRenewalThreadFn" alt="" coords="879,588,1353,614">
<area shape="rect" href="$class_r_d_k2_1_1_repository_n_s_1_1_remote_property_manager.html#612728922723dccee168f6c8d4877a10" title="RDK2::RepositoryNS::RemotePropertyManager::receiverThreadFn" alt="" coords="405,461,808,488">
<area shape="rect" href="$class_r_d_k2_1_1_repository_n_s_1_1_remote_property_manager.html#708732aff913de624e12d9dd5aa7c242" title="RDK2::RepositoryNS::RemotePropertyManager::periodicSender" alt="" coords="1445,106,1835,133">
<area shape="rect" href="$class_r_d_k2_1_1_repository_n_s_1_1_repository.html#b625d4233359a376d5eef03adb1a964f" title="RDK2::RepositoryNS::Repository::createSession" alt="" coords="2053,157,2357,184">
<area shape="rect" href="$class_r_d_k2_1_1_repository_n_s_1_1_remote_subscription_register.html#92b1b9c3b477069170fdb954cb7936f9" title="RDK2::RepositoryNS::RemoteSubscriptionRegister::deleteSubscriptionToSend" alt="" coords="1968,106,2443,133">
<area shape="rect" href="$class_r_d_k2_1_1_repository_n_s_1_1_session.html#60218cdaf514d07e8943e641951ffb50" title="RDK2::RepositoryNS::Session::getDouble" alt="" coords="2073,360,2337,386">
<area shape="rect" href="$class_r_d_k2_1_1_repository_n_s_1_1_remote_subscription_register.html#e259756dd8d010d083d35b97d2f25c45" title="Query for reading the register." alt="" coords="2545,56,3023,82">
<area shape="rect" href="$class_r_d_k2_1_1_repository_n_s_1_1_repository.html#8404478a29d5356a07fcafb352bfd63d" title="RDK2::RepositoryNS::Repository::sendStorageValuesToRemoteValueSubscribers" alt="" coords="1959,5,2452,32">
<area shape="rect" href="$class_posix_constructs_1_1_posix_mutex.html#45e42845140324802a68a81ec1d9ee09" title="PosixConstructs::PosixMutex::lock" alt="" coords="2671,208,2897,234">
<area shape="rect" href="$class_posix_constructs_1_1_posix_mutex.html#f735e71d6e450bfc520527f37fab8edc" title="PosixConstructs::PosixMutex::unlock" alt="" coords="2664,157,2904,184">
<area shape="rect" href="$class_r_d_k2_1_1_repository_n_s_1_1_remote_subscription_register.html#5c87f6980d7ce1887990e7eca87376ee" title="RDK2::RepositoryNS::RemoteSubscriptionRegister::refreshLastSendingTimestamp" alt="" coords="2533,5,3035,32">
<area shape="rect" href="$class_r_d_k2_1_1_repository_n_s_1_1_remote_property_manager.html#e92b8c3219958c8375c827ecbbbde73d" title="RDK2::RepositoryNS::RemotePropertyManager::periodicUdpRenewal" alt="" coords="1431,613,1849,640">
<area shape="rect" href="$class_r_d_k2_1_1_repository_n_s_1_1_session.html#18c69203f06d94792d55a2d22c81db9c" title="RDK2::RepositoryNS::Session::getRepositoryName" alt="" coords="2045,613,2365,640">
<area shape="rect" href="$class_r_d_k2_1_1_repository_n_s_1_1_remote_subscription_register.html#576b56dbf5b8455b7d029cfc86b344ed" title="RDK2::RepositoryNS::RemoteSubscriptionRegister::queryForPropertiesToReceive" alt="" coords="1957,512,2453,538">
<area shape="rect" href="$class_r_d_k2_1_1_repository_n_s_1_1_session.html#06add48ab48e1023e4fa0bab7a982a02" title="RDK2::RepositoryNS::Session::queuePush" alt="" coords="2069,664,2341,690">
<area shape="rect" href="$class_r_d_k2_1_1_repository_n_s_1_1_repository.html#1ffc81fc6472f7754a7699b7491245ea" title="Each repository has a unique name, i.e. the one used in the constructor." alt="" coords="2616,360,2952,386">
<area shape="rect" href="$struct_r_d_k2_1_1_repository_n_s_1_1_r_remote_subscription.html#a5e17e632b1047b1ed686c19f77d6b4f" title="Returns a string to be used to visualize the object." alt="" coords="2569,258,2999,285">
<area shape="rect" href="$class_posix_queues_1_1_pipe_queue.html#fb2a3e8e91e5ce3b96a193308bcdc310" title="PosixQueues::PipeQueue::gc" alt="" coords="2688,664,2880,690">
<area shape="rect" href="$class_r_d_k2_1_1_repository_n_s_1_1_property.html#c5b04454f082e73889fe123081671ef8" title="RDK2::RepositoryNS::Property::getObjectClassName" alt="" coords="2619,410,2949,437">
<area shape="rect" href="$class_r_d_k2_1_1_repository_n_s_1_1_property.html#81e5e2c0ad9c376b6e4d43c264398e89" title="RDK2::RepositoryNS::Property::isQueue" alt="" coords="2656,714,2912,741">
<area shape="rect" href="$class_posix_queues_1_1_pipe_queue.html#c8937b1d315e4969ba05a5c3aa3932f7" title="ob is now property of this queue" alt="" coords="2680,613,2888,640">
<area shape="rect" href="$class_r_d_k2_1_1_repository_n_s_1_1_property.html#4c423050e34a18e0552bd646581b1169" title="RDK2::RepositoryNS::Property::setObjectClassName" alt="" coords="2619,512,2949,538">
<area shape="rect" href="$class_r_d_k2_1_1_repository_n_s_1_1_remote_property_manager.html#a9aa671c9871c660e8d2b409b6571a1a" title="RDK2::RepositoryNS::RemotePropertyManager::receiver" alt="" coords="941,461,1291,488">
<area shape="rect" href="$class_r_d_k2_1_1_repository_n_s_1_1_session.html#56909930a095dd4e2d2a45579f0e81d9" title="End the session and complain for forgot locks." alt="" coords="1527,917,1753,944">
<area shape="rect" href="$class_r_d_k2_1_1_r_net_objects_1_1_r_net_message.html#df91e5099eda975fcc59bd41263c106d" title="Get type." alt="" coords="1500,866,1780,893">
<area shape="rect" href="$class_r_d_k2_1_1_repository_n_s_1_1_session.html#a87a7a54f82f82905791101ed5b5a9c5" title="NOTE: listen implies subscribe." alt="" coords="1521,689,1759,716">
<area shape="rect" href="$class_r_d_k2_1_1_repository_n_s_1_1_remote_property_manager.html#2e7023452810d96d51090e9939099e69" title="RDK2::RepositoryNS::RemotePropertyManager::manageSubscriptionMessage" alt="" coords="1403,562,1877,589">
<area shape="rect" href="$class_r_d_k2_1_1_repository_n_s_1_1_remote_property_manager.html#00a4a691ba221f8e11ad9067f1f9e5ec" title="RDK2::RepositoryNS::RemotePropertyManager::manageUpdateMessage" alt="" coords="1984,309,2427,336">
<area shape="rect" href="$class_r_d_k2_1_1_repository_n_s_1_1_session.html#b17f44642dabf3d7f6c6e8b3c13b2fef" title="RDK2::RepositoryNS::Session::queueFreeze" alt="" coords="1500,208,1780,234">
<area shape="rect" href="$class_r_d_k2_1_1_repository_n_s_1_1_session.html#ca24ba234f34fd352a6ffdcb9fd359c5" title="RDK2::RepositoryNS::Session::queueSetInterests" alt="" coords="1484,309,1796,336">
<area shape="rect" href="$class_r_d_k2_1_1_repository_n_s_1_1_session.html#6d7e023d7373aeb215f56f940abd662a" title="RDK2::RepositoryNS::Session::queueSubscribe" alt="" coords="1491,360,1789,386">
<area shape="rect" href="$class_r_d_k2_1_1_repository_n_s_1_1_session.html#ff0e6aac41828e9b02f695d3ddc691f8" title="RDK2::RepositoryNS::Session::queueUnsubscribe" alt="" coords="1484,410,1796,437">
<area shape="rect" href="$class_r_d_k2_1_1_repository_n_s_1_1_session.html#5d44ffde9de12d82cf3d29510aa707df" title="Start the session." alt="" coords="1524,461,1756,488">
<area shape="rect" href="$class_r_d_k2_1_1_repository_n_s_1_1_session.html#8120725a6ad31cfdc7a5268bb7a30edf" title="End the session not complaining for forgot locks." alt="" coords="1511,816,1769,842">
<area shape="rect" href="$class_r_d_k2_1_1_repository_n_s_1_1_session.html#88b25cf21fcf5296358b18042ee01a95" title="RDK2::RepositoryNS::Session::wait" alt="" coords="1525,512,1755,538">
<area shape="rect" href="$class_r_d_k2_1_1_repository_n_s_1_1_session.html#ff936230f47beed933e20e2d72252a8c" title="RDK2::RepositoryNS::Session::checkStarted" alt="" coords="2643,1044,2925,1070">
<area shape="rect" href="$struct_r_d_k2_1_1_profiling_1_1_profiler.html#c5cccc5904e674ad3a960f2498ae5a6e" title="RDK2::Profiling::Profiler::end" alt="" coords="2112,816,2299,842">
<area shape="rect" href="$class_r_d_k2_1_1_repository_n_s_1_1_session.html#adc1d9bbafc13d203b38a4421dd2c374" title="RDK2::RepositoryNS::Session::getInt" alt="" coords="2085,866,2325,893">
<area shape="rect" href="$class_r_d_k2_1_1_time_1_1_timer_t.html#66ebad88a0e17dc9bea0356afd726052" title="RDK2::Time::TimerT::getSeconds" alt="" coords="2097,917,2313,944">
<area shape="rect" href="$class_r_d_k2_1_1_repository_n_s_1_1_session.html#58b2c798afecaf60ccad6385bf358564" title="RDK2::RepositoryNS::Session::setDouble" alt="" coords="2073,968,2337,994">
<area shape="rect" href="$class_r_d_k2_1_1_repository_n_s_1_1_session.html#088a22f1d5f31b99ff6b8e28218621f3" title="RDK2::RepositoryNS::Session::setInt" alt="" coords="2085,765,2325,792">
<area shape="rect" href="$class_r_d_k2_1_1_repository_n_s_1_1_session.html#e21d09ed10b43b7a43fe9e864e1edc60" title="Unlock the selected property." alt="" coords="2084,1018,2327,1045">
<area shape="rect" href="$class_r_d_k2_1_1_repository_n_s_1_1_remote_subscription_register.html#3fca39285f393ee93949f29fc72bae58" title="RDK2::RepositoryNS::RemoteSubscriptionRegister::addPropertyToSendSubscription" alt="" coords="1951,258,2460,285">
<area shape="rect" href="$struct_r_d_k2_1_1_repository_n_s_1_1_r_remote_subscription.html#bb388203928d88ea06bfa2795b1bd4b1" title="RDK2::RepositoryNS::RRemoteSubscription::clone" alt="" coords="2627,309,2941,336">
<area shape="rect" href="$class_r_d_k2_1_1_repository_n_s_1_1_remote_subscription_register.html#8f2cfdf070e22b8470eb1988d6f8f839" title="RDK2::RepositoryNS::RemoteSubscriptionRegister::completePropertyToReceiveSubscription" alt="" coords="1925,208,2485,234">
<area shape="rect" href="$class_r_d_k2_1_1_repository_n_s_1_1_url.html#7675daf3393f4ad0cb25cddf336ae278" title="Returns the host of the url, if it is complete; otherwise it returns &quot;&quot;..." alt="" coords="2096,461,2315,488">
<area shape="rect" href="$class_r_d_k2_1_1_repository_n_s_1_1_repository.html#f3d72055df827b331f72b311dff615d6" title="RDK2::RepositoryNS::Repository::sendStorageValueToHost" alt="" coords="2021,410,2389,437">
