<area shape="rect" href="$class_r_d_k2_1_1_repository_n_s_1_1_session.html#ff936230f47beed933e20e2d72252a8c" title="RDK2::RepositoryNS::Session::checkStarted" alt="" coords="725,56,1008,82">
<area shape="rect" href="$class_r_d_k2_1_1_repository_n_s_1_1_session.html#5972aa2ebce32134d1917a1beb53ba1b" title="RDK2::RepositoryNS::Session::lockAndGetProperty" alt="" coords="348,410,671,437">
<area shape="rect" href="$class_r_d_k2_1_1_repository_n_s_1_1_property_def.html#dead9a60b89e8102f04fb1fd3fab89dd" title="RDK2::RepositoryNS::PropertyDef::setNotEditable" alt="" coords="353,576,665,602">
<area shape="rect" href="$class_r_d_k2_1_1_repository_n_s_1_1_session.html#30eb88071d9da977c0d8da977e5b5b31" title="RDK2::RepositoryNS::Session::unlockProperty" alt="" coords="363,525,656,552">
<area shape="rect" href="$class_r_d_k2_1_1_repository_n_s_1_1_session.html#21a63108c47a913e2714ce2bb0195788" title="Get absolute url from (possibly relative)." alt="" coords="721,106,1012,133">
<area shape="rect" href="$class_r_d_k2_1_1_repository_n_s_1_1_repository.html#f20366ba2df8ed460a799e44d504b108" title="RDK2::RepositoryNS::Repository::getProperty" alt="" coords="723,360,1011,386">
<area shape="rect" href="$class_r_d_k2_1_1_repository_n_s_1_1_url.html#9e90fb1eb460c600234f029ad7e09fc7" title="Url is complete when it has also the host part (i.e. it begins with &quot;rdk://&quot;)..." alt="" coords="1656,258,1896,285">
<area shape="rect" href="$class_r_d_k2_1_1_repository_n_s_1_1_property.html#cd0dedc2d8e3c138252e4fe33846fbca" title="RDK2::RepositoryNS::Property::isLink" alt="" coords="1069,410,1312,437">
<area shape="rect" href="$class_posix_constructs_1_1_posix_mutex.html#45e42845140324802a68a81ec1d9ee09" title="PosixConstructs::PosixMutex::lock" alt="" coords="1375,410,1601,437">
<area shape="rect" href="$class_posix_constructs_1_1_posix_mutex.html#f735e71d6e450bfc520527f37fab8edc" title="PosixConstructs::PosixMutex::unlock" alt="" coords="1368,613,1608,640">
<area shape="rect" href="$class_r_d_k2_1_1_repository_n_s_1_1_url.html#389d18554fb89eaa2f7e20c60508dc88" title="Url is absolute if it isn&#39;t complete and begins with a &quot;/&quot;." alt="" coords="1073,309,1308,336">
<area shape="rect" href="$struct_r_d_k2_1_1_profiling_1_1_profiler.html#be0897f8b3e71a3ccdc08a48bc5543b4" title="RDK2::Profiling::Profiler::lock" alt="" coords="771,512,963,538">
<area shape="rect" href="$struct_r_d_k2_1_1_profiling_1_1_profiler.html#6f8c98ddc3b3990d573fada126468f1e" title="RDK2::Profiling::Profiler::unlock" alt="" coords="764,562,969,589">
<area shape="rect" href="$class_r_d_k2_1_1_repository_n_s_1_1_url.html#fb560d1f59472ca8e87f7c6e02f8adf5" title="RDK2::RepositoryNS::Url::contextualize" alt="" coords="1065,106,1316,133">
<area shape="rect" href="$namespace_r_d_k2_1_1_geometry.html#ea47a334d11bf8f87fb75375d5d4e915" title="RDK2::Geometry::normalize" alt="" coords="1396,56,1580,82">
<area shape="rect" href="$namespace_r_d_k2_1_1_text_utils.html#7f9bdaf4c45d4a4580c9b70ff006220a" title="RDK2::TextUtils::tokenize" alt="" coords="1403,106,1573,133">
<area shape="rect" href="$class_r_d_k2_1_1_geometry_1_1_d_matrix.html#cf8d5086b9d911e7c5b58eee2c4b115c" title="RDK2::Geometry::DMatrix::columns" alt="" coords="1661,5,1891,32">
<area shape="rect" href="$class_r_d_k2_1_1_geometry_1_1_d_matrix.html#9c47023743136b1ec9c53173f03b8f2f" title="RDK2::Geometry::DMatrix::getElems" alt="" coords="1659,56,1893,82">
<area shape="rect" href="$class_r_d_k2_1_1_geometry_1_1_d_matrix.html#2c1b85126c7683b5960d90209eaf68de" title="RDK2::Geometry::DMatrix::rows" alt="" coords="1672,106,1880,133">
<area shape="rect" href="$class_r_d_k2_1_1_repository_n_s_1_1_url.html#1f0e7e4aa59080900c84f132c1f96c30" title="RDK2::RepositoryNS::Url::getPath" alt="" coords="1081,258,1300,285">
<area shape="rect" href="$class_r_d_k2_1_1_repository_n_s_1_1_url.html#7675daf3393f4ad0cb25cddf336ae278" title="Returns the host of the url, if it is complete; otherwise it returns &quot;&quot;..." alt="" coords="1379,309,1597,336">
<area shape="rect" href="$struct_r_d_k2_1_1_profiling_1_1_profiler.html#bcef23e98625cdf40f37037f34b9ce4c" title="RDK2::Profiling::Profiler::addCustomLine" alt="" coords="1063,512,1319,538">
<area shape="rect" href="$namespace_r_d_k2_1_1_profiling.html#64da315b6415c3b266dd5f9e31146d45" title="RDK2::Profiling::getClock" alt="" coords="1404,461,1572,488">
<area shape="rect" href="$namespace_r_d_k2_1_1_profiling.html#9204d514d89077475e6cf9c6a0acf5c2" title="RDK2::Profiling::getClockBetter" alt="" coords="1387,512,1589,538">
<area shape="rect" href="$namespace_r_d_k2_1_1_profiling.html#9723b083706ab97d14982d3fffb65fb4" title="RDK2::Profiling::getTimestamp" alt="" coords="1388,562,1588,589">
<area shape="rect" href="$cpu__time_8cpp.html#f4d27e0e3aef4c979c556983fdca317c" title="cpu_time" alt="" coords="1739,512,1813,538">
