<area shape="rect" href="$class_r_d_k2_1_1_repository_n_s_1_1_session.html#3039cfa4eec6a51ee5d451d5fd3d052a" title="RDK2::RepositoryNS::Session::getSessionName" alt="" coords="677,6,981,32">
<area shape="rect" href="$struct_r_d_k2_1_1_repository_n_s_1_1_r_remote_subscription.html#a5e17e632b1047b1ed686c19f77d6b4f" title="Returns a string to be used to visualize the object." alt="" coords="1127,132,1556,159">
<area shape="rect" href="$class_r_d_k2_1_1_repository_n_s_1_1_url.html#9e90fb1eb460c600234f029ad7e09fc7" title="Url is complete when it has also the host part (i.e. it begins with &quot;rdk://&quot;)..." alt="" coords="709,107,949,134">
<area shape="rect" href="$class_posix_constructs_1_1_posix_mutex.html#45e42845140324802a68a81ec1d9ee09" title="PosixConstructs::PosixMutex::lock" alt="" coords="716,158,943,184">
<area shape="rect" href="$class_r_d_k2_1_1_repository_n_s_1_1_remote_subscription_register.html#576b56dbf5b8455b7d029cfc86b344ed" title="RDK2::RepositoryNS::RemoteSubscriptionRegister::queryForPropertiesToReceive" alt="" coords="581,208,1077,235">
<area shape="rect" href="$class_posix_constructs_1_1_posix_mutex.html#f735e71d6e450bfc520527f37fab8edc" title="PosixConstructs::PosixMutex::unlock" alt="" coords="709,259,949,286">
<area shape="rect" href="$namespace_network.html#caffb4fb20080680f8a1d5768e423f9d" title="Network::netProtocolToString" alt="" coords="1607,132,1796,159">
