<area shape="rect" href="$class_r_d_k2_1_1_repository_n_s_1_1_remote_property_manager.html#708732aff913de624e12d9dd5aa7c242" title="RDK2::RepositoryNS::RemotePropertyManager::periodicSender" alt="" coords="499,107,888,133">
<area shape="rect" href="$class_r_d_k2_1_1_repository_n_s_1_1_repository.html#b625d4233359a376d5eef03adb1a964f" title="RDK2::RepositoryNS::Repository::createSession" alt="" coords="1031,5,1335,32">
<area shape="rect" href="$class_r_d_k2_1_1_repository_n_s_1_1_remote_subscription_register.html#92b1b9c3b477069170fdb954cb7936f9" title="RDK2::RepositoryNS::RemoteSubscriptionRegister::deleteSubscriptionToSend" alt="" coords="945,56,1420,83">
<area shape="rect" href="$class_r_d_k2_1_1_repository_n_s_1_1_session.html#60218cdaf514d07e8943e641951ffb50" title="RDK2::RepositoryNS::Session::getDouble" alt="" coords="1051,107,1315,133">
<area shape="rect" href="$class_r_d_k2_1_1_repository_n_s_1_1_remote_subscription_register.html#e259756dd8d010d083d35b97d2f25c45" title="Query for reading the register." alt="" coords="1489,157,1967,184">
<area shape="rect" href="$class_r_d_k2_1_1_repository_n_s_1_1_repository.html#8404478a29d5356a07fcafb352bfd63d" title="RDK2::RepositoryNS::Repository::sendStorageValuesToRemoteValueSubscribers" alt="" coords="936,208,1429,235">
<area shape="rect" href="$class_posix_constructs_1_1_posix_mutex.html#45e42845140324802a68a81ec1d9ee09" title="PosixConstructs::PosixMutex::lock" alt="" coords="1615,31,1841,57">
<area shape="rect" href="$class_posix_constructs_1_1_posix_mutex.html#f735e71d6e450bfc520527f37fab8edc" title="PosixConstructs::PosixMutex::unlock" alt="" coords="1608,81,1848,108">
<area shape="rect" href="$class_r_d_k2_1_1_repository_n_s_1_1_remote_subscription_register.html#5c87f6980d7ce1887990e7eca87376ee" title="RDK2::RepositoryNS::RemoteSubscriptionRegister::refreshLastSendingTimestamp" alt="" coords="1477,208,1979,235">
