<area shape="rect" href="$class_r_d_k2_1_1_repository_n_s_1_1_repository.html" title="RDK2::RepositoryNS::Repository" alt="" coords="1473,596,1687,623">
<area shape="rect" href="$class_r_d_k2_1_1_repository_n_s_1_1_udp_manager.html" title="RDK2::RepositoryNS::UdpManager" alt="" coords="2495,195,2719,222">
<area shape="rect" href="$class_r_d_k2_1_1_repository_n_s_1_1_session.html" title="RDK2::RepositoryNS::Session" alt="" coords="1977,1278,2175,1304">
<area shape="rect" href="$class_r_d_k2_1_1_repository_n_s_1_1_remote_property_manager.html" title="RDK2::RepositoryNS::RemotePropertyManager" alt="" coords="2459,463,2755,490">
<area shape="rect" href="$class_r_d_k2_1_1_repository_n_s_1_1_tcp_manager.html" title="RDK2::RepositoryNS::TcpManager" alt="" coords="2496,1278,2717,1304">
<area shape="rect" href="$class_network_1_1_u_d_p_socket.html" title="Network::UDPSocket" alt="" coords="2004,780,2148,807">
<area shape="rect" href="$class_posix_constructs_1_1_posix_mutex.html" title="PosixConstructs::PosixMutex" alt="" coords="529,1296,724,1323">
<area shape="rect" href="$class_network_1_1_t_c_p_server_socket.html" title="Network::TCPServerSocket" alt="" coords="1987,922,2165,948">
<area shape="rect" href="$class_network_1_1_inet_address.html" title="Network::InetAddress" alt="" coords="1507,806,1653,832">
<area shape="rect" href="$class_network_1_1_socket_address.html" title="Network::SocketAddress" alt="" coords="1020,1043,1185,1070">
<area shape="rect" title="STL class." alt="" coords="1063,1118,1143,1144">
<area shape="rect" href="$class_r_d_k2_1_1_repository_n_s_1_1_url.html" title="RDK2::RepositoryNS::Url" alt="" coords="1496,1144,1664,1171">
<area shape="rect" title="STL class." alt="" coords="544,1118,709,1144">
<area shape="rect" href="$classdouble.html" title="double" alt="" coords="1073,1786,1132,1812">
<area shape="rect" href="$class_r_d_k2_1_1_time_1_1_timer_r.html" title="This measures the real time." alt="" coords="1509,1347,1651,1374">
<area shape="rect" href="$struct_r_d_k2_1_1_time_1_1_timestamp.html" title="RDK2::Time::Timestamp" alt="" coords="1020,1347,1185,1374">
<area shape="rect" href="$class_r_d_k2_1_1_time_1_1_timer_t.html" title="This measures the thread time." alt="" coords="1509,1398,1651,1424">
<area shape="rect" href="$classbool.html" title="bool" alt="" coords="271,776,316,803">
<area shape="rect" href="$struct_posix_constructs_1_1_stack.html" title="PosixConstructs::Stack" alt="" coords="213,1328,373,1355">
<area shape="rect" title="STL class." alt="" coords="1045,1715,1160,1742">
<area shape="rect" href="$struct_posix_queues_1_1_my_interests.html" title="PosixQueues::MyInterests\&lt; RDK2::Object \&gt;" alt="" coords="1936,1896,2216,1923">
<area shape="rect" href="$struct_posix_queues_1_1_my_interests.html" title="PosixQueues::MyInterests\&lt; X \&gt;" alt="" coords="1476,1918,1684,1944">
<area shape="rect" title="STL class." alt="" coords="1053,1664,1152,1691">
