<area shape="rect" href="$class_r_d_k2_1_1_object.html" title="La nuova e purificata RDK2::Object." alt="" coords="372,386,473,412">
<area shape="rect" href="$struct_r_d_k2_1_1_unit_test_1_1_serialization_1_1_array_float32.html" title="RDK2::UnitTest::Serialization::ArrayFloat32" alt="" coords="287,436,559,463">
<area shape="rect" href="$struct_r_d_k2_1_1_unit_test_1_1_serialization_1_1_array_int32.html" title="RDK2::UnitTest::Serialization::ArrayInt32" alt="" coords="293,487,552,514">
<area shape="rect" href="$struct_r_d_k2_1_1_unit_test_1_1_serialization_1_1_array_int8.html" title="RDK2::UnitTest::Serialization::ArrayInt8" alt="" coords="297,538,548,564">
<area shape="rect" href="$struct_r_d_k2_1_1_unit_test_1_1_serialization_1_1_array_uint8.html" title="RDK2::UnitTest::Serialization::ArrayUint8" alt="" coords="293,588,552,615">
<area shape="rect" href="$struct_r_d_k2_1_1_unit_test_1_1_serialization_1_1_complex1.html" title="RDK2::UnitTest::Serialization::Complex1" alt="" coords="295,639,551,666">
<area shape="rect" href="$struct_r_d_k2_1_1_unit_test_1_1_serialization_1_1_complex2.html" title="RDK2::UnitTest::Serialization::Complex2" alt="" coords="295,690,551,716">
<area shape="rect" href="$struct_r_d_k2_1_1_unit_test_1_1_serialization_1_1_complex3.html" title="RDK2::UnitTest::Serialization::Complex3" alt="" coords="295,740,551,767">
<area shape="rect" href="$struct_r_d_k2_1_1_unit_test_1_1_serialization_1_1_complex4.html" title="RDK2::UnitTest::Serialization::Complex4" alt="" coords="295,791,551,818">
<area shape="rect" href="$struct_r_d_k2_1_1_unit_test_1_1_serialization_1_1_complex5.html" title="RDK2::UnitTest::Serialization::Complex5" alt="" coords="295,842,551,868">
<area shape="rect" href="$struct_r_d_k2_1_1_unit_test_1_1_serialization_1_1_complex6.html" title="RDK2::UnitTest::Serialization::Complex6" alt="" coords="295,892,551,919">
<area shape="rect" href="$struct_r_d_k2_1_1_unit_test_1_1_serialization_1_1_complex7.html" title="RDK2::UnitTest::Serialization::Complex7" alt="" coords="295,943,551,970">
<area shape="rect" href="$struct_r_d_k2_1_1_unit_test_1_1_serialization_1_1_data1.html" title="RDK2::UnitTest::Serialization::Data1" alt="" coords="307,994,539,1020">
<area shape="rect" href="$struct_r_d_k2_1_1_unit_test_1_1_serialization_1_1_empty_array.html" title="RDK2::UnitTest::Serialization::EmptyArray" alt="" coords="289,1044,556,1071">
<area shape="rect" href="$struct_r_d_k2_1_1_unit_test_1_1_serialization_1_1_empty_class.html" title="RDK2::UnitTest::Serialization::EmptyClass" alt="" coords="288,1095,557,1122">
<area shape="rect" href="$struct_r_d_k2_1_1_unit_test_1_1_serialization_1_1_empty_version.html" title="RDK2::UnitTest::Serialization::EmptyVersion" alt="" coords="283,1146,563,1172">
<area shape="rect" href="$struct_r_d_k2_1_1_unit_test_1_1_serialization_1_1_error_incomplete_read.html" title="RDK2::UnitTest::Serialization::ErrorIncompleteRead" alt="" coords="263,1196,583,1223">
<area shape="rect" href="$struct_r_d_k2_1_1_unit_test_1_1_serialization_1_1_error_no_done_reading.html" title="RDK2::UnitTest::Serialization::ErrorNoDoneReading" alt="" coords="263,1247,583,1274">
<area shape="rect" href="$struct_r_d_k2_1_1_unit_test_1_1_serialization_1_1_error_no_done_writing.html" title="RDK2::UnitTest::Serialization::ErrorNoDoneWriting" alt="" coords="267,1298,579,1324">
<area shape="rect" href="$struct_r_d_k2_1_1_unit_test_1_1_serialization_1_1_error_no_start_reading.html" title="RDK2::UnitTest::Serialization::ErrorNoStartReading" alt="" coords="264,1348,581,1375">
<area shape="rect" href="$struct_r_d_k2_1_1_unit_test_1_1_serialization_1_1_error_no_start_writing.html" title="RDK2::UnitTest::Serialization::ErrorNoStartWriting" alt="" coords="268,1399,577,1426">
<area shape="rect" href="$struct_r_d_k2_1_1_unit_test_1_1_serialization_1_1_error_too_much_read.html" title="RDK2::UnitTest::Serialization::ErrorTooMuchRead" alt="" coords="268,1450,577,1476">
<area shape="rect" href="$struct_r_d_k2_1_1_unit_test_1_1_serialization_1_1_error_wrong_class.html" title="RDK2::UnitTest::Serialization::ErrorWrongClass" alt="" coords="275,1500,571,1527">
<area shape="rect" href="$struct_r_d_k2_1_1_unit_test_1_1_serialization_1_1_error_wrong_member_class.html" title="RDK2::UnitTest::Serialization::ErrorWrongMemberClass" alt="" coords="251,1551,595,1578">
<area shape="rect" href="$struct_r_d_k2_1_1_unit_test_1_1_serialization_1_1_error_wrong_name1.html" title="RDK2::UnitTest::Serialization::ErrorWrongName1" alt="" coords="271,1602,575,1628">
<area shape="rect" href="$struct_r_d_k2_1_1_unit_test_1_1_serialization_1_1_error_wrong_type1.html" title="RDK2::UnitTest::Serialization::ErrorWrongType1" alt="" coords="273,1652,572,1679">
<area shape="rect" href="$struct_r_d_k2_1_1_unit_test_1_1_serialization_1_1_int_wrapper.html" title="RDK2::UnitTest::Serialization::IntWrapper" alt="" coords="292,1703,553,1730">
<area shape="rect" href="$struct_r_d_k2_1_1_unit_test_1_1_serialization_1_1_string1.html" title="RDK2::UnitTest::Serialization::String1" alt="" coords="303,1754,543,1780">
<area shape="rect" href="$struct_r_d_k2_1_1_unit_test_1_1_serialization_1_1_string_and_data1.html" title="RDK2::UnitTest::Serialization::StringAndData1" alt="" coords="279,1804,567,1831">
<area shape="rect" href="$struct_r_d_k2_1_1_unit_test_1_1_serialization_1_1_version_test.html" title="RDK2::UnitTest::Serialization::VersionTest" alt="" coords="291,1855,555,1882">
<area shape="rect" href="$struct_r_d_k2_1_1_meta_1_1_object_diff.html" title="RDK2::Meta::ObjectDiff" alt="" coords="703,310,860,336">
<area shape="rect" href="$class_r_d_k2_1_1_r_agent_1_1_module_config.html" title="RDK2::RAgent::ModuleConfig" alt="" coords="685,360,877,387">
<area shape="rect" href="$struct_r_d_k2_1_1_r_agent_1_1_pair.html" title="RDK2::RAgent::Pair" alt="" coords="713,411,849,438">
<area shape="rect" href="$struct_r_d_k2_1_1_r_agent_1_1_r_agent_config.html" title="RDK2::RAgent::RAgentConfig" alt="" coords="684,462,879,488">
<area shape="rect" href="$struct_r_d_k2_1_1_repository_n_s_1_1_r_object_pipe_queue.html" title="RDK2::RepositoryNS::RObjectPipeQueue" alt="" coords="651,512,912,539">
<area shape="rect" href="$struct_r_d_k2_1_1_repository_n_s_1_1_r_property_def.html" title="RDK2::RepositoryNS::RPropertyDef" alt="" coords="667,563,896,590">
<area shape="rect" href="$struct_r_d_k2_1_1_repository_n_s_1_1_r_property_update.html" title="RDK2::RepositoryNS::RPropertyUpdate" alt="" coords="656,614,907,640">
<area shape="rect" href="$struct_r_d_k2_1_1_repository_n_s_1_1_r_remote_subscription.html" title="RDK2::RepositoryNS::RRemoteSubscription" alt="" coords="643,664,920,691">
<area shape="rect" href="$struct_r_d_k2_1_1_r_geometry_1_1_r_point2d.html" title="RDK2::RGeometry::RPoint2d" alt="" coords="687,715,876,742">
<area shape="rect" href="$struct_r_d_k2_1_1_r_geometry_1_1_r_point2i.html" title="RDK2::RGeometry::RPoint2i" alt="" coords="688,766,875,792">
