<area shape="rect" href="$class_r_d_k2_1_1_repository_n_s_1_1_remote_subscription_register.html#533bd779e196cc744ff9f27ebab2e63b" title="RDK2::RepositoryNS::RemoteSubscriptionRegister::deleteAllSubscriptionsOfSession" alt="" coords="315,110,829,137">
<area shape="rect" href="$class_posix_constructs_1_1_posix_mutex.html#45e42845140324802a68a81ec1d9ee09" title="PosixConstructs::PosixMutex::lock" alt="" coords="891,60,1117,86">
<area shape="rect" href="$class_posix_constructs_1_1_posix_mutex.html#f735e71d6e450bfc520527f37fab8edc" title="PosixConstructs::PosixMutex::unlock" alt="" coords="884,110,1124,137">
<area shape="rect" href="$class_r_d_k2_1_1_repository_n_s_1_1_repository.html#71398ec712d827f610e7779377f5e766" title="RDK2::RepositoryNS::Repository::deleteProperty" alt="" coords="420,60,724,86">
<area shape="rect" href="$class_r_d_k2_1_1_repository_n_s_1_1_session.html#21a63108c47a913e2714ce2bb0195788" title="Get absolute url from (possibly relative)." alt="" coords="427,212,717,238">
<area shape="rect" href="$class_r_d_k2_1_1_repository_n_s_1_1_url.html#fb560d1f59472ca8e87f7c6e02f8adf5" title="RDK2::RepositoryNS::Url::contextualize" alt="" coords="879,212,1129,238">
<area shape="rect" href="$namespace_r_d_k2_1_1_geometry.html#ea47a334d11bf8f87fb75375d5d4e915" title="RDK2::Geometry::normalize" alt="" coords="1179,186,1363,213">
<area shape="rect" href="$namespace_r_d_k2_1_1_text_utils.html#7f9bdaf4c45d4a4580c9b70ff006220a" title="RDK2::TextUtils::tokenize" alt="" coords="1185,237,1356,264">
<area shape="rect" href="$class_r_d_k2_1_1_geometry_1_1_d_matrix.html#cf8d5086b9d911e7c5b58eee2c4b115c" title="RDK2::Geometry::DMatrix::columns" alt="" coords="1415,136,1644,162">
<area shape="rect" href="$class_r_d_k2_1_1_geometry_1_1_d_matrix.html#9c47023743136b1ec9c53173f03b8f2f" title="RDK2::Geometry::DMatrix::getElems" alt="" coords="1412,186,1647,213">
<area shape="rect" href="$class_r_d_k2_1_1_geometry_1_1_d_matrix.html#2c1b85126c7683b5960d90209eaf68de" title="RDK2::Geometry::DMatrix::rows" alt="" coords="1425,237,1633,264">
