<area shape="rect" href="$class_r_d_k2_1_1_repository_n_s_1_1_udp_manager.html" title="RDK2::RepositoryNS::UdpManager" alt="" coords="2073,958,2297,984">
<area shape="rect" href="$class_r_d_k2_1_1_repository_n_s_1_1_session.html" title="RDK2::RepositoryNS::Session" alt="" coords="1537,840,1735,867">
<area shape="rect" href="$class_r_d_k2_1_1_repository_n_s_1_1_remote_subscription_register.html" title="RDK2::RepositoryNS::RemoteSubscriptionRegister" alt="" coords="1479,1974,1793,2000">
<area shape="rect" href="$class_r_d_k2_1_1_repository_n_s_1_1_remote_property_manager.html" title="RDK2::RepositoryNS::RemotePropertyManager" alt="" coords="2037,840,2333,867">
<area shape="rect" href="$class_r_d_k2_1_1_repository_n_s_1_1_tcp_manager.html" title="RDK2::RepositoryNS::TcpManager" alt="" coords="2075,1530,2296,1556">
<area shape="rect" href="$class_network_1_1_u_d_p_socket.html" title="Network::UDPSocket" alt="" coords="1564,1651,1708,1678">
<area shape="rect" href="$class_posix_constructs_1_1_posix_mutex.html" title="PosixConstructs::PosixMutex" alt="" coords="495,1710,689,1736">
<area shape="rect" href="$class_network_1_1_t_c_p_server_socket.html" title="Network::TCPServerSocket" alt="" coords="1547,1530,1725,1556">
<area shape="rect" href="$class_network_1_1_inet_address.html" title="Network::InetAddress" alt="" coords="1009,1719,1156,1746">
<area shape="rect" href="$class_network_1_1_socket_address.html" title="Network::SocketAddress" alt="" coords="509,1986,675,2012">
<area shape="rect" title="STL class." alt="" coords="552,1442,632,1468">
<area shape="rect" href="$class_r_d_k2_1_1_repository_n_s_1_1_url.html" title="RDK2::RepositoryNS::Url" alt="" coords="999,1372,1167,1399">
<area shape="rect" title="STL class." alt="" coords="215,1442,380,1468">
<area shape="rect" href="$classdouble.html" title="double" alt="" coords="563,358,621,384">
<area shape="rect" href="$class_r_d_k2_1_1_time_1_1_timer_r.html" title="This measures the real time." alt="" coords="1012,198,1153,224">
<area shape="rect" href="$struct_r_d_k2_1_1_time_1_1_timestamp.html" title="RDK2::Time::Timestamp" alt="" coords="509,187,675,214">
<area shape="rect" href="$class_r_d_k2_1_1_time_1_1_timer_t.html" title="This measures the thread time." alt="" coords="1012,248,1153,275">
<area shape="rect" href="$classbool.html" title="bool" alt="" coords="275,586,320,612">
<area shape="rect" href="$struct_posix_constructs_1_1_stack.html" title="PosixConstructs::Stack" alt="" coords="217,1710,377,1736">
<area shape="rect" title="STL class." alt="" coords="535,288,649,315">
<area shape="rect" href="$struct_posix_queues_1_1_my_interests.html" title="PosixQueues::MyInterests\&lt; RDK2::Object \&gt;" alt="" coords="1496,1848,1776,1875">
<area shape="rect" href="$struct_posix_queues_1_1_my_interests.html" title="PosixQueues::MyInterests\&lt; X \&gt;" alt="" coords="979,1834,1187,1860">
<area shape="rect" title="STL class." alt="" coords="543,2191,641,2218">
