<area shape="rect" href="$class_r_d_k2_1_1_object.html#7892a606b34d60877cac570b1634a626" title="RDK2::Object::clone" alt="" coords="519,107,657,134">
<area shape="rect" href="$class_r_d_k2_1_1_repository_n_s_1_1_property.html#c5b04454f082e73889fe123081671ef8" title="RDK2::RepositoryNS::Property::getObjectClassName" alt="" coords="423,158,753,184">
<area shape="rect" href="$struct_r_d_k2_1_1_demangle_1_1_reflective.html#9277d1d6deb515a6cf603fd39caf08a8" title="RDK2::Demangle::Reflective::getClassName" alt="" coords="803,107,1083,134">
<area shape="rect" href="$namespace_r_d_k2_1_1_demangle.html#7271ff5f9d920962422e67f63941e1d7" title="RDK2::Demangle::demangle" alt="" coords="1132,107,1316,134">
<area shape="rect" href="$namespace_r_d_k2_1_1_demangle.html#3b6ace6c9a840f7b51ecf66316288b77" title="RDK2::Demangle::deleteNamespaces" alt="" coords="1365,82,1605,108">
<area shape="rect" href="$namespace_r_d_k2_1_1_demangle.html#41de781c3ef20c38d0c14456e62948fb" title="RDK2::Demangle::rdemangle" alt="" coords="1391,132,1580,159">
<area shape="rect" href="$namespace_r_d_k2_1_1_demangle.html#8c0c7c9ce4814fbb1211ff3062318dd2" title="RDK2::Demangle::try_type" alt="" coords="1653,132,1829,159">
<area shape="rect" href="$namespace_r_d_k2_1_1_demangle.html#1c106ed97b848640e31942ab6d072c41" title="RDK2::Demangle::native_type" alt="" coords="1889,6,2084,32">
<area shape="rect" href="$namespace_r_d_k2_1_1_demangle.html#7096de8a7c46985a70bfccb0a972d6be" title="RDK2::Demangle::pointer" alt="" coords="1903,56,2071,83">
<area shape="rect" href="$namespace_r_d_k2_1_1_demangle.html#03e2733aa0b1679dbb067e00b8d762cd" title="RDK2::Demangle::qualified_class" alt="" coords="1879,107,2095,134">
<area shape="rect" href="$namespace_r_d_k2_1_1_demangle.html#ae0712d935474246b50d911fada13230" title="RDK2::Demangle::reference" alt="" coords="1895,158,2079,184">
<area shape="rect" href="$namespace_r_d_k2_1_1_demangle.html#49a854f4a3d0e04c97304667cc66b8a1" title="RDK2::Demangle::simple_class" alt="" coords="1884,208,2089,235">
<area shape="rect" href="$namespace_r_d_k2_1_1_demangle.html#8a9767825f195a1be60a0e440a17122d" title="RDK2::Demangle::template_class" alt="" coords="1879,259,2095,286">
