<area shape="rect" href="$rint_8h.html" title="rdkcore/rprimitive/rint.h" alt="" coords="753,80,908,107">
<area shape="rect" href="$rdouble_8h.html" title="rdkcore/rprimitive/rdouble.h" alt="" coords="932,80,1111,107">
<area shape="rect" href="$rstring_8h.html" title="rdkcore/rprimitive/rstring.h" alt="" coords="436,155,607,181">
<area shape="rect" href="$objectdiff_8h.html" title="rdkcore/object/objectdiff.h" alt="" coords="631,155,801,181">
<area shape="rect" href="$rprimitive_8h.html" title="rprimitive.h" alt="" coords="901,155,987,181">
<area shape="rect" href="$object_8h.html" title="rdkcore/object/object.h" alt="" coords="601,229,753,256">
<area shape="rect" href="$rprimitive_8hpp.html" title="rprimitive.hpp" alt="" coords="895,229,993,256">
<area shape="rect" href="$demangle_8h.html" title="rdkcore/demangle/demangle.h" alt="" coords="144,304,339,331">
<area shape="rect" href="$read_8h.html" title="rdkcore/serialization/read.h" alt="" coords="589,304,765,331">
<area shape="rect" href="$write_8h.html" title="rdkcore/serialization/write.h" alt="" coords="789,304,968,331">
<area shape="rect" href="$time_8h.html" title="rdkcore/time/time.h" alt="" coords="363,304,496,331">
<area shape="rect" href="$serialization_2utils_8h.html" title="utils.h" alt="" coords="619,379,675,405">
<area shape="rect" href="$serialization_2exceptions_8h.html" title="exceptions.h" alt="" coords="889,379,985,405">
<area shape="rect" href="$textutils_8h.html" title="rdkcore/textutils/textutils.h" alt="" coords="757,453,933,480">
