<area shape="rect" href="$textutils_8h.html" title="rdkcore/textutils/textutils.h" alt="" coords="661,528,837,554">
<area shape="rect" href="$dmatrix_8h.html" title="dmatrix.h" alt="" coords="461,453,536,480">
<area shape="rect" href="$geometry_2utils_8h.html" title="utils.h" alt="" coords="1276,602,1332,629">
<area shape="rect" href="$point_8h.html" title="point.h" alt="" coords="1113,304,1172,330">
<area shape="rect" href="$segment_8h.html" title="segment.h" alt="" coords="1023,154,1105,181">
<area shape="rect" href="$geometryfunctions_8h.html" title="geometryfunctions.h" alt="" coords="1180,80,1319,106">
<area shape="rect" href="$point2_8h.html" title="point2.h" alt="" coords="1120,528,1187,554">
<area shape="rect" href="$dmatrix__imp_8hpp.html" title="dmatrix_imp.hpp" alt="" coords="368,528,485,554">
<area shape="rect" href="$dmatrix__numeric_8hpp.html" title="dmatrix_numeric.hpp" alt="" coords="5,528,147,554">
<area shape="rect" href="$point2o_8h.html" title="point2o.h" alt="" coords="1267,453,1341,480">
<area shape="rect" href="$point3_8h.html" title="point3.h" alt="" coords="1075,378,1141,405">
<area shape="rect" href="$point3o_8h.html" title="point3o.h" alt="" coords="1317,378,1392,405">
<area shape="rect" href="$angle_8h.html" title="angle.h" alt="" coords="1379,528,1443,554">
<area shape="rect" href="$segment2_8h.html" title="segment2.h" alt="" coords="905,229,993,256">
