<area shape="rect" href="$pipequeue_8h.html" title="pipequeue.h" alt="" coords="2948,80,3039,106">
<area shape="rect" href="$rdkcore_8h.html" title="rdkcore.h" alt="" coords="663,602,737,629">
<area shape="rect" href="$queueinterface_8h.html" title="queueinterface.h" alt="" coords="3385,304,3503,330">
<area shape="rect" href="$tcpmanager_8h.html" title="tcpmanager.h" alt="" coords="3491,229,3589,256">
<area shape="rect" href="$rnetmessage__interests_8h.html" title="rnetmessage_interests.h" alt="" coords="3823,80,3985,106">
<area shape="rect" href="$unittest__overflow_8cpp.html" title="unittest_overflow.cpp" alt="" coords="3096,154,3240,181">
<area shape="rect" href="$unittest__overflow2_8cpp.html" title="unittest_overflow2.cpp" alt="" coords="3264,154,3416,181">
<area shape="rect" href="$unittest__overflow3_8cpp.html" title="unittest_overflow3.cpp" alt="" coords="2156,154,2308,181">
<area shape="rect" href="$unittest__pipequeue_8cpp.html" title="unittest_pipequeue.cpp" alt="" coords="2332,154,2487,181">
<area shape="rect" href="$unittest__pipequeue__size_8cpp.html" title="unittest_pipequeue_size.cpp" alt="" coords="2835,154,3021,181">
<area shape="rect" href="$robjectqueue_8h.html" title="robjectqueue.h" alt="" coords="2511,154,2617,181">
<area shape="rect" href="$session_8h.html" title="This file contains the Session class and some useful macros." alt="" coords="1643,304,1720,330">
<area shape="rect" href="$property_8h.html" title="property.h" alt="" coords="760,229,837,256">
<area shape="rect" href="$module_8h.html" title="This file contains the Module class and other very important stuff." alt="" coords="4059,528,4133,554">
<area shape="rect" href="$modulemanager_8h.html" title="modulemanager.h" alt="" coords="2485,453,2608,480">
<area shape="rect" href="$repository_8h.html" title="repository.h" alt="" coords="2012,378,2100,405">
<area shape="rect" href="$remotesubscriptionregister_8cpp.html" title="remotesubscriptionregister.cpp" alt="" coords="1248,453,1445,480">
<area shape="rect" href="$session_8cpp.html" title="session.cpp" alt="" coords="600,453,691,480">
<area shape="rect" href="$session__diffs_8cpp.html" title="session_diffs.cpp" alt="" coords="1469,453,1592,480">
<area shape="rect" href="$session__events_8cpp.html" title="session_events.cpp" alt="" coords="1616,453,1752,480">
<area shape="rect" href="$session__network_8cpp.html" title="session_network.cpp" alt="" coords="1080,453,1224,480">
<area shape="rect" href="$session__queue_8cpp.html" title="session_queue.cpp" alt="" coords="1776,453,1909,480">
<area shape="rect" href="$session__utils_8cpp.html" title="session_utils.cpp" alt="" coords="3253,453,3376,480">
<area shape="rect" href="$session__get__set__create_8cpp.html" title="session_get_set_create.cpp" alt="" coords="1384,378,1568,405">
<area shape="rect" href="$robotmodule_8h.html" title="robotmodule.h" alt="" coords="963,378,1067,405">
<area shape="rect" href="$module_8cpp.html" title="module.cpp" alt="" coords="4117,602,4205,629">
<area shape="rect" href="$modulemanager_8cpp.html" title="modulemanager.cpp" alt="" coords="3957,602,4093,629">
<area shape="rect" href="$module1_8cpp.html" title="module1.cpp" alt="" coords="4260,677,4356,704">
<area shape="rect" href="$module1_8h.html" title="module1.h" alt="" coords="4229,602,4309,629">
<area shape="rect" href="$test__modules_8cpp.html" title="test_modules.cpp" alt="" coords="4005,677,4128,704">
<area shape="rect" href="$remotepropertymanager_8cpp.html" title="remotepropertymanager.cpp" alt="" coords="2923,453,3104,480">
<area shape="rect" href="$repository_8cpp.html" title="repository.cpp" alt="" coords="3128,453,3229,480">
<area shape="rect" href="$repository__queue_8cpp.html" title="repository_queue.cpp" alt="" coords="1984,453,2128,480">
<area shape="rect" href="$repository__remote_8cpp.html" title="repository_remote.cpp" alt="" coords="765,453,915,480">
<area shape="rect" href="$repository__storage_8cpp.html" title="repository_storage.cpp" alt="" coords="2152,453,2304,480">
<area shape="rect" href="$repository__utils_8cpp.html" title="repository_utils.cpp" alt="" coords="2328,453,2461,480">
<area shape="rect" href="$session_interface_8h.html" title="sessionInterface.h" alt="" coords="2632,453,2760,480">
<area shape="rect" href="$tcpmanager_8cpp.html" title="tcpmanager.cpp" alt="" coords="3619,453,3731,480">
<area shape="rect" href="$tcpmanager__peermanager_8cpp.html" title="tcpmanager_peermanager.cpp" alt="" coords="3400,453,3595,480">
<area shape="rect" href="$udpmanager_8cpp.html" title="udpmanager.cpp" alt="" coords="2784,453,2899,480">
<area shape="rect" href="$robotmodule_8cpp.html" title="robotmodule.cpp" alt="" coords="939,453,1056,480">
<area shape="rect" href="$moduleconfig_8h.html" title="moduleconfig.h" alt="" coords="243,304,352,330">
<area shape="rect" href="$property_8cpp.html" title="property.cpp" alt="" coords="633,304,724,330">
<area shape="rect" href="$rpropertydef_8h.html" title="rpropertydef.h" alt="" coords="748,304,849,330">
<area shape="rect" href="$moduleconfig_8cpp.html" title="moduleconfig.cpp" alt="" coords="373,378,496,405">
<area shape="rect" href="$ragentconfig_8h.html" title="ragentconfig.h" alt="" coords="245,378,349,405">
<area shape="rect" href="$ragentconfig_8cpp.html" title="ragentconfig.cpp" alt="" coords="216,453,333,480">
<area shape="rect" href="$rpropertydef_8cpp.html" title="rpropertydef.cpp" alt="" coords="520,378,635,405">
<area shape="rect" href="$rpropertydefvector_8h.html" title="rpropertydefvector.h" alt="" coords="499,528,635,554">
