<area shape="rect" href="$robotmodels_8h.html" title="rdkcore/geometry/robotmodels.h" alt="" coords="617,304,825,331">
<area shape="rect" href="$point_8h.html" title="point.h" alt="" coords="399,379,457,405">
<area shape="rect" href="$laserdata_8h.html" title="laserdata.h" alt="" coords="1076,80,1161,107">
<area shape="rect" href="$dmatrix_8h.html" title="dmatrix.h" alt="" coords="904,379,979,405">
<area shape="rect" href="$textutils_8h.html" title="rdkcore/textutils/textutils.h" alt="" coords="1076,453,1252,480">
<area shape="rect" href="$geometry_2utils_8h.html" title="utils.h" alt="" coords="239,677,295,704">
<area shape="rect" href="$point2_8h.html" title="point2.h" alt="" coords="227,603,293,629">
<area shape="rect" href="$dmatrix__imp_8hpp.html" title="dmatrix_imp.hpp" alt="" coords="769,453,887,480">
<area shape="rect" href="$dmatrix__numeric_8hpp.html" title="dmatrix_numeric.hpp" alt="" coords="911,453,1052,480">
<area shape="rect" href="$point2o_8h.html" title="point2o.h" alt="" coords="93,528,168,555">
<area shape="rect" href="$point3_8h.html" title="point3.h" alt="" coords="192,528,259,555">
<area shape="rect" href="$point3o_8h.html" title="point3o.h" alt="" coords="63,453,137,480">
<area shape="rect" href="$angle_8h.html" title="angle.h" alt="" coords="84,603,148,629">
<area shape="rect" href="$otherpoints_8h.html" title="rdkcore/geometry/otherpoints.h" alt="" coords="913,229,1113,256">
<area shape="rect" href="$sensordata_8h.html" title="sensordata.h" alt="" coords="1593,304,1689,331">
<area shape="rect" href="$laserparser_8h.html" title="laserparser.h" alt="" coords="1323,155,1419,181">
<area shape="rect" href="$viewport_8h.html" title="rdkcore/geometry/viewport.h" alt="" coords="849,304,1033,331">
<area shape="rect" href="$viewport_8hpp.html" title="viewport.hpp" alt="" coords="787,379,880,405">
<area shape="rect" href="$time_8h.html" title="rdkcore/time/time.h" alt="" coords="1575,379,1708,405">
<area shape="rect" href="$logreader_8h.html" title="logreader.h" alt="" coords="1395,229,1477,256">
<area shape="rect" href="$linestream_8h.html" title="rdkcore/textutils/linestream.h" alt="" coords="1209,379,1399,405">
