<area shape="rect" href="$rdkcore_8h.html" title="rdkcore.h" alt="" coords="5,229,80,256">
<area shape="rect" href="$laserdata_8h.html" title="laserdata.h" alt="" coords="313,80,399,106">
<area shape="rect" href="$laserparser_8cpp.html" title="laserparser.cpp" alt="" coords="665,154,775,181">
<area shape="rect" href="$logreader_8cpp.html" title="logreader.cpp" alt="" coords="473,80,572,106">
<area shape="rect" href="$rlaserdata_8h.html" title="rlaserdata.h" alt="" coords="124,154,212,181">
<area shape="rect" href="$laserdata_8cpp.html" title="laserdata.cpp" alt="" coords="236,154,335,181">
<area shape="rect" href="$laserdata__fisher_8cpp.html" title="laserdata_fisher.cpp" alt="" coords="359,154,495,181">
<area shape="rect" href="$laserdatatracker_8h.html" title="laserdatatracker.h" alt="" coords="519,154,641,181">
<area shape="rect" href="$logtagtoobject_8cpp.html" title="logtagtoobject.cpp" alt="" coords="104,229,232,256">
<area shape="rect" href="$rlaserdata_8cpp.html" title="rlaserdata.cpp" alt="" coords="256,229,360,256">
<area shape="rect" href="$laserdatatracker_8cpp.html" title="laserdatatracker.cpp" alt="" coords="511,229,649,256">
