<area shape="rect" href="$laserdatatracker_8h.html" title="laserdatatracker.h" alt="" coords="328,80,451,107">
<area shape="rect" href="$point2_8h.html" title="rdkcore/geometry/point2.h" alt="" coords="1236,678,1407,704">
<area shape="rect" href="$laserdata_8h.html" title="rdkcore/sensordata/laserdata.h" alt="" coords="644,155,844,182">
<area shape="rect" href="$point_8h.html" title="rdkcore/geometry/point.h" alt="" coords="1120,454,1285,480">
<area shape="rect" href="$otherpoints_8h.html" title="rdkcore/geometry/otherpoints.h" alt="" coords="387,304,587,331">
<area shape="rect" href="$dmatrix_8h.html" title="dmatrix.h" alt="" coords="607,454,681,480">
<area shape="rect" href="$sensordata_8h.html" title="sensordata.h" alt="" coords="1360,379,1456,406">
<area shape="rect" href="$laserparser_8h.html" title="laserparser.h" alt="" coords="797,230,893,256">
<area shape="rect" href="$textutils_8h.html" title="rdkcore/textutils/textutils.h" alt="" coords="833,528,1009,555">
<area shape="rect" href="$point2o_8h.html" title="point2o.h" alt="" coords="1359,603,1433,630">
<area shape="rect" href="$point3_8h.html" title="point3.h" alt="" coords="1252,603,1319,630">
<area shape="rect" href="$point3o_8h.html" title="point3o.h" alt="" coords="1433,528,1508,555">
<area shape="rect" href="$angle_8h.html" title="angle.h" alt="" coords="1435,678,1499,704">
<area shape="rect" href="$geometry_2utils_8h.html" title="utils.h" alt="" coords="1359,752,1415,779">
<area shape="rect" href="$viewport_8h.html" title="rdkcore/geometry/viewport.h" alt="" coords="375,379,559,406">
<area shape="rect" href="$viewport_8hpp.html" title="viewport.hpp" alt="" coords="197,454,291,480">
<area shape="rect" href="$dmatrix__imp_8hpp.html" title="dmatrix_imp.hpp" alt="" coords="324,528,441,555">
<area shape="rect" href="$dmatrix__numeric_8hpp.html" title="dmatrix_numeric.hpp" alt="" coords="465,528,607,555">
<area shape="rect" href="$time_8h.html" title="rdkcore/time/time.h" alt="" coords="1633,454,1767,480">
<area shape="rect" href="$logreader_8h.html" title="logreader.h" alt="" coords="920,304,1003,331">
<area shape="rect" href="$linestream_8h.html" title="rdkcore/textutils/linestream.h" alt="" coords="907,454,1096,480">
