<area shape="rect" href="$logging_8h.html" title="rdkcore/logging/logging.h" alt="" coords="1272,677,1437,704">
<area shape="rect" href="$filesystem_8h.html" title="Some common functions for manipulating files and filenames." alt="" coords="829,603,1032,629">
<area shape="rect" href="$textutils_8h.html" title="rdkcore/textutils/textutils.h" alt="" coords="1021,677,1197,704">
<area shape="rect" href="$xmlreader_8h.html" title="rdkcore/serialization_xml/xmlreader.h" alt="" coords="85,453,320,480">
<area shape="rect" href="$binaryreader_8h.html" title="rdkcore/serialization_binary/binaryreader.h" alt="" coords="344,453,608,480">
<area shape="rect" href="$moduleconfig_8h.html" title="moduleconfig.h" alt="" coords="1435,80,1544,107">
<area shape="rect" href="$read_8h.html" title="rdkcore/serialization/read.h" alt="" coords="725,528,901,555">
<area shape="rect" href="$serialization_2utils_8h.html" title="utils.h" alt="" coords="1683,603,1739,629">
<area shape="rect" href="$serialization_2exceptions_8h.html" title="exceptions.h" alt="" coords="709,603,805,629">
<area shape="rect" href="$rpoint2i_8h.html" title="rdkcore/rgeometry/rpoint2i.h" alt="" coords="2336,379,2520,405">
<area shape="rect" href="$property_8h.html" title="rdkcore/repository_struct/property.h" alt="" coords="1016,229,1243,256">
<area shape="rect" href="$pair_8h.html" title="pair.h" alt="" coords="1623,155,1673,181">
<area shape="rect" href="$object_8h.html" title="rdkcore/object/object.h" alt="" coords="1555,453,1707,480">
<area shape="rect" href="$point_8h.html" title="rdkcore/geometry/point.h" alt="" coords="2380,453,2545,480">
<area shape="rect" href="$demangle_8h.html" title="rdkcore/demangle/demangle.h" alt="" coords="1915,677,2109,704">
<area shape="rect" href="$write_8h.html" title="rdkcore/serialization/write.h" alt="" coords="1712,528,1891,555">
<area shape="rect" href="$time_8h.html" title="rdkcore/time/time.h" alt="" coords="1555,528,1688,555">
<area shape="rect" href="$point2_8h.html" title="point2.h" alt="" coords="2496,677,2563,704">
<area shape="rect" href="$point2o_8h.html" title="point2o.h" alt="" coords="2397,603,2472,629">
<area shape="rect" href="$point3_8h.html" title="point3.h" alt="" coords="2496,603,2563,629">
<area shape="rect" href="$point3o_8h.html" title="point3o.h" alt="" coords="2387,528,2461,555">
<area shape="rect" href="$posixmutex_8h.html" title="rdkcore/posixconstructs/posixmutex.h" alt="" coords="925,528,1168,555">
<area shape="rect" href="$rdouble_8h.html" title="rdkcore/rprimitive/rdouble.h" alt="" coords="1495,304,1673,331">
<area shape="rect" href="$robjectqueue_8h.html" title="rdkcore/repository_struct/robjectqueue.h" alt="" coords="1005,379,1259,405">
<area shape="rect" href="$url_8h.html" title="url.h" alt="" coords="656,528,701,555">
<area shape="rect" href="$property_8hpp.html" title="property.hpp" alt="" coords="1067,304,1157,331">
<area shape="rect" href="$stack_8h.html" title="stack.h" alt="" coords="1155,603,1219,629">
<area shape="rect" href="$rprimitive_8h.html" title="rprimitive.h" alt="" coords="1564,379,1649,405">
<area shape="rect" href="$pipequeue_8h.html" title="rdkcore/posixqueues/pipequeue.h" alt="" coords="1024,453,1240,480">
<area shape="rect" href="$repository__struct_2exceptions_8h.html" title="exceptions.h" alt="" coords="539,603,635,629">
<area shape="rect" href="$container_8h.html" title="rdkcore/container/container.h" alt="" coords="1681,229,1868,256">
<area shape="rect" href="$rint_8h.html" title="rdkcore/rprimitive/rint.h" alt="" coords="1697,304,1852,331">
<area shape="rect" href="$rstring_8h.html" title="rdkcore/rprimitive/rstring.h" alt="" coords="1927,379,2097,405">
