<area shape="rect" href="$nettypes_8cpp.html" title="nettypes.cpp" alt="" coords="1764,80,1860,107">
<area shape="rect" href="$tcpmanager_8h.html" title="tcpmanager.h" alt="" coords="1072,155,1171,182">
<area shape="rect" href="$rnetmessage_8h.html" title="rnetmessage.h" alt="" coords="2711,80,2817,107">
<area shape="rect" href="$rdkcore_8h.html" title="rdkcore.h" alt="" coords="2335,528,2409,555">
<area shape="rect" href="$session_8h.html" title="This file contains the Session class and some useful macros." alt="" coords="1680,230,1757,256">
<area shape="rect" href="$repository_8h.html" title="repository.h" alt="" coords="2229,304,2317,331">
<area shape="rect" href="$tcpmanager_8cpp.html" title="tcpmanager.cpp" alt="" coords="415,379,527,406">
<area shape="rect" href="$tcpmanager__peermanager_8cpp.html" title="tcpmanager_peermanager.cpp" alt="" coords="145,379,340,406">
<area shape="rect" href="$module_8h.html" title="This file contains the Module class and other very important stuff." alt="" coords="348,454,423,480">
<area shape="rect" href="$modulemanager_8h.html" title="modulemanager.h" alt="" coords="695,379,817,406">
<area shape="rect" href="$remotesubscriptionregister_8cpp.html" title="remotesubscriptionregister.cpp" alt="" coords="3025,379,3223,406">
<area shape="rect" href="$session_8cpp.html" title="session.cpp" alt="" coords="1391,379,1481,406">
<area shape="rect" href="$session__diffs_8cpp.html" title="session_diffs.cpp" alt="" coords="1748,379,1871,406">
<area shape="rect" href="$session__events_8cpp.html" title="session_events.cpp" alt="" coords="1895,379,2031,406">
<area shape="rect" href="$session__network_8cpp.html" title="session_network.cpp" alt="" coords="1097,379,1241,406">
<area shape="rect" href="$session__queue_8cpp.html" title="session_queue.cpp" alt="" coords="2055,379,2188,406">
<area shape="rect" href="$session__utils_8cpp.html" title="session_utils.cpp" alt="" coords="2212,379,2335,406">
<area shape="rect" href="$session__get__set__create_8cpp.html" title="session_get_set_create.cpp" alt="" coords="1627,304,1811,331">
<area shape="rect" href="$robotmodule_8h.html" title="robotmodule.h" alt="" coords="1448,304,1552,331">
<area shape="rect" href="$module_8cpp.html" title="module.cpp" alt="" coords="221,528,309,555">
<area shape="rect" href="$modulemanager_8cpp.html" title="modulemanager.cpp" alt="" coords="488,528,624,555">
<area shape="rect" href="$module1_8cpp.html" title="module1.cpp" alt="" coords="337,603,433,630">
<area shape="rect" href="$module1_8h.html" title="module1.h" alt="" coords="384,528,464,555">
<area shape="rect" href="$test__modules_8cpp.html" title="test_modules.cpp" alt="" coords="552,603,675,630">
<area shape="rect" href="$remotepropertymanager_8cpp.html" title="remotepropertymanager.cpp" alt="" coords="892,379,1073,406">
<area shape="rect" href="$repository_8cpp.html" title="repository.cpp" alt="" coords="1265,379,1367,406">
<area shape="rect" href="$repository__queue_8cpp.html" title="repository_queue.cpp" alt="" coords="2719,379,2863,406">
<area shape="rect" href="$repository__remote_8cpp.html" title="repository_remote.cpp" alt="" coords="3625,379,3775,406">
<area shape="rect" href="$repository__storage_8cpp.html" title="repository_storage.cpp" alt="" coords="3247,379,3399,406">
<area shape="rect" href="$repository__utils_8cpp.html" title="repository_utils.cpp" alt="" coords="2409,379,2543,406">
<area shape="rect" href="$session_interface_8h.html" title="sessionInterface.h" alt="" coords="2567,379,2695,406">
<area shape="rect" href="$udpmanager_8cpp.html" title="udpmanager.cpp" alt="" coords="2887,379,3001,406">
<area shape="rect" href="$robotmodule_8cpp.html" title="robotmodule.cpp" alt="" coords="1607,379,1724,406">
<area shape="rect" href="$udpmanager_8h.html" title="udpmanager.h" alt="" coords="2713,230,2815,256">
<area shape="rect" href="$remotepropertymanager_8h.html" title="remotepropertymanager.h" alt="" coords="2889,230,3057,256">
<area shape="rect" href="$rremotesubscription_8h.html" title="rremotesubscription.h" alt="" coords="3100,155,3247,182">
<area shape="rect" href="$rnetmessage_8cpp.html" title="rnetmessage.cpp" alt="" coords="2468,155,2588,182">
<area shape="rect" href="$rnetmessage__interests_8h.html" title="rnetmessage_interests.h" alt="" coords="3849,454,4012,480">
<area shape="rect" href="$ryellowpages_8h.html" title="ryellowpages.h" alt="" coords="1021,304,1128,331">
<area shape="rect" href="$remotesubscriptionregister_8h.html" title="remotesubscriptionregister.h" alt="" coords="3081,230,3265,256">
<area shape="rect" href="$rremotesubscription_8cpp.html" title="rremotesubscription.cpp" alt="" coords="3289,230,3449,256">
<area shape="rect" href="$ryellowpages_8cpp.html" title="ryellowpages.cpp" alt="" coords="551,379,671,406">
