<area shape="rect" href="$rdkcore_8h.html" title="rdkcore.h" alt="" coords="5,155,80,182">
<area shape="rect" href="$binaryreader__bytes_8cpp.html" title="binaryreader_bytes.cpp" alt="" coords="657,80,812,107">
<area shape="rect" href="$binaryreader__packets_8cpp.html" title="binaryreader_packets.cpp" alt="" coords="836,80,1007,107">
<area shape="rect" href="$binaryreader__recursion_8cpp.html" title="binaryreader_recursion.cpp" alt="" coords="1031,80,1207,107">
<area shape="rect" href="$binarywriter_8h.html" title="binarywriter.h" alt="" coords="537,80,633,107">
<area shape="rect" href="$binarywriter_8cpp.html" title="binarywriter.cpp" alt="" coords="104,155,216,182">
<area shape="rect" href="$packets_8cpp.html" title="packets.cpp" alt="" coords="1231,80,1321,107">
<area shape="rect" href="$tcpmanager__peermanager_8cpp.html" title="tcpmanager_peermanager.cpp" alt="" coords="685,155,880,182">
<area shape="rect" href="$udpmanager_8cpp.html" title="udpmanager.cpp" alt="" coords="904,155,1019,182">
<area shape="rect" href="$binarywriter__recursion_8cpp.html" title="binarywriter_recursion.cpp" alt="" coords="1043,155,1213,182">
<area shape="rect" href="$unittest__reflection_8cpp.html" title="unittest_reflection.cpp" alt="" coords="1237,155,1387,182">
<area shape="rect" href="$test__binary_8cpp.html" title="test_binary.cpp" alt="" coords="1411,155,1520,182">
<area shape="rect" href="$unittest__1bin_8cpp.html" title="unittest_1bin.cpp" alt="" coords="1544,155,1664,182">
<area shape="rect" href="$unittest__2_8cpp.html" title="unittest_2.cpp" alt="" coords="240,155,344,182">
<area shape="rect" href="$unittest__bad_8cpp.html" title="unittest_bad.cpp" alt="" coords="368,155,485,182">
<area shape="rect" href="$unittest__testcases_8cpp.html" title="unittest_testcases.cpp" alt="" coords="509,155,661,182">
