<area shape="rect" href="$dmatrix_8h.html" title="dmatrix.h" alt="" coords="721,154,796,181">
<area shape="rect" href="$rdkcore_8h.html" title="rdkcore.h" alt="" coords="1927,453,2001,480">
<area shape="rect" href="$dmatrix__point_8h.html" title="dmatrix_point.h" alt="" coords="43,229,152,256">
<area shape="rect" href="$laserdatatracker_8h.html" title="laserdatatracker.h" alt="" coords="87,453,209,480">
<area shape="rect" href="$point_8h.html" title="point.h" alt="" coords="2040,154,2099,181">
<area shape="rect" href="$point2o_8h.html" title="point2o.h" alt="" coords="2032,80,2107,106">
<area shape="rect" href="$point3_8h.html" title="point3.h" alt="" coords="1156,80,1223,106">
<area shape="rect" href="$dmatrix__algebra_8h.html" title="dmatrix_algebra.h" alt="" coords="563,229,685,256">
<area shape="rect" href="$dmatrix__pgm_8h.html" title="dmatrix_pgm.h" alt="" coords="315,304,421,330">
<area shape="rect" href="$dsp_8h.html" title="dsp.h" alt="" coords="328,229,381,256">
<area shape="rect" href="$geometryfunctions_8cpp.html" title="geometryfunctions.cpp" alt="" coords="3721,453,3873,480">
<area shape="rect" href="$output_8h.html" title="output.h" alt="" coords="1309,378,1376,405">
<area shape="rect" href="$pgmfile_8h.html" title="pgmfile.h" alt="" coords="800,304,875,330">
<area shape="rect" href="$posenormaldist_8h.html" title="posenormaldist.h" alt="" coords="853,229,973,256">
<area shape="rect" href="$robotmodels_8h.html" title="robotmodels.h" alt="" coords="997,229,1101,256">
<area shape="rect" href="$geometry_2utils_8cpp.html" title="Miscellaneous utility functions." alt="" coords="760,229,829,256">
<area shape="rect" href="$viewport_8h.html" title="viewport.h" alt="" coords="1227,229,1307,256">
<area shape="rect" href="$laserdata_8h.html" title="laserdata.h" alt="" coords="235,378,320,405">
<area shape="rect" href="$rmapimage_8h.html" title="rmapimage.h" alt="" coords="1101,304,1197,330">
<area shape="rect" href="$logreader_8h.html" title="logreader.h" alt="" coords="456,229,539,256">
<area shape="rect" href="$otherpoints_8h.html" title="otherpoints.h" alt="" coords="1373,304,1469,330">
<area shape="rect" href="$reference_8h.html" title="reference.h" alt="" coords="1733,378,1819,405">
<area shape="rect" href="$rmapimagediffpoints_8h.html" title="rmapimagediffpoints.h" alt="" coords="1460,378,1607,405">
<area shape="rect" href="$segment2_8h.html" title="segment2.h" alt="" coords="3469,229,3557,256">
<area shape="rect" href="$segment_8h.html" title="segment.h" alt="" coords="3571,304,3653,330">
<area shape="rect" href="$geometryfunctions_8h.html" title="geometryfunctions.h" alt="" coords="3649,378,3788,405">
<area shape="rect" href="$walk__circle_8h.html" title="walk_circle.h" alt="" coords="2715,378,2811,405">
<area shape="rect" href="$walk__line_8h.html" title="walk_line.h" alt="" coords="3196,229,3281,256">
<area shape="rect" href="$walk__quad_8cpp.html" title="walk_quad.cpp" alt="" coords="3301,378,3408,405">
<area shape="rect" href="$walk__quad_8h.html" title="walk_quad.h" alt="" coords="3301,304,3395,330">
<area shape="rect" href="$rpoint2d_8h.html" title="rpoint2d.h" alt="" coords="2819,229,2896,256">
<area shape="rect" href="$rpoint2dvector_8h.html" title="rpoint2dvector.h" alt="" coords="2869,304,2981,330">
<area shape="rect" href="$rpoint2odvector_8h.html" title="rpoint2odvector.h" alt="" coords="3005,304,3125,330">
<area shape="rect" href="$rpoint2od_8h.html" title="rpoint2od.h" alt="" coords="3023,229,3108,256">
<area shape="rect" href="$rpoint2i_8h.html" title="rpoint2i.h" alt="" coords="1685,229,1760,256">
<area shape="rect" href="$rpoint2ivector_8h.html" title="rpoint2ivector.h" alt="" coords="1741,304,1851,330">
<area shape="rect" href="$rpoint3d_8h.html" title="rpoint3d.h" alt="" coords="1201,378,1279,405">
<area shape="rect" href="$rpoint3od_8h.html" title="rpoint3od.h" alt="" coords="1987,229,2072,256">
<area shape="rect" href="$rimagediffpoints_8h.html" title="rimagediffpoints.h" alt="" coords="1544,304,1667,330">
<area shape="rect" href="$rimagediffjpegpacket_8h.html" title="rimagediffjpegpacket.h" alt="" coords="2147,229,2299,256">
<area shape="rect" href="$rimagepointc8_8h.html" title="rimagepointc8.h" alt="" coords="1843,378,1955,405">
<area shape="rect" href="$rposevector_8h.html" title="rposevector.h" alt="" coords="1979,378,2077,405">
<area shape="rect" href="$rfidtagonmap_8h.html" title="rfidtagonmap.h" alt="" coords="2027,304,2133,330">
<area shape="rect" href="$rfrontier_8h.html" title="rfrontier.h" alt="" coords="2152,378,2227,405">
<area shape="rect" href="$rhbdscanresult_8h.html" title="rhbdscanresult.h" alt="" coords="2208,304,2325,330">
<area shape="rect" href="$rline2donmap_8h.html" title="rline2donmap.h" alt="" coords="2301,378,2411,405">
<area shape="rect" href="$rpathanswer_8h.html" title="rpathanswer.h" alt="" coords="2400,304,2501,330">
<area shape="rect" href="$rpathrequest_8h.html" title="rpathrequest.h" alt="" coords="2485,378,2589,405">
<area shape="rect" href="$rpoint2donmap_8h.html" title="rpoint2donmap.h" alt="" coords="2576,304,2693,330">
