<area shape="rect" href="$point_8h.html" title="point.h" alt="" coords="1979,80,2037,107">
<area shape="rect" href="$dmatrix__algebra_8h.html" title="dmatrix_algebra.h" alt="" coords="3276,304,3399,331">
<area shape="rect" href="$rdkcore_8h.html" title="rdkcore.h" alt="" coords="1633,379,1708,406">
<area shape="rect" href="$geometryfunctions_8cpp.html" title="geometryfunctions.cpp" alt="" coords="15,379,167,406">
<area shape="rect" href="$segment2_8h.html" title="segment2.h" alt="" coords="588,155,676,182">
<area shape="rect" href="$segment_8h.html" title="segment.h" alt="" coords="249,230,332,256">
<area shape="rect" href="$geometryfunctions_8h.html" title="geometryfunctions.h" alt="" coords="21,304,160,331">
<area shape="rect" href="$otherpoints_8h.html" title="otherpoints.h" alt="" coords="508,230,604,256">
<area shape="rect" href="$output_8h.html" title="output.h" alt="" coords="336,304,403,331">
<area shape="rect" href="$reference_8h.html" title="reference.h" alt="" coords="427,304,512,331">
<area shape="rect" href="$posenormaldist_8h.html" title="posenormaldist.h" alt="" coords="105,230,225,256">
<area shape="rect" href="$robotmodels_8h.html" title="robotmodels.h" alt="" coords="536,304,640,331">
<area shape="rect" href="$geometry_2utils_8cpp.html" title="Miscellaneous utility functions." alt="" coords="3327,155,3396,182">
<area shape="rect" href="$viewport_8h.html" title="viewport.h" alt="" coords="700,155,780,182">
<area shape="rect" href="$rmapimage_8h.html" title="rmapimage.h" alt="" coords="729,230,825,256">
<area shape="rect" href="$rmapimagediffpoints_8h.html" title="rmapimagediffpoints.h" alt="" coords="883,304,1029,331">
<area shape="rect" href="$walk__circle_8h.html" title="walk_circle.h" alt="" coords="1047,230,1143,256">
<area shape="rect" href="$walk__line_8h.html" title="walk_line.h" alt="" coords="1269,155,1355,182">
<area shape="rect" href="$walk__quad_8cpp.html" title="walk_quad.cpp" alt="" coords="1237,304,1344,331">
<area shape="rect" href="$walk__quad_8h.html" title="walk_quad.h" alt="" coords="1167,230,1260,256">
<area shape="rect" href="$rpoint2d_8h.html" title="rpoint2d.h" alt="" coords="1471,155,1548,182">
<area shape="rect" href="$rpoint2dvector_8h.html" title="rpoint2dvector.h" alt="" coords="1487,230,1599,256">
<area shape="rect" href="$rvictimonmap_8h.html" title="rvictimonmap.h" alt="" coords="1524,304,1633,331">
<area shape="rect" href="$rpoint2odvector_8h.html" title="rpoint2odvector.h" alt="" coords="1708,304,1828,331">
<area shape="rect" href="$rpoint2od_8h.html" title="rpoint2od.h" alt="" coords="1673,230,1759,256">
<area shape="rect" href="$rpoint2i_8h.html" title="rpoint2i.h" alt="" coords="2545,155,2620,182">
<area shape="rect" href="$rpoint2ivector_8h.html" title="rpoint2ivector.h" alt="" coords="2620,230,2729,256">
<area shape="rect" href="$rpoint3d_8h.html" title="rpoint3d.h" alt="" coords="1852,304,1929,331">
<area shape="rect" href="$rpoint3od_8h.html" title="rpoint3od.h" alt="" coords="3420,155,3505,182">
<area shape="rect" href="$rimagediffpoints_8h.html" title="rimagediffpoints.h" alt="" coords="900,230,1023,256">
<area shape="rect" href="$rimagediffjpegpacket_8h.html" title="rimagediffjpegpacket.h" alt="" coords="3529,155,3681,182">
<area shape="rect" href="$rimagepointc8_8h.html" title="rimagepointc8.h" alt="" coords="1884,230,1996,256">
<area shape="rect" href="$rposevector_8h.html" title="rposevector.h" alt="" coords="2004,304,2103,331">
<area shape="rect" href="$rfidtagonmap_8h.html" title="rfidtagonmap.h" alt="" coords="2071,230,2177,256">
<area shape="rect" href="$rfrontier_8h.html" title="rfrontier.h" alt="" coords="2177,304,2252,331">
<area shape="rect" href="$rhbdscanresult_8h.html" title="rhbdscanresult.h" alt="" coords="2252,230,2369,256">
<area shape="rect" href="$rline2donmap_8h.html" title="rline2donmap.h" alt="" coords="2335,304,2444,331">
<area shape="rect" href="$rpathanswer_8h.html" title="rpathanswer.h" alt="" coords="2444,230,2545,256">
<area shape="rect" href="$rpathrequest_8h.html" title="rpathrequest.h" alt="" coords="2624,304,2728,331">
<area shape="rect" href="$rpoint2donmap_8h.html" title="rpoint2donmap.h" alt="" coords="2804,230,2921,256">
<area shape="rect" href="$rpotentialvictimonmap_8h.html" title="rpotentialvictimonmap.h" alt="" coords="2841,304,3001,331">
<area shape="rect" href="$rtopologicalfrontier_8h.html" title="This file defines the class RTopologicalFrontier." alt="" coords="3705,155,3841,182">
<area shape="rect" href="$rjoystickstatus_8h.html" title="rjoystickstatus.h" alt="" coords="3865,155,3983,182">
<area shape="rect" href="$rstereoimageheightsdata_8h.html" title="rstereoimageheightsdata.h" alt="" coords="4007,155,4180,182">
<area shape="rect" href="$rtemperaturedata_8h.html" title="rtemperaturedata.h" alt="" coords="4204,155,4335,182">
<area shape="rect" href="$rusarinudata_8h.html" title="rusarinudata.h" alt="" coords="2996,230,3100,256">
<area shape="rect" href="$rusarrfiddata_8h.html" title="rusarrfiddata.h" alt="" coords="2935,155,3039,182">
<area shape="rect" href="$rusarvictimdata_8h.html" title="rusarvictimdata.h" alt="" coords="4359,155,4479,182">
<area shape="rect" href="$rusarvictimrfiddata_8h.html" title="rusarvictimrfiddata.h" alt="" coords="3063,155,3201,182">
