<area shape="rect" href="$moduleconfig_8h.html" title="moduleconfig.h" alt="" coords="200,80,309,106">
<area shape="rect" href="$rdkcore_8h.html" title="rdkcore.h" alt="" coords="497,378,572,405">
<area shape="rect" href="$repository_8h.html" title="repository.h" alt="" coords="1929,154,2017,181">
<area shape="rect" href="$session_8h.html" title="This file contains the Session class and some useful macros." alt="" coords="1101,80,1179,106">
<area shape="rect" href="$property_8cpp.html" title="property.cpp" alt="" coords="3353,80,3444,106">
<area shape="rect" href="$rpropertydef_8h.html" title="rpropertydef.h" alt="" coords="3228,80,3329,106">
<area shape="rect" href="$moduleconfig_8cpp.html" title="moduleconfig.cpp" alt="" coords="5,154,128,181">
<area shape="rect" href="$ragentconfig_8h.html" title="ragentconfig.h" alt="" coords="203,154,307,181">
<area shape="rect" href="$ragentconfig_8cpp.html" title="ragentconfig.cpp" alt="" coords="49,229,167,256">
<area shape="rect" href="$modulemanager_8h.html" title="modulemanager.h" alt="" coords="191,229,313,256">
<area shape="rect" href="$module_8h.html" title="This file contains the Module class and other very important stuff." alt="" coords="219,304,293,330">
<area shape="rect" href="$modulemanager_8cpp.html" title="modulemanager.cpp" alt="" coords="61,378,197,405">
<area shape="rect" href="$test__modules_8cpp.html" title="test_modules.cpp" alt="" coords="107,453,229,480">
<area shape="rect" href="$module_8cpp.html" title="module.cpp" alt="" coords="325,378,413,405">
<area shape="rect" href="$module1_8cpp.html" title="module1.cpp" alt="" coords="305,453,401,480">
<area shape="rect" href="$module1_8h.html" title="module1.h" alt="" coords="221,378,301,405">
<area shape="rect" href="$remotepropertymanager_8cpp.html" title="remotepropertymanager.cpp" alt="" coords="2876,229,3057,256">
<area shape="rect" href="$remotesubscriptionregister_8cpp.html" title="remotesubscriptionregister.cpp" alt="" coords="847,229,1044,256">
<area shape="rect" href="$repository_8cpp.html" title="repository.cpp" alt="" coords="3081,229,3183,256">
<area shape="rect" href="$repository__queue_8cpp.html" title="repository_queue.cpp" alt="" coords="1729,229,1873,256">
<area shape="rect" href="$repository__remote_8cpp.html" title="repository_remote.cpp" alt="" coords="3375,229,3524,256">
<area shape="rect" href="$repository__storage_8cpp.html" title="repository_storage.cpp" alt="" coords="1897,229,2049,256">
<area shape="rect" href="$repository__utils_8cpp.html" title="repository_utils.cpp" alt="" coords="2073,229,2207,256">
<area shape="rect" href="$session_8cpp.html" title="session.cpp" alt="" coords="591,229,681,256">
<area shape="rect" href="$session__diffs_8cpp.html" title="session_diffs.cpp" alt="" coords="1068,229,1191,256">
<area shape="rect" href="$session__events_8cpp.html" title="session_events.cpp" alt="" coords="1215,229,1351,256">
<area shape="rect" href="$session__network_8cpp.html" title="session_network.cpp" alt="" coords="3207,229,3351,256">
<area shape="rect" href="$session__queue_8cpp.html" title="session_queue.cpp" alt="" coords="1375,229,1508,256">
<area shape="rect" href="$session__utils_8cpp.html" title="session_utils.cpp" alt="" coords="1532,229,1655,256">
<area shape="rect" href="$session_interface_8h.html" title="sessionInterface.h" alt="" coords="2231,229,2359,256">
<area shape="rect" href="$tcpmanager_8cpp.html" title="tcpmanager.cpp" alt="" coords="2383,229,2495,256">
<area shape="rect" href="$tcpmanager__peermanager_8cpp.html" title="tcpmanager_peermanager.cpp" alt="" coords="2519,229,2713,256">
<area shape="rect" href="$udpmanager_8cpp.html" title="udpmanager.cpp" alt="" coords="2737,229,2852,256">
<area shape="rect" href="$robotmodule_8cpp.html" title="robotmodule.cpp" alt="" coords="705,229,823,256">
<area shape="rect" href="$session__get__set__create_8cpp.html" title="session_get_set_create.cpp" alt="" coords="983,154,1167,181">
<area shape="rect" href="$robotmodule_8h.html" title="robotmodule.h" alt="" coords="648,154,752,181">
<area shape="rect" href="$rpropertydef_8cpp.html" title="rpropertydef.cpp" alt="" coords="3704,154,3819,181">
<area shape="rect" href="$rpropertydefvector_8h.html" title="rpropertydefvector.h" alt="" coords="3544,154,3680,181">
<area shape="rect" href="$rpropertydefvector_8cpp.html" title="rpropertydefvector.cpp" alt="" coords="3649,229,3799,256">
