<area shape="rect" href="$rdkcore_8h.html" title="rdkcore.h" alt="" coords="1763,378,1837,405">
<area shape="rect" href="$session_8h.html" title="This file contains the Session class and some useful macros." alt="" coords="2889,80,2967,106">
<area shape="rect" href="$rbool_8cpp.html" title="rbool.cpp" alt="" coords="3141,80,3216,106">
<area shape="rect" href="$rjoystickstatus_8h.html" title="rjoystickstatus.h" alt="" coords="3543,80,3660,106">
<area shape="rect" href="$unittest__2_8cpp.html" title="unittest_2.cpp" alt="" coords="3684,80,3788,106">
<area shape="rect" href="$module_8h.html" title="This file contains the Module class and other very important stuff." alt="" coords="3589,304,3664,330">
<area shape="rect" href="$modulemanager_8h.html" title="modulemanager.h" alt="" coords="3467,229,3589,256">
<area shape="rect" href="$repository_8h.html" title="repository.h" alt="" coords="2151,154,2239,181">
<area shape="rect" href="$remotesubscriptionregister_8cpp.html" title="remotesubscriptionregister.cpp" alt="" coords="408,229,605,256">
<area shape="rect" href="$session_8cpp.html" title="session.cpp" alt="" coords="680,229,771,256">
<area shape="rect" href="$session__diffs_8cpp.html" title="session_diffs.cpp" alt="" coords="2688,229,2811,256">
<area shape="rect" href="$session__events_8cpp.html" title="session_events.cpp" alt="" coords="2835,229,2971,256">
<area shape="rect" href="$session__network_8cpp.html" title="session_network.cpp" alt="" coords="2995,229,3139,256">
<area shape="rect" href="$session__queue_8cpp.html" title="session_queue.cpp" alt="" coords="3163,229,3296,256">
<area shape="rect" href="$session__utils_8cpp.html" title="session_utils.cpp" alt="" coords="3320,229,3443,256">
<area shape="rect" href="$session__get__set__create_8cpp.html" title="session_get_set_create.cpp" alt="" coords="3041,154,3225,181">
<area shape="rect" href="$robotmodule_8h.html" title="robotmodule.h" alt="" coords="792,154,896,181">
<area shape="rect" href="$module_8cpp.html" title="module.cpp" alt="" coords="3592,378,3680,405">
<area shape="rect" href="$modulemanager_8cpp.html" title="modulemanager.cpp" alt="" coords="3432,378,3568,405">
<area shape="rect" href="$module1_8cpp.html" title="module1.cpp" alt="" coords="3735,453,3831,480">
<area shape="rect" href="$module1_8h.html" title="module1.h" alt="" coords="3704,378,3784,405">
<area shape="rect" href="$test__modules_8cpp.html" title="test_modules.cpp" alt="" coords="3480,453,3603,480">
<area shape="rect" href="$remotepropertymanager_8cpp.html" title="remotepropertymanager.cpp" alt="" coords="1125,229,1307,256">
<area shape="rect" href="$repository_8cpp.html" title="repository.cpp" alt="" coords="1331,229,1432,256">
<area shape="rect" href="$repository__queue_8cpp.html" title="repository_queue.cpp" alt="" coords="1456,229,1600,256">
<area shape="rect" href="$repository__remote_8cpp.html" title="repository_remote.cpp" alt="" coords="1624,229,1773,256">
<area shape="rect" href="$repository__storage_8cpp.html" title="repository_storage.cpp" alt="" coords="1797,229,1949,256">
<area shape="rect" href="$repository__utils_8cpp.html" title="repository_utils.cpp" alt="" coords="1973,229,2107,256">
<area shape="rect" href="$session_interface_8h.html" title="sessionInterface.h" alt="" coords="2131,229,2259,256">
<area shape="rect" href="$tcpmanager_8cpp.html" title="tcpmanager.cpp" alt="" coords="2283,229,2395,256">
<area shape="rect" href="$tcpmanager__peermanager_8cpp.html" title="tcpmanager_peermanager.cpp" alt="" coords="2419,229,2613,256">
<area shape="rect" href="$udpmanager_8cpp.html" title="udpmanager.cpp" alt="" coords="987,229,1101,256">
<area shape="rect" href="$robotmodule_8cpp.html" title="robotmodule.cpp" alt="" coords="795,229,912,256">
<area shape="rect" href="$logtagtoobject_8cpp.html" title="logtagtoobject.cpp" alt="" coords="3664,154,3792,181">
<area shape="rect" href="$rjoystickstatus_8cpp.html" title="rjoystickstatus.cpp" alt="" coords="3816,154,3947,181">
