<area shape="rect" href="$rprimitive_8h.html" title="rprimitive.h" alt="" coords="505,80,591,106">
<area shape="rect" href="$object_8h.html" title="rdkcore/object/object.h" alt="" coords="472,154,624,181">
<area shape="rect" href="$rprimitive_8hpp.html" title="rprimitive.hpp" alt="" coords="648,154,747,181">
<area shape="rect" href="$demangle_8h.html" title="rdkcore/demangle/demangle.h" alt="" coords="240,229,435,256">
<area shape="rect" href="$read_8h.html" title="rdkcore/serialization/read.h" alt="" coords="661,229,837,256">
<area shape="rect" href="$write_8h.html" title="rdkcore/serialization/write.h" alt="" coords="459,229,637,256">
<area shape="rect" href="$time_8h.html" title="rdkcore/time/time.h" alt="" coords="861,229,995,256">
<area shape="rect" href="$serialization_2utils_8h.html" title="utils.h" alt="" coords="520,304,576,330">
<area shape="rect" href="$serialization_2exceptions_8h.html" title="exceptions.h" alt="" coords="647,304,743,330">
<area shape="rect" href="$textutils_8h.html" title="rdkcore/textutils/textutils.h" alt="" coords="104,378,280,405">
