<area shape="rect" href="$objectmanager_8h.html" title="rdkcore/object/objectmanager.h" alt="" coords="323,155,525,181">
<area shape="rect" href="$rnetmessage_8h.html" title="rdkcore/rnetobjects/rnetmessage.h" alt="" coords="2728,304,2949,331">
<area shape="rect" href="$ryellowpages_8h.html" title="rdkcore/rnetobjects/ryellowpages.h" alt="" coords="3317,229,3539,256">
<area shape="rect" href="$rpropertyupdate_8h.html" title="rdkcore/repository_struct/rpropertyupdate.h" alt="" coords="2555,229,2824,256">
<area shape="rect" href="$rremotesubscription_8h.html" title="rdkcore/repository_struct/rremotesubscription.h" alt="" coords="2187,229,2480,256">
<area shape="rect" href="$objectdiff_8h.html" title="rdkcore/object/objectdiff.h" alt="" coords="515,80,685,107">
<area shape="rect" href="$threads_8h.html" title="rdkcore/common/threads.h" alt="" coords="3328,304,3504,331">
<area shape="rect" href="$logging_8h.html" title="rdkcore/logging/logging.h" alt="" coords="373,453,539,480">
<area shape="rect" href="$repository_8h.html" title="repository.h" alt="" coords="1675,80,1763,107">
<area shape="rect" href="$object_8h.html" title="object.h" alt="" coords="1781,379,1848,405">
<area shape="rect" href="$demangle_8h.html" title="rdkcore/demangle/demangle.h" alt="" coords="1445,453,1640,480">
<area shape="rect" href="$read_8h.html" title="rdkcore/serialization/read.h" alt="" coords="1928,453,2104,480">
<area shape="rect" href="$write_8h.html" title="rdkcore/serialization/write.h" alt="" coords="1725,453,1904,480">
<area shape="rect" href="$time_8h.html" title="rdkcore/time/time.h" alt="" coords="2128,453,2261,480">
<area shape="rect" href="$nettypes_8h.html" title="rdkcore/network/nettypes.h" alt="" coords="2564,379,2743,405">
<area shape="rect" href="$socketaddress_8h.html" title="rdkcore/network/socketaddress.h" alt="" coords="1152,304,1365,331">
<area shape="rect" href="$netexception_8h.html" title="rdkcore/network/netexception.h" alt="" coords="1073,379,1276,405">
<area shape="rect" href="$url_8h.html" title="url.h" alt="" coords="2504,304,2549,331">
<area shape="rect" href="$repository__struct_2exceptions_8h.html" title="exceptions.h" alt="" coords="2393,379,2489,405">
<area shape="rect" href="$posixsem_8h.html" title="rdkcore/posixconstructs/posixsem.h" alt="" coords="668,229,900,256">
<area shape="rect" href="$posixmutex_8h.html" title="rdkcore/posixconstructs/posixmutex.h" alt="" coords="2085,304,2328,331">
<area shape="rect" href="$textutils_8h.html" title="rdkcore/textutils/textutils.h" alt="" coords="563,453,739,480">
<area shape="rect" href="$queueinterface_8h.html" title="rdkcore/posixqueues/queueinterface.h" alt="" coords="651,155,891,181">
<area shape="rect" href="$property_8h.html" title="rdkcore/repository_struct/property.h" alt="" coords="1459,229,1685,256">
<area shape="rect" href="$rpropertydef_8h.html" title="rdkcore/repository_struct/rpropertydef.h" alt="" coords="1781,155,2029,181">
<area shape="rect" href="$session_8h.html" title="This file contains the Session class and some useful macros." alt="" coords="1236,155,1313,181">
<area shape="rect" href="$tcpmanager_8h.html" title="tcpmanager.h" alt="" coords="1811,229,1909,256">
<area shape="rect" href="$udpmanager_8h.html" title="udpmanager.h" alt="" coords="2949,229,3051,256">
<area shape="rect" href="$remotepropertymanager_8h.html" title="remotepropertymanager.h" alt="" coords="3125,229,3293,256">
<area shape="rect" href="$remotesubscriptionregister_8h.html" title="remotesubscriptionregister.h" alt="" coords="2104,155,2288,181">
<area shape="rect" href="$stack_8h.html" title="stack.h" alt="" coords="671,379,735,405">
<area shape="rect" href="$interests_8h.html" title="interests.h" alt="" coords="728,304,811,331">
<area shape="rect" href="$rdouble_8h.html" title="rdkcore/rprimitive/rdouble.h" alt="" coords="899,304,1077,331">
<area shape="rect" href="$robjectqueue_8h.html" title="rdkcore/repository_struct/robjectqueue.h" alt="" coords="1389,304,1643,331">
<area shape="rect" href="$property_8hpp.html" title="property.hpp" alt="" coords="1717,304,1808,331">
<area shape="rect" href="$inetaddress_8h.html" title="rdkcore/network/inetaddress.h" alt="" coords="1177,229,1372,256">
