<area shape="rect" href="$rdkcore_8h.html" title="rdkcore.h" alt="" coords="1765,528,1840,555">
<area shape="rect" href="$url_8h.html" title="url.h" alt="" coords="3441,80,3487,107">
<area shape="rect" href="$repository_8h.html" title="repository.h" alt="" coords="2097,304,2185,331">
<area shape="rect" href="$session_interface_8h.html" title="sessionInterface.h" alt="" coords="771,379,899,406">
<area shape="rect" href="$session_8h.html" title="This file contains the Session class and some useful macros." alt="" coords="1493,230,1571,256">
<area shape="rect" href="$property_8h.html" title="property.h" alt="" coords="1493,155,1571,182">
<area shape="rect" href="$rpropertydef_8h.html" title="rpropertydef.h" alt="" coords="2915,230,3016,256">
<area shape="rect" href="$rpropertyupdate_8h.html" title="rpropertyupdate.h" alt="" coords="4041,304,4164,331">
<area shape="rect" href="$rremotesubscription_8h.html" title="rremotesubscription.h" alt="" coords="3595,155,3741,182">
<area shape="rect" href="$url_8cpp.html" title="url.cpp" alt="" coords="4292,155,4351,182">
<area shape="rect" href="$modulemanager_8h.html" title="modulemanager.h" alt="" coords="371,379,493,406">
<area shape="rect" href="$remotepropertymanager_8cpp.html" title="remotepropertymanager.cpp" alt="" coords="3899,379,4080,406">
<area shape="rect" href="$remotesubscriptionregister_8cpp.html" title="remotesubscriptionregister.cpp" alt="" coords="3227,379,3424,406">
<area shape="rect" href="$repository_8cpp.html" title="repository.cpp" alt="" coords="2491,379,2592,406">
<area shape="rect" href="$repository__queue_8cpp.html" title="repository_queue.cpp" alt="" coords="2616,379,2760,406">
<area shape="rect" href="$repository__remote_8cpp.html" title="repository_remote.cpp" alt="" coords="3675,379,3824,406">
<area shape="rect" href="$repository__storage_8cpp.html" title="repository_storage.cpp" alt="" coords="3448,379,3600,406">
<area shape="rect" href="$repository__utils_8cpp.html" title="repository_utils.cpp" alt="" coords="1840,379,1973,406">
<area shape="rect" href="$session_8cpp.html" title="session.cpp" alt="" coords="1064,379,1155,406">
<area shape="rect" href="$session__diffs_8cpp.html" title="session_diffs.cpp" alt="" coords="1496,379,1619,406">
<area shape="rect" href="$session__events_8cpp.html" title="session_events.cpp" alt="" coords="1179,379,1315,406">
<area shape="rect" href="$session__network_8cpp.html" title="session_network.cpp" alt="" coords="2784,379,2928,406">
<area shape="rect" href="$session__queue_8cpp.html" title="session_queue.cpp" alt="" coords="1339,379,1472,406">
<area shape="rect" href="$session__utils_8cpp.html" title="session_utils.cpp" alt="" coords="1643,379,1765,406">
<area shape="rect" href="$tcpmanager_8cpp.html" title="tcpmanager.cpp" alt="" coords="1997,379,2109,406">
<area shape="rect" href="$tcpmanager__peermanager_8cpp.html" title="tcpmanager_peermanager.cpp" alt="" coords="2133,379,2328,406">
<area shape="rect" href="$udpmanager_8cpp.html" title="udpmanager.cpp" alt="" coords="2352,379,2467,406">
<area shape="rect" href="$robotmodule_8cpp.html" title="robotmodule.cpp" alt="" coords="923,379,1040,406">
<area shape="rect" href="$module_8h.html" title="This file contains the Module class and other very important stuff." alt="" coords="267,454,341,480">
<area shape="rect" href="$modulemanager_8cpp.html" title="modulemanager.cpp" alt="" coords="256,528,392,555">
<area shape="rect" href="$test__modules_8cpp.html" title="test_modules.cpp" alt="" coords="211,603,333,630">
<area shape="rect" href="$module_8cpp.html" title="module.cpp" alt="" coords="40,528,128,555">
<area shape="rect" href="$module1_8cpp.html" title="module1.cpp" alt="" coords="63,603,159,630">
<area shape="rect" href="$module1_8h.html" title="module1.h" alt="" coords="152,528,232,555">
<area shape="rect" href="$session__get__set__create_8cpp.html" title="session_get_set_create.cpp" alt="" coords="1133,304,1317,331">
<area shape="rect" href="$robotmodule_8h.html" title="robotmodule.h" alt="" coords="967,304,1071,331">
<area shape="rect" href="$moduleconfig_8h.html" title="moduleconfig.h" alt="" coords="327,230,436,256">
<area shape="rect" href="$property_8cpp.html" title="property.cpp" alt="" coords="1379,230,1469,256">
<area shape="rect" href="$moduleconfig_8cpp.html" title="moduleconfig.cpp" alt="" coords="320,304,443,331">
<area shape="rect" href="$ragentconfig_8h.html" title="ragentconfig.h" alt="" coords="192,304,296,331">
<area shape="rect" href="$ragentconfig_8cpp.html" title="ragentconfig.cpp" alt="" coords="137,379,255,406">
<area shape="rect" href="$rpropertydef_8cpp.html" title="rpropertydef.cpp" alt="" coords="3213,304,3328,331">
<area shape="rect" href="$rpropertydefvector_8h.html" title="rpropertydefvector.h" alt="" coords="3003,304,3139,331">
<area shape="rect" href="$rpropertydefvector_8cpp.html" title="rpropertydefvector.cpp" alt="" coords="3053,379,3203,406">
<area shape="rect" href="$rpropertyupdate_8cpp.html" title="rpropertyupdate.cpp" alt="" coords="4155,379,4291,406">
<area shape="rect" href="$remotesubscriptionregister_8h.html" title="remotesubscriptionregister.h" alt="" coords="3436,230,3620,256">
<area shape="rect" href="$rremotesubscription_8cpp.html" title="rremotesubscription.cpp" alt="" coords="3807,230,3967,256">
