<area shape="rect" href="$logging_8h.html" title="rdkcore/logging/logging.h" alt="" coords="172,453,337,480">
<area shape="rect" href="$repository_8h.html" title="repository.h" alt="" coords="1052,80,1140,107">
<area shape="rect" href="$posixsem_8h.html" title="rdkcore/posixconstructs/posixsem.h" alt="" coords="3768,229,4000,256">
<area shape="rect" href="$posixmutex_8h.html" title="rdkcore/posixconstructs/posixmutex.h" alt="" coords="921,304,1164,331">
<area shape="rect" href="$textutils_8h.html" title="rdkcore/textutils/textutils.h" alt="" coords="1599,453,1775,480">
<area shape="rect" href="$queueinterface_8h.html" title="rdkcore/posixqueues/queueinterface.h" alt="" coords="3495,155,3735,181">
<area shape="rect" href="$object_8h.html" title="rdkcore/object/object.h" alt="" coords="2332,379,2484,405">
<area shape="rect" href="$rnetmessage_8h.html" title="rdkcore/rnetobjects/rnetmessage.h" alt="" coords="676,304,897,331">
<area shape="rect" href="$property_8h.html" title="rdkcore/repository_struct/property.h" alt="" coords="1256,229,1483,256">
<area shape="rect" href="$url_8h.html" title="url.h" alt="" coords="404,304,449,331">
<area shape="rect" href="$rremotesubscription_8h.html" title="rdkcore/repository_struct/rremotesubscription.h" alt="" coords="195,229,488,256">
<area shape="rect" href="$rpropertydef_8h.html" title="rdkcore/repository_struct/rpropertydef.h" alt="" coords="659,155,907,181">
<area shape="rect" href="$session_8h.html" title="This file contains the Session class and some useful macros." alt="" coords="2413,155,2491,181">
<area shape="rect" href="$tcpmanager_8h.html" title="tcpmanager.h" alt="" coords="1133,229,1232,256">
<area shape="rect" href="$udpmanager_8h.html" title="udpmanager.h" alt="" coords="664,229,765,256">
<area shape="rect" href="$remotepropertymanager_8h.html" title="remotepropertymanager.h" alt="" coords="789,229,957,256">
<area shape="rect" href="$remotesubscriptionregister_8h.html" title="remotesubscriptionregister.h" alt="" coords="251,155,435,181">
<area shape="rect" href="$stack_8h.html" title="stack.h" alt="" coords="1540,379,1604,405">
<area shape="rect" href="$interests_8h.html" title="interests.h" alt="" coords="1620,304,1703,331">
<area shape="rect" href="$demangle_8h.html" title="rdkcore/demangle/demangle.h" alt="" coords="1900,453,2095,480">
<area shape="rect" href="$read_8h.html" title="rdkcore/serialization/read.h" alt="" coords="2119,453,2295,480">
<area shape="rect" href="$write_8h.html" title="rdkcore/serialization/write.h" alt="" coords="2319,453,2497,480">
<area shape="rect" href="$time_8h.html" title="rdkcore/time/time.h" alt="" coords="532,453,665,480">
<area shape="rect" href="$nettypes_8h.html" title="rdkcore/network/nettypes.h" alt="" coords="1239,379,1417,405">
<area shape="rect" href="$rdouble_8h.html" title="rdkcore/rprimitive/rdouble.h" alt="" coords="2329,304,2508,331">
<area shape="rect" href="$robjectqueue_8h.html" title="rdkcore/repository_struct/robjectqueue.h" alt="" coords="2001,304,2255,331">
<area shape="rect" href="$property_8hpp.html" title="property.hpp" alt="" coords="1340,304,1431,331">
<area shape="rect" href="$repository__struct_2exceptions_8h.html" title="exceptions.h" alt="" coords="379,379,475,405">
<area shape="rect" href="$inetaddress_8h.html" title="rdkcore/network/inetaddress.h" alt="" coords="1811,229,2005,256">
<area shape="rect" href="$profiling_8h.html" title="rdkcore/profiling/profiling.h" alt="" coords="2029,229,2203,256">
<area shape="rect" href="$rint_8h.html" title="rdkcore/rprimitive/rint.h" alt="" coords="3361,304,3516,331">
<area shape="rect" href="$rstring_8h.html" title="rdkcore/rprimitive/rstring.h" alt="" coords="3641,304,3812,331">
<area shape="rect" href="$rbool_8h.html" title="rdkcore/rprimitive/rbool.h" alt="" coords="2227,229,2389,256">
<area shape="rect" href="$container_8h.html" title="rdkcore/container/container.h" alt="" coords="3507,229,3693,256">
<area shape="rect" href="$rpoint2od_8h.html" title="rdkcore/rgeometry/rpoint2od.h" alt="" coords="2532,304,2727,331">
<area shape="rect" href="$rpoint2d_8h.html" title="rdkcore/rgeometry/rpoint2d.h" alt="" coords="2751,304,2937,331">
<area shape="rect" href="$rpoint3d_8h.html" title="rdkcore/rgeometry/rpoint3d.h" alt="" coords="2717,229,2904,256">
<area shape="rect" href="$rpoint3od_8h.html" title="rdkcore/rgeometry/rpoint3od.h" alt="" coords="2928,229,3123,256">
<area shape="rect" href="$rimage_8h.html" title="rdkcore/rgraphics/rimage.h" alt="" coords="3111,304,3287,331">
<area shape="rect" href="$rmapimage_8h.html" title="rdkcore/rmaps/rmapimage.h" alt="" coords="3147,229,3331,256">
