<area shape="rect" href="$textutils_8h.html" title="rdkcore/textutils/textutils.h" alt="" coords="293,378,469,405">
<area shape="rect" href="$logging_8h.html" title="rdkcore/logging/logging.h" alt="" coords="104,378,269,405">
<area shape="rect" href="$rimage_8h.html" title="rimage.h" alt="" coords="860,80,932,106">
<area shape="rect" href="$object_8h.html" title="rdkcore/object/object.h" alt="" coords="820,154,972,181">
<area shape="rect" href="$demangle_8h.html" title="rdkcore/demangle/demangle.h" alt="" coords="595,229,789,256">
<area shape="rect" href="$read_8h.html" title="rdkcore/serialization/read.h" alt="" coords="1136,229,1312,256">
<area shape="rect" href="$write_8h.html" title="rdkcore/serialization/write.h" alt="" coords="933,229,1112,256">
<area shape="rect" href="$time_8h.html" title="rdkcore/time/time.h" alt="" coords="1336,229,1469,256">
<area shape="rect" href="$serialization_2utils_8h.html" title="utils.h" alt="" coords="1093,304,1149,330">
<area shape="rect" href="$serialization_2exceptions_8h.html" title="exceptions.h" alt="" coords="959,304,1055,330">
