<area shape="rect" href="$rdkcore_8h.html" title="rdkcore.h" alt="" coords="2045,528,2120,555">
<area shape="rect" href="$session_8h.html" title="This file contains the Session class and some useful macros." alt="" coords="1409,230,1487,256">
<area shape="rect" href="$imgdiffs_8h.html" title="imgdiffs.h" alt="" coords="2803,155,2880,182">
<area shape="rect" href="$rimage__diffs_8cpp.html" title="rimage_diffs.cpp" alt="" coords="3064,230,3179,256">
<area shape="rect" href="$rimagediffrect_8h.html" title="rimagediffrect.h" alt="" coords="2711,80,2820,107">
<area shape="rect" href="$rmapimagediffrect_8h.html" title="rmapimagediffrect.h" alt="" coords="2491,230,2627,256">
<area shape="rect" href="$rc8set_8h.html" title="rc8set.h" alt="" coords="2024,80,2091,107">
<area shape="rect" href="$rmapimage_8h.html" title="rmapimage.h" alt="" coords="2085,155,2181,182">
<area shape="rect" href="$rmapimagediffpoints_8h.html" title="rmapimagediffpoints.h" alt="" coords="2249,230,2396,256">
<area shape="rect" href="$rimage_8cpp.html" title="rimage.cpp" alt="" coords="3749,80,3835,107">
<area shape="rect" href="$rimage__conversions_8cpp.html" title="rimage_conversions.cpp" alt="" coords="3859,80,4021,107">
<area shape="rect" href="$rimagediffpoints_8h.html" title="rimagediffpoints.h" alt="" coords="3245,155,3368,182">
<area shape="rect" href="$rimagediffjpegpacket_8h.html" title="rimagediffjpegpacket.h" alt="" coords="3033,80,3185,107">
<area shape="rect" href="$rimage__magick_8cpp.html" title="rimage_magick.cpp" alt="" coords="4045,80,4179,107">
<area shape="rect" href="$rimage__serialization_8cpp.html" title="rimage_serialization.cpp" alt="" coords="4203,80,4363,107">
<area shape="rect" href="$rimagepointc8_8h.html" title="rimagepointc8.h" alt="" coords="3400,80,3512,107">
<area shape="rect" href="$rvictimonmap_8h.html" title="rvictimonmap.h" alt="" coords="3616,80,3725,107">
<area shape="rect" href="$module_8h.html" title="This file contains the Module class and other very important stuff." alt="" coords="747,454,821,480">
<area shape="rect" href="$modulemanager_8h.html" title="modulemanager.h" alt="" coords="373,379,496,406">
<area shape="rect" href="$repository_8h.html" title="repository.h" alt="" coords="1135,304,1223,331">
<area shape="rect" href="$remotesubscriptionregister_8cpp.html" title="remotesubscriptionregister.cpp" alt="" coords="152,379,349,406">
<area shape="rect" href="$session_8cpp.html" title="session.cpp" alt="" coords="1701,379,1792,406">
<area shape="rect" href="$session__diffs_8cpp.html" title="session_diffs.cpp" alt="" coords="520,379,643,406">
<area shape="rect" href="$session__events_8cpp.html" title="session_events.cpp" alt="" coords="1216,379,1352,406">
<area shape="rect" href="$session__network_8cpp.html" title="session_network.cpp" alt="" coords="1376,379,1520,406">
<area shape="rect" href="$session__queue_8cpp.html" title="session_queue.cpp" alt="" coords="1544,379,1677,406">
<area shape="rect" href="$session__utils_8cpp.html" title="session_utils.cpp" alt="" coords="5,379,128,406">
<area shape="rect" href="$session__get__set__create_8cpp.html" title="session_get_set_create.cpp" alt="" coords="775,304,959,331">
<area shape="rect" href="$robotmodule_8h.html" title="robotmodule.h" alt="" coords="1789,304,1893,331">
<area shape="rect" href="$module_8cpp.html" title="module.cpp" alt="" coords="632,528,720,555">
<area shape="rect" href="$modulemanager_8cpp.html" title="modulemanager.cpp" alt="" coords="472,528,608,555">
<area shape="rect" href="$module1_8cpp.html" title="module1.cpp" alt="" coords="775,603,871,630">
<area shape="rect" href="$module1_8h.html" title="module1.h" alt="" coords="744,528,824,555">
<area shape="rect" href="$test__modules_8cpp.html" title="test_modules.cpp" alt="" coords="520,603,643,630">
<area shape="rect" href="$remotepropertymanager_8cpp.html" title="remotepropertymanager.cpp" alt="" coords="667,379,848,406">
<area shape="rect" href="$repository_8cpp.html" title="repository.cpp" alt="" coords="872,379,973,406">
<area shape="rect" href="$repository__queue_8cpp.html" title="repository_queue.cpp" alt="" coords="997,379,1141,406">
<area shape="rect" href="$repository__remote_8cpp.html" title="repository_remote.cpp" alt="" coords="2675,379,2824,406">
<area shape="rect" href="$imgdiffs_8cpp.html" title="imgdiffs.cpp" alt="" coords="2949,230,3040,256">
<area shape="rect" href="$rimagediffrect_8cpp.html" title="rimagediffrect.cpp" alt="" coords="2752,230,2875,256">
<area shape="rect" href="$rmapimage__diffs_8cpp.html" title="rmapimage_diffs.cpp" alt="" coords="2357,304,2499,331">
<area shape="rect" href="$rmapimagediffrect_8cpp.html" title="rmapimagediffrect.cpp" alt="" coords="2573,304,2723,331">
<area shape="rect" href="$rmapimage_8cpp.html" title="rmapimage.cpp" alt="" coords="2247,379,2356,406">
<area shape="rect" href="$rc8set_8cpp.html" title="rc8set.cpp" alt="" coords="1861,155,1944,182">
<area shape="rect" href="$rmapimagediffpoints_8cpp.html" title="rmapimagediffpoints.cpp" alt="" coords="2171,304,2333,331">
<area shape="rect" href="$rimagediffpoints_8cpp.html" title="rimagediffpoints.cpp" alt="" coords="3253,230,3389,256">
<area shape="rect" href="$rimagediffjpegpacket_8cpp.html" title="rimagediffjpegpacket.cpp" alt="" coords="3056,155,3221,182">
<area shape="rect" href="$rimagepointc8_8cpp.html" title="rimagepointc8.cpp" alt="" coords="3392,155,3520,182">
<area shape="rect" href="$rvictimonmap_8cpp.html" title="rvictimonmap.cpp" alt="" coords="3645,155,3768,182">
