<area shape="rect" href="$logging_8h.html" title="rdkcore/logging/logging.h" alt="" coords="429,603,595,629">
<area shape="rect" href="$rodometrydatawithspeed_8h.html" title="rodometrydatawithspeed.h" alt="" coords="640,80,813,107">
<area shape="rect" href="$object_8h.html" title="rdkcore/object/object.h" alt="" coords="1417,379,1569,405">
<area shape="rect" href="$odometrydata_8h.html" title="rdkcore/sensordata/odometrydata.h" alt="" coords="613,155,840,181">
<area shape="rect" href="$demangle_8h.html" title="rdkcore/demangle/demangle.h" alt="" coords="1656,453,1851,480">
<area shape="rect" href="$read_8h.html" title="rdkcore/serialization/read.h" alt="" coords="1072,453,1248,480">
<area shape="rect" href="$write_8h.html" title="rdkcore/serialization/write.h" alt="" coords="1272,453,1451,480">
<area shape="rect" href="$time_8h.html" title="rdkcore/time/time.h" alt="" coords="613,453,747,480">
<area shape="rect" href="$serialization_2utils_8h.html" title="utils.h" alt="" coords="1155,528,1211,555">
<area shape="rect" href="$serialization_2exceptions_8h.html" title="exceptions.h" alt="" coords="1313,528,1409,555">
<area shape="rect" href="$textutils_8h.html" title="rdkcore/textutils/textutils.h" alt="" coords="821,603,997,629">
<area shape="rect" href="$point_8h.html" title="rdkcore/geometry/point.h" alt="" coords="268,304,433,331">
<area shape="rect" href="$sensordata_8h.html" title="sensordata.h" alt="" coords="672,229,768,256">
<area shape="rect" href="$point2_8h.html" title="point2.h" alt="" coords="247,528,313,555">
<area shape="rect" href="$point2o_8h.html" title="point2o.h" alt="" coords="97,453,172,480">
<area shape="rect" href="$point3_8h.html" title="point3.h" alt="" coords="247,379,313,405">
<area shape="rect" href="$point3o_8h.html" title="point3o.h" alt="" coords="47,379,121,405">
<area shape="rect" href="$angle_8h.html" title="angle.h" alt="" coords="75,528,139,555">
<area shape="rect" href="$geometry_2utils_8h.html" title="utils.h" alt="" coords="248,603,304,629">
