<area shape="rect" href="$object_8h.html" title="rdkcore/object/object.h" alt="" coords="660,304,812,331">
<area shape="rect" href="$pantiltdata_8h.html" title="rdkcore/sensordata/pantiltdata.h" alt="" coords="1093,80,1301,107">
<area shape="rect" href="$demangle_8h.html" title="rdkcore/demangle/demangle.h" alt="" coords="157,379,352,406">
<area shape="rect" href="$read_8h.html" title="rdkcore/serialization/read.h" alt="" coords="648,379,824,406">
<area shape="rect" href="$write_8h.html" title="rdkcore/serialization/write.h" alt="" coords="376,379,555,406">
<area shape="rect" href="$time_8h.html" title="rdkcore/time/time.h" alt="" coords="1001,379,1135,406">
<area shape="rect" href="$serialization_2utils_8h.html" title="utils.h" alt="" coords="701,454,757,480">
<area shape="rect" href="$serialization_2exceptions_8h.html" title="exceptions.h" alt="" coords="443,454,539,480">
<area shape="rect" href="$textutils_8h.html" title="rdkcore/textutils/textutils.h" alt="" coords="1035,528,1211,555">
<area shape="rect" href="$point_8h.html" title="rdkcore/geometry/point.h" alt="" coords="1349,230,1515,256">
<area shape="rect" href="$sensordata_8h.html" title="sensordata.h" alt="" coords="1149,155,1245,182">
<area shape="rect" href="$point2_8h.html" title="point2.h" alt="" coords="1449,454,1516,480">
<area shape="rect" href="$point2o_8h.html" title="point2o.h" alt="" coords="1591,379,1665,406">
<area shape="rect" href="$point3_8h.html" title="point3.h" alt="" coords="1399,304,1465,331">
<area shape="rect" href="$point3o_8h.html" title="point3o.h" alt="" coords="1641,304,1716,331">
<area shape="rect" href="$angle_8h.html" title="angle.h" alt="" coords="1633,454,1697,480">
<area shape="rect" href="$geometry_2utils_8h.html" title="utils.h" alt="" coords="1579,528,1635,555">
