<area shape="rect" href="$rdkcore_8h.html" title="rdkcore.h" alt="" coords="3184,378,3259,405">
<area shape="rect" href="$session_8h.html" title="This file contains the Session class and some useful macros." alt="" coords="2513,80,2591,106">
<area shape="rect" href="$rpoint2d_8cpp.html" title="rpoint2d.cpp" alt="" coords="3335,80,3425,106">
<area shape="rect" href="$rpoint2dvector_8h.html" title="rpoint2dvector.h" alt="" coords="3407,229,3519,256">
<area shape="rect" href="$rlandmark_8h.html" title="rlandmark.h" alt="" coords="3504,80,3592,106">
<area shape="rect" href="$module_8h.html" title="This file contains the Module class and other very important stuff." alt="" coords="184,304,259,330">
<area shape="rect" href="$modulemanager_8h.html" title="modulemanager.h" alt="" coords="28,229,151,256">
<area shape="rect" href="$repository_8h.html" title="repository.h" alt="" coords="1829,154,1917,181">
<area shape="rect" href="$remotesubscriptionregister_8cpp.html" title="remotesubscriptionregister.cpp" alt="" coords="225,229,423,256">
<area shape="rect" href="$session_8cpp.html" title="session.cpp" alt="" coords="2927,229,3017,256">
<area shape="rect" href="$session__diffs_8cpp.html" title="session_diffs.cpp" alt="" coords="2148,229,2271,256">
<area shape="rect" href="$session__events_8cpp.html" title="session_events.cpp" alt="" coords="2295,229,2431,256">
<area shape="rect" href="$session__network_8cpp.html" title="session_network.cpp" alt="" coords="2455,229,2599,256">
<area shape="rect" href="$session__queue_8cpp.html" title="session_queue.cpp" alt="" coords="2623,229,2756,256">
<area shape="rect" href="$session__utils_8cpp.html" title="session_utils.cpp" alt="" coords="2780,229,2903,256">
<area shape="rect" href="$session__get__set__create_8cpp.html" title="session_get_set_create.cpp" alt="" coords="2665,154,2849,181">
<area shape="rect" href="$robotmodule_8h.html" title="robotmodule.h" alt="" coords="3008,154,3112,181">
<area shape="rect" href="$module_8cpp.html" title="module.cpp" alt="" coords="336,378,424,405">
<area shape="rect" href="$modulemanager_8cpp.html" title="modulemanager.cpp" alt="" coords="21,378,157,405">
<area shape="rect" href="$module1_8cpp.html" title="module1.cpp" alt="" coords="212,453,308,480">
<area shape="rect" href="$module1_8h.html" title="module1.h" alt="" coords="181,378,261,405">
<area shape="rect" href="$test__modules_8cpp.html" title="test_modules.cpp" alt="" coords="13,453,136,480">
<area shape="rect" href="$remotepropertymanager_8cpp.html" title="remotepropertymanager.cpp" alt="" coords="804,229,985,256">
<area shape="rect" href="$repository_8cpp.html" title="repository.cpp" alt="" coords="1009,229,1111,256">
<area shape="rect" href="$repository__queue_8cpp.html" title="repository_queue.cpp" alt="" coords="1135,229,1279,256">
<area shape="rect" href="$repository__remote_8cpp.html" title="repository_remote.cpp" alt="" coords="1303,229,1452,256">
<area shape="rect" href="$repository__storage_8cpp.html" title="repository_storage.cpp" alt="" coords="1476,229,1628,256">
<area shape="rect" href="$repository__utils_8cpp.html" title="repository_utils.cpp" alt="" coords="1652,229,1785,256">
<area shape="rect" href="$session_interface_8h.html" title="sessionInterface.h" alt="" coords="1809,229,1937,256">
<area shape="rect" href="$tcpmanager_8cpp.html" title="tcpmanager.cpp" alt="" coords="1961,229,2073,256">
<area shape="rect" href="$tcpmanager__peermanager_8cpp.html" title="tcpmanager_peermanager.cpp" alt="" coords="447,229,641,256">
<area shape="rect" href="$udpmanager_8cpp.html" title="udpmanager.cpp" alt="" coords="665,229,780,256">
<area shape="rect" href="$robotmodule_8cpp.html" title="robotmodule.cpp" alt="" coords="3041,229,3159,256">
<area shape="rect" href="$rpoint2dvector_8cpp.html" title="rpoint2dvector.cpp" alt="" coords="3385,304,3513,330">
<area shape="rect" href="$rpoint2ivector_8cpp.html" title="rpoint2ivector.cpp" alt="" coords="3537,304,3660,330">
<area shape="rect" href="$rvictimonmap_8h.html" title="rvictimonmap.h" alt="" coords="3684,304,3793,330">
<area shape="rect" href="$rvictimonmap_8cpp.html" title="rvictimonmap.cpp" alt="" coords="3677,378,3800,405">
<area shape="rect" href="$rlandmark_8cpp.html" title="rlandmark.cpp" alt="" coords="3500,154,3604,181">
