<area shape="rect" href="$rdkcore_8h.html" title="rdkcore.h" alt="" coords="3187,378,3261,405">
<area shape="rect" href="$session_8h.html" title="This file contains the Session class and some useful macros." alt="" coords="2480,80,2557,106">
<area shape="rect" href="$rpoint2odvector_8h.html" title="rpoint2odvector.h" alt="" coords="3388,80,3508,106">
<area shape="rect" href="$rpoint2od_8cpp.html" title="rpoint2od.cpp" alt="" coords="4184,80,4283,106">
<area shape="rect" href="$rvictimonmap_8h.html" title="rvictimonmap.h" alt="" coords="3668,80,3777,106">
<area shape="rect" href="$rblobdata_8h.html" title="rblobdata.h" alt="" coords="3841,80,3927,106">
<area shape="rect" href="$module_8h.html" title="This file contains the Module class and other very important stuff." alt="" coords="177,304,252,330">
<area shape="rect" href="$modulemanager_8h.html" title="modulemanager.h" alt="" coords="392,229,515,256">
<area shape="rect" href="$repository_8h.html" title="repository.h" alt="" coords="1652,154,1740,181">
<area shape="rect" href="$remotesubscriptionregister_8cpp.html" title="remotesubscriptionregister.cpp" alt="" coords="56,229,253,256">
<area shape="rect" href="$session_8cpp.html" title="session.cpp" alt="" coords="277,229,368,256">
<area shape="rect" href="$session__diffs_8cpp.html" title="session_diffs.cpp" alt="" coords="2432,229,2555,256">
<area shape="rect" href="$session__events_8cpp.html" title="session_events.cpp" alt="" coords="2579,229,2715,256">
<area shape="rect" href="$session__network_8cpp.html" title="session_network.cpp" alt="" coords="2739,229,2883,256">
<area shape="rect" href="$session__queue_8cpp.html" title="session_queue.cpp" alt="" coords="2907,229,3040,256">
<area shape="rect" href="$session__utils_8cpp.html" title="session_utils.cpp" alt="" coords="3064,229,3187,256">
<area shape="rect" href="$session__get__set__create_8cpp.html" title="session_get_set_create.cpp" alt="" coords="2632,154,2816,181">
<area shape="rect" href="$robotmodule_8h.html" title="robotmodule.h" alt="" coords="569,154,673,181">
<area shape="rect" href="$module_8cpp.html" title="module.cpp" alt="" coords="63,378,151,405">
<area shape="rect" href="$modulemanager_8cpp.html" title="modulemanager.cpp" alt="" coords="279,378,415,405">
<area shape="rect" href="$module1_8cpp.html" title="module1.cpp" alt="" coords="85,453,181,480">
<area shape="rect" href="$module1_8h.html" title="module1.h" alt="" coords="175,378,255,405">
<area shape="rect" href="$test__modules_8cpp.html" title="test_modules.cpp" alt="" coords="233,453,356,480">
<area shape="rect" href="$remotepropertymanager_8cpp.html" title="remotepropertymanager.cpp" alt="" coords="781,229,963,256">
<area shape="rect" href="$repository_8cpp.html" title="repository.cpp" alt="" coords="987,229,1088,256">
<area shape="rect" href="$repository__queue_8cpp.html" title="repository_queue.cpp" alt="" coords="1112,229,1256,256">
<area shape="rect" href="$repository__remote_8cpp.html" title="repository_remote.cpp" alt="" coords="1280,229,1429,256">
<area shape="rect" href="$repository__storage_8cpp.html" title="repository_storage.cpp" alt="" coords="1453,229,1605,256">
<area shape="rect" href="$repository__utils_8cpp.html" title="repository_utils.cpp" alt="" coords="1629,229,1763,256">
<area shape="rect" href="$session_interface_8h.html" title="sessionInterface.h" alt="" coords="1787,229,1915,256">
<area shape="rect" href="$tcpmanager_8cpp.html" title="tcpmanager.cpp" alt="" coords="1939,229,2051,256">
<area shape="rect" href="$tcpmanager__peermanager_8cpp.html" title="tcpmanager_peermanager.cpp" alt="" coords="2075,229,2269,256">
<area shape="rect" href="$udpmanager_8cpp.html" title="udpmanager.cpp" alt="" coords="2293,229,2408,256">
<area shape="rect" href="$robotmodule_8cpp.html" title="robotmodule.cpp" alt="" coords="589,229,707,256">
<area shape="rect" href="$rpoint2dvector_8cpp.html" title="rpoint2dvector.cpp" alt="" coords="3459,154,3587,181">
<area shape="rect" href="$rpoint2ivector_8cpp.html" title="rpoint2ivector.cpp" alt="" coords="3312,154,3435,181">
<area shape="rect" href="$rvictimonmap_8cpp.html" title="rvictimonmap.cpp" alt="" coords="3661,154,3784,181">
<area shape="rect" href="$logtagtoobject_8cpp.html" title="logtagtoobject.cpp" alt="" coords="3859,154,3987,181">
<area shape="rect" href="$rblobdata_8cpp.html" title="rblobdata.cpp" alt="" coords="4011,154,4109,181">
