<area shape="rect" href="$session_8h.html" title="This file contains the Session class and some useful macros." alt="" coords="1869,80,1947,106">
<area shape="rect" href="$rpoint3od_8cpp.html" title="rpoint3od.cpp" alt="" coords="1971,80,2069,106">
<area shape="rect" href="$module_8h.html" title="This file contains the Module class and other very important stuff." alt="" coords="283,304,357,330">
<area shape="rect" href="$rdkcore_8h.html" title="rdkcore.h" alt="" coords="509,378,584,405">
<area shape="rect" href="$modulemanager_8h.html" title="modulemanager.h" alt="" coords="384,229,507,256">
<area shape="rect" href="$repository_8h.html" title="repository.h" alt="" coords="1864,154,1952,181">
<area shape="rect" href="$remotesubscriptionregister_8cpp.html" title="remotesubscriptionregister.cpp" alt="" coords="581,229,779,256">
<area shape="rect" href="$session_8cpp.html" title="session.cpp" alt="" coords="995,229,1085,256">
<area shape="rect" href="$session__diffs_8cpp.html" title="session_diffs.cpp" alt="" coords="2811,229,2933,256">
<area shape="rect" href="$session__events_8cpp.html" title="session_events.cpp" alt="" coords="2957,229,3093,256">
<area shape="rect" href="$session__network_8cpp.html" title="session_network.cpp" alt="" coords="3117,229,3261,256">
<area shape="rect" href="$session__queue_8cpp.html" title="session_queue.cpp" alt="" coords="3285,229,3419,256">
<area shape="rect" href="$session__utils_8cpp.html" title="session_utils.cpp" alt="" coords="3443,229,3565,256">
<area shape="rect" href="$session__get__set__create_8cpp.html" title="session_get_set_create.cpp" alt="" coords="2229,154,2413,181">
<area shape="rect" href="$robotmodule_8h.html" title="robotmodule.h" alt="" coords="924,154,1028,181">
<area shape="rect" href="$module_8cpp.html" title="module.cpp" alt="" coords="5,378,93,405">
<area shape="rect" href="$modulemanager_8cpp.html" title="modulemanager.cpp" alt="" coords="272,378,408,405">
<area shape="rect" href="$module1_8cpp.html" title="module1.cpp" alt="" coords="121,453,217,480">
<area shape="rect" href="$module1_8h.html" title="module1.h" alt="" coords="168,378,248,405">
<area shape="rect" href="$test__modules_8cpp.html" title="test_modules.cpp" alt="" coords="332,453,455,480">
<area shape="rect" href="$remotepropertymanager_8cpp.html" title="remotepropertymanager.cpp" alt="" coords="1160,229,1341,256">
<area shape="rect" href="$repository_8cpp.html" title="repository.cpp" alt="" coords="1365,229,1467,256">
<area shape="rect" href="$repository__queue_8cpp.html" title="repository_queue.cpp" alt="" coords="1491,229,1635,256">
<area shape="rect" href="$repository__remote_8cpp.html" title="repository_remote.cpp" alt="" coords="1659,229,1808,256">
<area shape="rect" href="$repository__storage_8cpp.html" title="repository_storage.cpp" alt="" coords="1832,229,1984,256">
<area shape="rect" href="$repository__utils_8cpp.html" title="repository_utils.cpp" alt="" coords="2008,229,2141,256">
<area shape="rect" href="$session_interface_8h.html" title="sessionInterface.h" alt="" coords="2165,229,2293,256">
<area shape="rect" href="$tcpmanager_8cpp.html" title="tcpmanager.cpp" alt="" coords="2317,229,2429,256">
<area shape="rect" href="$tcpmanager__peermanager_8cpp.html" title="tcpmanager_peermanager.cpp" alt="" coords="2453,229,2648,256">
<area shape="rect" href="$udpmanager_8cpp.html" title="udpmanager.cpp" alt="" coords="2672,229,2787,256">
<area shape="rect" href="$robotmodule_8cpp.html" title="robotmodule.cpp" alt="" coords="853,229,971,256">
