<area shape="rect" href="$rprimitive_8h.html" title="rprimitive.h" alt="" coords="1033,80,1119,107">
<area shape="rect" href="$rdkcore_8h.html" title="rdkcore.h" alt="" coords="2031,603,2105,630">
<area shape="rect" href="$rbool_8h.html" title="rbool.h" alt="" coords="917,155,976,182">
<area shape="rect" href="$rdouble_8h.html" title="rdouble.h" alt="" coords="1169,155,1244,182">
<area shape="rect" href="$rint_8h.html" title="rint.h" alt="" coords="3136,155,3187,182">
<area shape="rect" href="$session_8h.html" title="This file contains the Session class and some useful macros." alt="" coords="908,304,985,331">
<area shape="rect" href="$rbool_8cpp.html" title="rbool.cpp" alt="" coords="683,230,757,256">
<area shape="rect" href="$rjoystickstatus_8h.html" title="rjoystickstatus.h" alt="" coords="1167,304,1284,331">
<area shape="rect" href="$unittest__2_8cpp.html" title="unittest_2.cpp" alt="" coords="1035,230,1139,256">
<area shape="rect" href="$module_8h.html" title="This file contains the Module class and other very important stuff." alt="" coords="1463,528,1537,555">
<area shape="rect" href="$modulemanager_8h.html" title="modulemanager.h" alt="" coords="1465,454,1588,480">
<area shape="rect" href="$repository_8h.html" title="repository.h" alt="" coords="821,379,909,406">
<area shape="rect" href="$remotesubscriptionregister_8cpp.html" title="remotesubscriptionregister.cpp" alt="" coords="1028,454,1225,480">
<area shape="rect" href="$session_8cpp.html" title="session.cpp" alt="" coords="1249,454,1340,480">
<area shape="rect" href="$session__diffs_8cpp.html" title="session_diffs.cpp" alt="" coords="199,454,321,480">
<area shape="rect" href="$session__events_8cpp.html" title="session_events.cpp" alt="" coords="345,454,481,480">
<area shape="rect" href="$session__network_8cpp.html" title="session_network.cpp" alt="" coords="505,454,649,480">
<area shape="rect" href="$session__queue_8cpp.html" title="session_queue.cpp" alt="" coords="673,454,807,480">
<area shape="rect" href="$session__utils_8cpp.html" title="session_utils.cpp" alt="" coords="881,454,1004,480">
<area shape="rect" href="$session__get__set__create_8cpp.html" title="session_get_set_create.cpp" alt="" coords="512,379,696,406">
<area shape="rect" href="$robotmodule_8h.html" title="robotmodule.h" alt="" coords="1243,379,1347,406">
<area shape="rect" href="$repository_8cpp.html" title="repository.cpp" alt="" coords="2729,454,2831,480">
<area shape="rect" href="$logtagtoobject_8cpp.html" title="logtagtoobject.cpp" alt="" coords="1677,379,1805,406">
<area shape="rect" href="$rjoystickstatus_8cpp.html" title="rjoystickstatus.cpp" alt="" coords="1371,379,1501,406">
<area shape="rect" href="$container_8h.html" title="container.h" alt="" coords="2261,230,2344,256">
<area shape="rect" href="$test__container_8cpp.html" title="test_container.cpp" alt="" coords="3196,304,3324,331">
<area shape="rect" href="$property_8h.html" title="property.h" alt="" coords="781,230,859,256">
<area shape="rect" href="$rdouble_8cpp.html" title="rdouble.cpp" alt="" coords="1163,230,1251,256">
<area shape="rect" href="$pair_8h.html" title="pair.h" alt="" coords="2151,528,2201,555">
<area shape="rect" href="$rpropertydefvector_8h.html" title="rpropertydefvector.h" alt="" coords="2225,528,2361,555">
<area shape="rect" href="$rpoint2dvector_8h.html" title="rpoint2dvector.h" alt="" coords="2385,304,2497,331">
<area shape="rect" href="$rvictimonmap_8h.html" title="rvictimonmap.h" alt="" coords="2437,379,2547,406">
<area shape="rect" href="$rpoint2odvector_8h.html" title="rpoint2odvector.h" alt="" coords="2487,528,2607,555">
<area shape="rect" href="$rpoint2ivector_8h.html" title="rpoint2ivector.h" alt="" coords="2201,304,2311,331">
<area shape="rect" href="$rfeatureonmapvector_8h.html" title="rfeatureonmapvector.h" alt="" coords="2631,528,2780,555">
<area shape="rect" href="$rfidtagonmap_8h.html" title="rfidtagonmap.h" alt="" coords="2673,379,2780,406">
<area shape="rect" href="$ritemonmapvector_8h.html" title="ritemonmapvector.h" alt="" coords="2724,304,2860,331">
<area shape="rect" href="$rpoint2donmap_8h.html" title="rpoint2donmap.h" alt="" coords="2855,379,2972,406">
<area shape="rect" href="$rpotentialvictimonmap_8h.html" title="rpotentialvictimonmap.h" alt="" coords="2996,379,3156,406">
<area shape="rect" href="$rfrontier_8h.html" title="rfrontier.h" alt="" coords="3081,528,3156,555">
<area shape="rect" href="$rhbdscanresult_8h.html" title="rhbdscanresult.h" alt="" coords="1831,528,1948,555">
<area shape="rect" href="$rtopologicalfrontier_8h.html" title="This file defines the class RTopologicalFrontier." alt="" coords="2884,304,3020,331">
<area shape="rect" href="$rstringvector_8h.html" title="rstringvector.h" alt="" coords="1972,528,2076,555">
<area shape="rect" href="$rtemperaturedata_8h.html" title="rtemperaturedata.h" alt="" coords="1572,304,1703,331">
<area shape="rect" href="$rusarrfiddata_8h.html" title="rusarrfiddata.h" alt="" coords="1871,304,1975,331">
<area shape="rect" href="$rusarvictimdata_8h.html" title="rusarvictimdata.h" alt="" coords="1727,304,1847,331">
<area shape="rect" href="$rusarvictimrfiddata_8h.html" title="rusarvictimrfiddata.h" alt="" coords="1409,304,1548,331">
<area shape="rect" href="$rint_8cpp.html" title="rint.cpp" alt="" coords="3249,230,3313,256">
<area shape="rect" href="$unittest__reflection_8h.html" title="unittest_reflection.h" alt="" coords="3337,230,3473,256">
