<area shape="rect" href="$rsonardata_8h.html" title="rsonardata.h" alt="" coords="1067,80,1160,106">
<area shape="rect" href="$object_8h.html" title="rdkcore/object/object.h" alt="" coords="660,378,812,405">
<area shape="rect" href="$sonardata_8h.html" title="rdkcore/sensordata/sonardata.h" alt="" coords="1096,154,1299,181">
<area shape="rect" href="$demangle_8h.html" title="rdkcore/demangle/demangle.h" alt="" coords="157,453,352,480">
<area shape="rect" href="$read_8h.html" title="rdkcore/serialization/read.h" alt="" coords="648,453,824,480">
<area shape="rect" href="$write_8h.html" title="rdkcore/serialization/write.h" alt="" coords="376,453,555,480">
<area shape="rect" href="$time_8h.html" title="rdkcore/time/time.h" alt="" coords="1001,453,1135,480">
<area shape="rect" href="$serialization_2utils_8h.html" title="utils.h" alt="" coords="701,528,757,554">
<area shape="rect" href="$serialization_2exceptions_8h.html" title="exceptions.h" alt="" coords="443,528,539,554">
<area shape="rect" href="$textutils_8h.html" title="rdkcore/textutils/textutils.h" alt="" coords="1035,602,1211,629">
<area shape="rect" href="$point_8h.html" title="rdkcore/geometry/point.h" alt="" coords="1349,304,1515,330">
<area shape="rect" href="$sensordata_8h.html" title="sensordata.h" alt="" coords="1149,229,1245,256">
<area shape="rect" href="$point2_8h.html" title="point2.h" alt="" coords="1449,528,1516,554">
<area shape="rect" href="$point2o_8h.html" title="point2o.h" alt="" coords="1591,453,1665,480">
<area shape="rect" href="$point3_8h.html" title="point3.h" alt="" coords="1399,378,1465,405">
<area shape="rect" href="$point3o_8h.html" title="point3o.h" alt="" coords="1641,378,1716,405">
<area shape="rect" href="$angle_8h.html" title="angle.h" alt="" coords="1633,528,1697,554">
<area shape="rect" href="$geometry_2utils_8h.html" title="utils.h" alt="" coords="1579,602,1635,629">
