<area shape="rect" href="$container_8h.html" title="rdkcore/container/container.h" alt="" coords="661,80,848,107">
<area shape="rect" href="$object_8h.html" title="rdkcore/object/object.h" alt="" coords="419,304,571,331">
<area shape="rect" href="$time_8h.html" title="rdkcore/time/time.h" alt="" coords="1096,379,1229,406">
<area shape="rect" href="$point_8h.html" title="rdkcore/geometry/point.h" alt="" coords="1516,230,1681,256">
<area shape="rect" href="$rint_8h.html" title="rdkcore/rprimitive/rint.h" alt="" coords="1128,155,1283,182">
<area shape="rect" href="$rdouble_8h.html" title="rdkcore/rprimitive/rdouble.h" alt="" coords="925,155,1104,182">
<area shape="rect" href="$rstring_8h.html" title="rdkcore/rprimitive/rstring.h" alt="" coords="48,230,219,256">
<area shape="rect" href="$objectdiff_8h.html" title="rdkcore/object/objectdiff.h" alt="" coords="731,155,901,182">
<area shape="rect" href="$rprimitive_8h.html" title="rprimitive.h" alt="" coords="1036,230,1121,256">
<area shape="rect" href="$rprimitive_8hpp.html" title="rprimitive.hpp" alt="" coords="1029,304,1128,331">
<area shape="rect" href="$demangle_8h.html" title="rdkcore/demangle/demangle.h" alt="" coords="331,379,525,406">
<area shape="rect" href="$read_8h.html" title="rdkcore/serialization/read.h" alt="" coords="803,379,979,406">
<area shape="rect" href="$write_8h.html" title="rdkcore/serialization/write.h" alt="" coords="600,379,779,406">
<area shape="rect" href="$serialization_2utils_8h.html" title="utils.h" alt="" coords="672,454,728,480">
<area shape="rect" href="$serialization_2exceptions_8h.html" title="exceptions.h" alt="" coords="792,454,888,480">
<area shape="rect" href="$textutils_8h.html" title="rdkcore/textutils/textutils.h" alt="" coords="1053,528,1229,555">
<area shape="rect" href="$point2_8h.html" title="point2.h" alt="" coords="1657,454,1724,480">
<area shape="rect" href="$point2o_8h.html" title="point2o.h" alt="" coords="1728,379,1803,406">
<area shape="rect" href="$point3_8h.html" title="point3.h" alt="" coords="1661,304,1728,331">
<area shape="rect" href="$point3o_8h.html" title="point3o.h" alt="" coords="1803,304,1877,331">
<area shape="rect" href="$angle_8h.html" title="angle.h" alt="" coords="1777,454,1841,480">
<area shape="rect" href="$geometry_2utils_8h.html" title="utils.h" alt="" coords="1752,528,1808,555">
