<area shape="rect" href="$rdkcore_8h.html" title="rdkcore.h" alt="" coords="1695,528,1769,555">
<area shape="rect" href="$read_8h.html" title="read.h" alt="" coords="2867,80,2923,107">
<area shape="rect" href="$write_8h.html" title="write.h" alt="" coords="3393,80,3452,107">
<area shape="rect" href="$object_8h.html" title="object.h" alt="" coords="1931,155,1997,181">
<area shape="rect" href="$good__tests_8cpp.html" title="good_tests.cpp" alt="" coords="3223,229,3332,256">
<area shape="rect" href="$test2_8h.html" title="test2.h" alt="" coords="3356,229,3417,256">
<area shape="rect" href="$binaryreader_8h.html" title="binaryreader.h" alt="" coords="43,155,144,181">
<area shape="rect" href="$xmlreader_8h.html" title="xmlreader.h" alt="" coords="168,155,256,181">
<area shape="rect" href="$bad__tests_8h.html" title="bad_tests.h" alt="" coords="3441,229,3529,256">
<area shape="rect" href="$good__tests_8h.html" title="good_tests.h" alt="" coords="3417,155,3513,181">
<area shape="rect" href="$test1_8h.html" title="test1.h" alt="" coords="3553,229,3615,256">
<area shape="rect" href="$unittest__bad_8h.html" title="unittest_bad.h" alt="" coords="3033,155,3137,181">
<area shape="rect" href="$unittest__sanity_8cpp.html" title="unittest_sanity.cpp" alt="" coords="3161,155,3292,181">
<area shape="rect" href="$object_8cpp.html" title="object.cpp" alt="" coords="865,229,945,256">
<area shape="rect" href="$objectdiff_8h.html" title="objectdiff.h" alt="" coords="1389,229,1472,256">
<area shape="rect" href="$rimagediffrect_8h.html" title="rimagediffrect.h" alt="" coords="804,304,913,331">
<area shape="rect" href="$rmapimagediffrect_8h.html" title="rmapimagediffrect.h" alt="" coords="896,379,1032,405">
<area shape="rect" href="$rimagediffpoints_8h.html" title="rimagediffpoints.h" alt="" coords="1468,304,1591,331">
<area shape="rect" href="$rmapimagediffpoints_8h.html" title="rmapimagediffpoints.h" alt="" coords="1403,379,1549,405">
<area shape="rect" href="$rimagediffjpegpacket_8h.html" title="rimagediffjpegpacket.h" alt="" coords="1191,304,1343,331">
<area shape="rect" href="$objectmanager_8h.html" title="objectmanager.h" alt="" coords="1675,453,1789,480">
<area shape="rect" href="$repository_8h.html" title="repository.h" alt="" coords="1872,453,1960,480">
<area shape="rect" href="$session_8h.html" title="This file contains the Session class and some useful macros." alt="" coords="2104,379,2181,405">
<area shape="rect" href="$tcpmanager_8h.html" title="tcpmanager.h" alt="" coords="1919,304,2017,331">
<area shape="rect" href="$property_8h.html" title="property.h" alt="" coords="1817,304,1895,331">
<area shape="rect" href="$robjectqueue_8h.html" title="robjectqueue.h" alt="" coords="2001,229,2108,256">
<area shape="rect" href="$rpropertyupdate_8h.html" title="rpropertyupdate.h" alt="" coords="2475,453,2597,480">
<area shape="rect" href="$rremotesubscription_8h.html" title="rremotesubscription.h" alt="" coords="2303,304,2449,331">
<area shape="rect" href="$rpoint2d_8h.html" title="rpoint2d.h" alt="" coords="2625,304,2703,331">
<area shape="rect" href="$rpoint2dvector_8h.html" title="rpoint2dvector.h" alt="" coords="2676,379,2788,405">
<area shape="rect" href="$rpoint2odvector_8h.html" title="rpoint2odvector.h" alt="" coords="2897,379,3017,405">
<area shape="rect" href="$rpoint2od_8h.html" title="rpoint2od.h" alt="" coords="3012,304,3097,331">
<area shape="rect" href="$rpoint2i_8h.html" title="rpoint2i.h" alt="" coords="2793,229,2868,256">
<area shape="rect" href="$rpoint2ivector_8h.html" title="rpoint2ivector.h" alt="" coords="2777,304,2887,331">
<area shape="rect" href="$rpoint3d_8h.html" title="rpoint3d.h" alt="" coords="2473,304,2551,331">
<area shape="rect" href="$rpoint3od_8h.html" title="rpoint3od.h" alt="" coords="2193,304,2279,331">
<area shape="rect" href="$rquaterniond_8h.html" title="rquaterniond.h" alt="" coords="2993,229,3097,256">
<area shape="rect" href="$rimage_8h.html" title="rimage.h" alt="" coords="1044,229,1116,256">
<area shape="rect" href="$rc8set_8h.html" title="rc8set.h" alt="" coords="577,304,644,331">
<area shape="rect" href="$rimagepointc8_8h.html" title="rimagepointc8.h" alt="" coords="668,304,780,331">
<area shape="rect" href="$rposevector_8h.html" title="rposevector.h" alt="" coords="3085,453,3184,480">
<area shape="rect" href="$rfidtagonmap_8h.html" title="rfidtagonmap.h" alt="" coords="3208,453,3315,480">
<area shape="rect" href="$rfrontier_8h.html" title="rfrontier.h" alt="" coords="232,379,307,405">
<area shape="rect" href="$rhbdscanresult_8h.html" title="rhbdscanresult.h" alt="" coords="317,453,435,480">
<area shape="rect" href="$rline2donmap_8h.html" title="rline2donmap.h" alt="" coords="381,379,491,405">
<area shape="rect" href="$rpathanswer_8h.html" title="rpathanswer.h" alt="" coords="513,453,615,480">
<area shape="rect" href="$rpathrequest_8h.html" title="rpathrequest.h" alt="" coords="565,379,669,405">
<area shape="rect" href="$binarywriter_8h.html" title="binarywriter.h" alt="" coords="3655,453,3751,480">
<area shape="rect" href="$xmlwriter_8h.html" title="xmlwriter.h" alt="" coords="3744,155,3827,181">
