<area shape="rect" href="$posixmutex_8h.html" title="posixmutex.h" alt="" coords="3291,80,3389,107">
<area shape="rect" href="$rdkcore_8h.html" title="rdkcore.h" alt="" coords="3445,677,3520,704">
<area shape="rect" href="$pipequeue_8h.html" title="pipequeue.h" alt="" coords="4084,155,4175,181">
<area shape="rect" href="$session_8h.html" title="This file contains the Session class and some useful macros." alt="" coords="1429,379,1507,405">
<area shape="rect" href="$property_8cpp.html" title="property.cpp" alt="" coords="3953,379,4044,405">
<area shape="rect" href="$stack_8cpp.html" title="stack.cpp" alt="" coords="4743,80,4820,107">
<area shape="rect" href="$posixmutex_8cpp.html" title="posixmutex.cpp" alt="" coords="3237,155,3349,181">
<area shape="rect" href="$posixset_8h.html" title="posixset.h" alt="" coords="3723,603,3803,629">
<area shape="rect" href="$repository_8h.html" title="repository.h" alt="" coords="1865,453,1953,480">
<area shape="rect" href="$robotmodule_8cpp.html" title="robotmodule.cpp" alt="" coords="3328,528,3445,555">
<area shape="rect" href="$robotmodule_8h.html" title="robotmodule.h" alt="" coords="3037,453,3141,480">
<area shape="rect" href="$property_8h.html" title="property.h" alt="" coords="3424,304,3501,331">
<area shape="rect" href="$profiling_8cpp.html" title="profiling.cpp" alt="" coords="3424,155,3515,181">
<area shape="rect" href="$tcpmanager_8h.html" title="tcpmanager.h" alt="" coords="909,304,1008,331">
<area shape="rect" href="$remotesubscriptionregister_8h.html" title="remotesubscriptionregister.h" alt="" coords="2840,379,3024,405">
<area shape="rect" href="$unittest__overflow_8cpp.html" title="unittest_overflow.cpp" alt="" coords="4297,229,4441,256">
<area shape="rect" href="$unittest__overflow2_8cpp.html" title="unittest_overflow2.cpp" alt="" coords="4465,229,4617,256">
<area shape="rect" href="$unittest__overflow3_8cpp.html" title="unittest_overflow3.cpp" alt="" coords="3681,229,3833,256">
<area shape="rect" href="$unittest__pipequeue_8cpp.html" title="unittest_pipequeue.cpp" alt="" coords="3857,229,4012,256">
<area shape="rect" href="$unittest__pipequeue__size_8cpp.html" title="unittest_pipequeue_size.cpp" alt="" coords="4036,229,4223,256">
<area shape="rect" href="$robjectqueue_8h.html" title="robjectqueue.h" alt="" coords="3500,229,3607,256">
<area shape="rect" href="$module_8h.html" title="This file contains the Module class and other very important stuff." alt="" coords="171,603,245,629">
<area shape="rect" href="$modulemanager_8h.html" title="modulemanager.h" alt="" coords="568,528,691,555">
<area shape="rect" href="$remotesubscriptionregister_8cpp.html" title="remotesubscriptionregister.cpp" alt="" coords="2549,528,2747,555">
<area shape="rect" href="$session_8cpp.html" title="session.cpp" alt="" coords="2989,528,3080,555">
<area shape="rect" href="$session__diffs_8cpp.html" title="session_diffs.cpp" alt="" coords="765,528,888,555">
<area shape="rect" href="$session__events_8cpp.html" title="session_events.cpp" alt="" coords="912,528,1048,555">
<area shape="rect" href="$session__network_8cpp.html" title="session_network.cpp" alt="" coords="2771,528,2915,555">
<area shape="rect" href="$session__queue_8cpp.html" title="session_queue.cpp" alt="" coords="1072,528,1205,555">
<area shape="rect" href="$session__utils_8cpp.html" title="session_utils.cpp" alt="" coords="1229,528,1352,555">
<area shape="rect" href="$session__get__set__create_8cpp.html" title="session_get_set_create.cpp" alt="" coords="1376,453,1560,480">
<area shape="rect" href="$module_8cpp.html" title="module.cpp" alt="" coords="5,677,93,704">
<area shape="rect" href="$modulemanager_8cpp.html" title="modulemanager.cpp" alt="" coords="272,677,408,704">
<area shape="rect" href="$module1_8cpp.html" title="module1.cpp" alt="" coords="121,752,217,779">
<area shape="rect" href="$module1_8h.html" title="module1.h" alt="" coords="168,677,248,704">
<area shape="rect" href="$test__modules_8cpp.html" title="test_modules.cpp" alt="" coords="332,752,455,779">
<area shape="rect" href="$remotepropertymanager_8cpp.html" title="remotepropertymanager.cpp" alt="" coords="1427,528,1608,555">
<area shape="rect" href="$repository_8cpp.html" title="repository.cpp" alt="" coords="1632,528,1733,555">
<area shape="rect" href="$repository__queue_8cpp.html" title="repository_queue.cpp" alt="" coords="1757,528,1901,555">
<area shape="rect" href="$repository__remote_8cpp.html" title="repository_remote.cpp" alt="" coords="3155,528,3304,555">
<area shape="rect" href="$repository__storage_8cpp.html" title="repository_storage.cpp" alt="" coords="1925,528,2077,555">
<area shape="rect" href="$repository__utils_8cpp.html" title="repository_utils.cpp" alt="" coords="2101,528,2235,555">
<area shape="rect" href="$session_interface_8h.html" title="sessionInterface.h" alt="" coords="2259,528,2387,555">
<area shape="rect" href="$tcpmanager_8cpp.html" title="tcpmanager.cpp" alt="" coords="213,528,325,555">
<area shape="rect" href="$tcpmanager__peermanager_8cpp.html" title="tcpmanager_peermanager.cpp" alt="" coords="349,528,544,555">
<area shape="rect" href="$udpmanager_8cpp.html" title="udpmanager.cpp" alt="" coords="2411,528,2525,555">
<area shape="rect" href="$moduleconfig_8h.html" title="moduleconfig.h" alt="" coords="3481,379,3591,405">
<area shape="rect" href="$rpropertydef_8h.html" title="rpropertydef.h" alt="" coords="3153,379,3255,405">
<area shape="rect" href="$moduleconfig_8cpp.html" title="moduleconfig.cpp" alt="" coords="3475,453,3597,480">
