<area shape="rect" href="$struct_r_d_k2_1_1_r_maps_1_1_r_map_image.html#45df26991463c4aaa39575c18f196fec" title="RDK2::RMaps::RMapImage::buf2world" alt="" coords="313,6,559,32">
<area shape="rect" href="$class_r_d_k2_1_1_r_graphics_1_1_r_image.html#56e8dc8d5c37d9aea7fd6802fb5f6555" title="RDK2::RGraphics::RImage::getHeight" alt="" coords="316,56,556,83">
<area shape="rect" href="$struct_r_d_k2_1_1_r_maps_1_1_r_map_image.html#d174914acdc9d587ad15eff185d29e83" title="RDK2::RMaps::RMapImage::getPixelB" alt="" coords="313,107,559,134">
<area shape="rect" href="$class_r_d_k2_1_1_r_graphics_1_1_r_image.html#0ee8f4e4acf98cf73b809d60d3babcaa" title="RDK2::RGraphics::RImage::getWidth" alt="" coords="319,158,553,184">
<area shape="rect" href="$namespace_r_d_k2_1_1_r_maps.html#e187ac9adcc673257e7c0a4844de6107" title="RDK2::RMaps::markLine2" alt="" coords="351,208,521,235">
<area shape="rect" href="$struct_r_d_k2_1_1_r_maps_1_1_r_map_image.html#fdaa1fd9418016743c2ae19b4d2398c3" title="ritorna true se dentro" alt="" coords="313,259,559,286">
<area shape="rect" href="$class_r_d_k2_1_1_r_graphics_1_1_r_image.html#b9dbac6e5aa9589055e0cf6fbde6dff6" title="RDK2::RGraphics::RImage::getPixel" alt="" coords="608,107,840,134">
