<area shape="rect" href="$struct_r_d_k2_1_1_r_maps_1_1_r_map_image_diff_rect.html#04bccb1ec003882623221d36c8240b4d" title="RDK2::RMaps::RMapImageDiffRect::RMapImageDiffRect" alt="" coords="315,5,667,32">
<area shape="rect" href="$class_r_d_k2_1_1_r_graphics_1_1_r_image_diff_rect.html#d46a6dc038345ef20bcc4ffd2ba86975" title="RDK2::RGraphics::RImageDiffRect::split" alt="" coords="363,56,619,82">
<area shape="rect" href="$namespace_r_d_k2_1_1_r_graphics.html#77b5dee40d354117c67f8dc53d715411" title="RDK2::RGraphics::compressImgLine" alt="" coords="759,30,993,57">
<area shape="rect" href="$class_r_d_k2_1_1_r_graphics_1_1_r_image_diff_rect.html#57d1c93f6fd867cdf7c6634cd9f0913d" title="RDK2::RGraphics::RImageDiffRect::RImageDiffRect" alt="" coords="715,81,1037,108">
<area shape="rect" href="$class_r_d_k2_1_1_r_graphics_1_1_r_image.html#35f5dde321a067e79bead812edaa1d8c" title="RDK2::RGraphics::RImage::getBytesPerPixel" alt="" coords="1087,5,1372,32">
<area shape="rect" href="$namespace_r_d_k2_1_1_r_graphics.html#b7f22c6ba0613997e91f8ddeb86757d4" title="RDK2::RGraphics::reduceC8" alt="" coords="1136,56,1323,82">
