<area shape="rect" href="$class_posix_queues_1_1_pipe_queue_consumer.html" title="PosixQueues::PipeQueueConsumer\&lt; RDK2::Object \&gt;" alt="" coords="1324,137,1657,164">
<area shape="rect" href="$class_r_d_k2_1_1_object.html" title="La nuova e purificata RDK2::Object." alt="" coords="664,73,765,100">
<area shape="rect" href="$class_r_d_k2_1_1_serialization_1_1_readable.html" title="RDK2::Serialization::Readable" alt="" coords="276,73,471,100">
<area shape="rect" href="$class_r_d_k2_1_1_serialization_1_1_writable.html" title="RDK2::Serialization::Writable" alt="" coords="279,124,468,150">
<area shape="rect" href="$struct_r_d_k2_1_1_demangle_1_1_reflective.html" title="RDK2::Demangle::Reflective" alt="" coords="280,174,467,201">
<area shape="rect" title="STL class." alt="" coords="333,22,413,49">
<area shape="rect" href="$class_posix_queues_1_1_pipe_queue_consumer.html" title="PosixQueues::PipeQueueConsumer\&lt; T \&gt;" alt="" coords="908,356,1169,382">
<area shape="rect" title="STL class." alt="" coords="7,22,172,49">
<area shape="rect" href="$struct_r_d_k2_1_1_time_1_1_timestamp.html" title="RDK2::Time::Timestamp" alt="" coords="291,225,456,252">
<area shape="rect" title="STL class." alt="" coords="316,329,431,356">
<area shape="rect" title="STL class." alt="" coords="496,269,611,296">
<area shape="rect" href="$classbool.html" title="bool" alt="" coords="1468,188,1513,214">
