<area shape="rect" href="$class_r_d_k2_1_1_r_graphics_1_1_r_image.html#753521af4fc78f65cd7725830f4757b0" title="RDK2::RGraphics::RImage::getBuffer" alt="" coords="281,6,519,32">
<area shape="rect" href="$class_r_d_k2_1_1_r_graphics_1_1_r_image.html#56e8dc8d5c37d9aea7fd6802fb5f6555" title="RDK2::RGraphics::RImage::getHeight" alt="" coords="280,56,520,83">
<area shape="rect" href="$class_r_d_k2_1_1_r_graphics_1_1_r_image.html#0ee8f4e4acf98cf73b809d60d3babcaa" title="RDK2::RGraphics::RImage::getWidth" alt="" coords="283,107,517,134">
<area shape="rect" href="$namespace_r_d_k2_1_1_geometry.html#622feafd160df364c9e67c1aeaddd511" title="RDK2::Geometry::max" alt="" coords="324,158,476,184">
<area shape="rect" href="$namespace_r_d_k2_1_1_geometry.html#d4e283eaaa6ade98510bc0a2913f51e0" title="RDK2::Geometry::min" alt="" coords="325,208,475,235">
<area shape="rect" href="$struct_r_d_k2_1_1_r_maps_1_1_r_map_image.html#fdaa1fd9418016743c2ae19b4d2398c3" title="ritorna true se dentro" alt="" coords="277,259,523,286">
<area shape="rect" href="$struct_r_d_k2_1_1_geometry_1_1_point2.html#f7734b6940a3644ac34d2c396882df95" title="RDK2::Geometry::Point2\&lt; double \&gt;::max" alt="" coords="572,158,831,184">
<area shape="rect" href="$struct_r_d_k2_1_1_geometry_1_1_point2.html#40eafa9146f785b3902a8c9b1d06575e" title="RDK2::Geometry::Point2\&lt; double \&gt;::min" alt="" coords="573,208,829,235">
