<area shape="rect" href="$class_r_d_k2_1_1_object.html" title="La nuova e purificata RDK2::Object." alt="" coords="941,110,1043,137">
<area shape="rect" href="$class_r_d_k2_1_1_serialization_1_1_readable.html" title="RDK2::Serialization::Readable" alt="" coords="501,5,696,32">
<area shape="rect" href="$class_r_d_k2_1_1_serialization_1_1_writable.html" title="RDK2::Serialization::Writable" alt="" coords="504,56,693,82">
<area shape="rect" href="$struct_r_d_k2_1_1_demangle_1_1_reflective.html" title="RDK2::Demangle::Reflective" alt="" coords="505,106,692,133">
<area shape="rect" title="STL class." alt="" coords="559,176,639,202">
<area shape="rect" title="STL class." alt="" coords="167,176,332,202">
<area shape="rect" href="$struct_r_d_k2_1_1_time_1_1_timestamp.html" title="RDK2::Time::Timestamp" alt="" coords="516,245,681,272">
<area shape="rect" href="$class_r_d_k2_1_1_geometry_1_1_point3.html" title="RDK2::Geometry::Point3\&lt; double \&gt;" alt="" coords="879,350,1105,377">
<area shape="rect" href="$struct_r_d_k2_1_1_geometry_1_1_point2.html" title="RDK2::Geometry::Point2\&lt; double \&gt;" alt="" coords="485,378,712,405">
<area shape="rect" href="$classdouble.html" title="double" alt="" coords="220,449,279,476">
<area shape="rect" href="$struct_r_d_k2_1_1_geometry_1_1_point2.html" title="RDK2::Geometry::Point2\&lt; Numeric \&gt;" alt="" coords="131,357,368,384">
<area shape="rect" href="$class_r_d_k2_1_1_geometry_1_1_point3.html" title="RDK2::Geometry::Point3\&lt; Numeric \&gt;" alt="" coords="480,328,717,354">
