<area shape="rect" href="$class_r_d_k2_1_1_r_graphics_1_1_r_c8_set.html#dd3bd04fe350b62b552c868473784f57" title="RDK2::RGraphics::RC8Set::contains" alt="" coords="311,5,545,32">
<area shape="rect" href="$class_r_d_k2_1_1_r_graphics_1_1_r_image.html#56e8dc8d5c37d9aea7fd6802fb5f6555" title="RDK2::RGraphics::RImage::getHeight" alt="" coords="308,56,548,82">
<area shape="rect" href="$struct_r_d_k2_1_1_r_maps_1_1_r_map_image.html#d174914acdc9d587ad15eff185d29e83" title="RDK2::RMaps::RMapImage::getPixelB" alt="" coords="305,106,551,133">
<area shape="rect" href="$class_r_d_k2_1_1_geometry_1_1_line_walk.html#b4d0608f7765ef90dc6b7bcf434d2964" title="RDK2::Geometry::LineWalk::getPoint" alt="" coords="309,157,547,184">
<area shape="rect" href="$class_r_d_k2_1_1_r_graphics_1_1_r_image.html#0ee8f4e4acf98cf73b809d60d3babcaa" title="RDK2::RGraphics::RImage::getWidth" alt="" coords="311,208,545,234">
<area shape="rect" href="$class_r_d_k2_1_1_geometry_1_1_line_walk.html#cb7d378a7cab0569c4c4e053ed4a91c7" title="RDK2::Geometry::LineWalk::next" alt="" coords="321,258,535,285">
<area shape="rect" href="$struct_r_d_k2_1_1_r_maps_1_1_r_map_image.html#fdaa1fd9418016743c2ae19b4d2398c3" title="ritorna true se dentro" alt="" coords="305,309,551,336">
<area shape="rect" href="$class_r_d_k2_1_1_r_graphics_1_1_r_image.html#b9dbac6e5aa9589055e0cf6fbde6dff6" title="RDK2::RGraphics::RImage::getPixel" alt="" coords="600,106,832,133">
