<area shape="rect" href="$class_r_d_k2_1_1_object.html" title="La nuova e purificata RDK2::Object." alt="" coords="941,124,1043,150">
<area shape="rect" href="$class_r_d_k2_1_1_serialization_1_1_readable.html" title="RDK2::Serialization::Readable" alt="" coords="501,5,696,32">
<area shape="rect" href="$class_r_d_k2_1_1_serialization_1_1_writable.html" title="RDK2::Serialization::Writable" alt="" coords="504,56,693,82">
<area shape="rect" href="$struct_r_d_k2_1_1_demangle_1_1_reflective.html" title="RDK2::Demangle::Reflective" alt="" coords="505,106,692,133">
<area shape="rect" title="STL class." alt="" coords="559,210,639,237">
<area shape="rect" title="STL class." alt="" coords="167,210,332,237">
<area shape="rect" href="$struct_r_d_k2_1_1_time_1_1_timestamp.html" title="RDK2::Time::Timestamp" alt="" coords="516,268,681,294">
<area shape="rect" href="$classdouble.html" title="double" alt="" coords="220,434,279,461">
<area shape="rect" href="$class_r_d_k2_1_1_geometry_1_1_point3.html" title="RDK2::Geometry::Point3\&lt; double \&gt;" alt="" coords="879,465,1105,492">
<area shape="rect" href="$struct_r_d_k2_1_1_geometry_1_1_point2.html" title="RDK2::Geometry::Point2\&lt; double \&gt;" alt="" coords="485,496,712,522">
<area shape="rect" href="$struct_r_d_k2_1_1_geometry_1_1_point2.html" title="RDK2::Geometry::Point2\&lt; Numeric \&gt;" alt="" coords="131,557,368,584">
<area shape="rect" href="$class_r_d_k2_1_1_geometry_1_1_point3.html" title="RDK2::Geometry::Point3\&lt; Numeric \&gt;" alt="" coords="480,577,717,604">
