<area shape="rect" href="$class_r_d_k2_1_1_object.html" title="La nuova e purificata RDK2::Object." alt="" coords="941,132,1043,159">
<area shape="rect" href="$class_r_d_k2_1_1_serialization_1_1_readable.html" title="RDK2::Serialization::Readable" alt="" coords="501,5,696,32">
<area shape="rect" href="$class_r_d_k2_1_1_serialization_1_1_writable.html" title="RDK2::Serialization::Writable" alt="" coords="504,56,693,83">
<area shape="rect" href="$struct_r_d_k2_1_1_demangle_1_1_reflective.html" title="RDK2::Demangle::Reflective" alt="" coords="505,107,692,133">
<area shape="rect" title="STL class." alt="" coords="559,157,639,184">
<area shape="rect" title="STL class." alt="" coords="167,157,332,184">
<area shape="rect" href="$struct_r_d_k2_1_1_time_1_1_timestamp.html" title="RDK2::Time::Timestamp" alt="" coords="516,241,681,268">
<area shape="rect" href="$classdouble.html" title="double" alt="" coords="220,379,279,405">
<area shape="rect" href="$class_r_d_k2_1_1_geometry_1_1_point3.html" title="RDK2::Geometry::Point3\&lt; double \&gt;" alt="" coords="879,379,1105,405">
<area shape="rect" href="$struct_r_d_k2_1_1_geometry_1_1_point2.html" title="RDK2::Geometry::Point2\&lt; double \&gt;" alt="" coords="485,440,712,467">
<area shape="rect" href="$struct_r_d_k2_1_1_geometry_1_1_point2.html" title="RDK2::Geometry::Point2\&lt; Numeric \&gt;" alt="" coords="131,501,368,528">
<area shape="rect" href="$class_r_d_k2_1_1_geometry_1_1_point3.html" title="RDK2::Geometry::Point3\&lt; Numeric \&gt;" alt="" coords="480,521,717,548">
