<area shape="rect" href="$ryellowpages_8h.html" title="rdkcore/rnetobjects/ryellowpages.h" alt="" coords="3328,243,3549,269">
<area shape="rect" href="$rstring_8h.html" title="rdkcore/rprimitive/rstring.h" alt="" coords="531,243,701,269">
<area shape="rect" href="$threads_8h.html" title="rdkcore/common/threads.h" alt="" coords="93,317,269,344">
<area shape="rect" href="$logging_8h.html" title="rdkcore/logging/logging.h" alt="" coords="189,467,355,493">
<area shape="rect" href="$repository_8h.html" title="repository.h" alt="" coords="2085,93,2173,120">
<area shape="rect" href="$tcpmanager_8h.html" title="tcpmanager.h" alt="" coords="776,243,875,269">
<area shape="rect" href="$object_8h.html" title="rdkcore/object/object.h" alt="" coords="2139,392,2291,419">
<area shape="rect" href="$socketaddress_8h.html" title="rdkcore/network/socketaddress.h" alt="" coords="1176,541,1389,568">
<area shape="rect" href="$rnetmessage_8h.html" title="rnetmessage.h" alt="" coords="2869,317,2976,344">
<area shape="rect" href="$demangle_8h.html" title="rdkcore/demangle/demangle.h" alt="" coords="1903,616,2097,643">
<area shape="rect" href="$read_8h.html" title="rdkcore/serialization/read.h" alt="" coords="2121,616,2297,643">
<area shape="rect" href="$write_8h.html" title="rdkcore/serialization/write.h" alt="" coords="2245,541,2424,568">
<area shape="rect" href="$time_8h.html" title="rdkcore/time/time.h" alt="" coords="2645,467,2779,493">
<area shape="rect" href="$netexception_8h.html" title="rdkcore/network/netexception.h" alt="" coords="941,616,1144,643">
<area shape="rect" href="$nettypes_8h.html" title="rdkcore/network/nettypes.h" alt="" coords="1531,392,1709,419">
<area shape="rect" href="$posixsem_8h.html" title="rdkcore/posixconstructs/posixsem.h" alt="" coords="1000,243,1232,269">
<area shape="rect" href="$posixmutex_8h.html" title="rdkcore/posixconstructs/posixmutex.h" alt="" coords="1467,317,1709,344">
<area shape="rect" href="$textutils_8h.html" title="rdkcore/textutils/textutils.h" alt="" coords="1157,467,1333,493">
<area shape="rect" href="$queueinterface_8h.html" title="rdkcore/posixqueues/queueinterface.h" alt="" coords="584,168,824,195">
<area shape="rect" href="$property_8h.html" title="rdkcore/repository_struct/property.h" alt="" coords="2139,243,2365,269">
<area shape="rect" href="$url_8h.html" title="url.h" alt="" coords="2779,317,2824,344">
<area shape="rect" href="$rremotesubscription_8h.html" title="rdkcore/repository_struct/rremotesubscription.h" alt="" coords="2491,243,2784,269">
<area shape="rect" href="$rpropertydef_8h.html" title="rdkcore/repository_struct/rpropertydef.h" alt="" coords="2491,168,2739,195">
<area shape="rect" href="$session_8h.html" title="This file contains the Session class and some useful macros." alt="" coords="1701,168,1779,195">
<area shape="rect" href="$udpmanager_8h.html" title="udpmanager.h" alt="" coords="3152,243,3253,269">
<area shape="rect" href="$remotepropertymanager_8h.html" title="remotepropertymanager.h" alt="" coords="2960,243,3128,269">
<area shape="rect" href="$remotesubscriptionregister_8h.html" title="remotesubscriptionregister.h" alt="" coords="2037,168,2221,195">
<area shape="rect" href="$stack_8h.html" title="stack.h" alt="" coords="1369,392,1433,419">
<area shape="rect" href="$interests_8h.html" title="interests.h" alt="" coords="685,317,768,344">
<area shape="rect" href="$rdouble_8h.html" title="rdkcore/rprimitive/rdouble.h" alt="" coords="1885,317,2064,344">
<area shape="rect" href="$robjectqueue_8h.html" title="rdkcore/repository_struct/robjectqueue.h" alt="" coords="2088,317,2341,344">
<area shape="rect" href="$property_8hpp.html" title="property.hpp" alt="" coords="2416,317,2507,344">
<area shape="rect" href="$repository__struct_2exceptions_8h.html" title="exceptions.h" alt="" coords="2733,392,2829,419">
<area shape="rect" href="$inetaddress_8h.html" title="rdkcore/network/inetaddress.h" alt="" coords="939,467,1133,493">
<area shape="rect" href="$profiling_8h.html" title="rdkcore/profiling/profiling.h" alt="" coords="1408,243,1581,269">
<area shape="rect" href="$rint_8h.html" title="rdkcore/rprimitive/rint.h" alt="" coords="1605,243,1760,269">
<area shape="rect" href="$tcpsocket_8h.html" title="rdkcore/network/tcpsocket.h" alt="" coords="941,392,1125,419">
<area shape="rect" href="$tcpserversocket_8h.html" title="rdkcore/network/tcpserversocket.h" alt="" coords="792,317,1013,344">
