<area shape="rect" href="$modulemanager_8h.html" title="modules/modulemanager.h" alt="" coords="1348,229,1524,256">
<area shape="rect" href="$module1_8h.html" title="module1.h" alt="" coords="1497,80,1577,107">
<area shape="rect" href="$posixsem_8h.html" title="rdkcore/posixconstructs/posixsem.h" alt="" coords="433,453,665,480">
<area shape="rect" href="$textutils_8h.html" title="rdkcore/textutils/textutils.h" alt="" coords="1204,677,1380,704">
<area shape="rect" href="$repository_8h.html" title="rdkcore/repository/repository.h" alt="" coords="1176,304,1371,331">
<area shape="rect" href="$session_8h.html" title="This file contains the Session class and some useful macros." alt="" coords="3108,379,3185,405">
<area shape="rect" href="$container_8h.html" title="rdkcore/container/container.h" alt="" coords="4108,453,4295,480">
<area shape="rect" href="$ragentconfig_8h.html" title="rdkcore/modules_config/ragentconfig.h" alt="" coords="787,304,1032,331">
<area shape="rect" href="$posixmutex_8h.html" title="rdkcore/posixconstructs/posixmutex.h" alt="" coords="1049,528,1292,555">
<area shape="rect" href="$queueinterface_8h.html" title="rdkcore/posixqueues/queueinterface.h" alt="" coords="343,379,583,405">
<area shape="rect" href="$object_8h.html" title="rdkcore/object/object.h" alt="" coords="2941,603,3093,629">
<area shape="rect" href="$rnetmessage_8h.html" title="rdkcore/rnetobjects/rnetmessage.h" alt="" coords="1417,528,1639,555">
<area shape="rect" href="$property_8h.html" title="rdkcore/repository_struct/property.h" alt="" coords="2055,453,2281,480">
<area shape="rect" href="$url_8h.html" title="url.h" alt="" coords="1991,528,2036,555">
<area shape="rect" href="$rremotesubscription_8h.html" title="rdkcore/repository_struct/rremotesubscription.h" alt="" coords="1535,453,1828,480">
<area shape="rect" href="$rpropertydef_8h.html" title="rdkcore/repository_struct/rpropertydef.h" alt="" coords="1923,379,2171,405">
<area shape="rect" href="$tcpmanager_8h.html" title="tcpmanager.h" alt="" coords="1311,453,1409,480">
<area shape="rect" href="$udpmanager_8h.html" title="udpmanager.h" alt="" coords="943,453,1044,480">
<area shape="rect" href="$remotepropertymanager_8h.html" title="remotepropertymanager.h" alt="" coords="1068,453,1236,480">
<area shape="rect" href="$remotesubscriptionregister_8h.html" title="remotesubscriptionregister.h" alt="" coords="892,379,1076,405">
<area shape="rect" href="$stack_8h.html" title="stack.h" alt="" coords="1468,603,1532,629">
<area shape="rect" href="$interests_8h.html" title="interests.h" alt="" coords="943,528,1025,555">
<area shape="rect" href="$demangle_8h.html" title="rdkcore/demangle/demangle.h" alt="" coords="2987,677,3181,704">
<area shape="rect" href="$read_8h.html" title="rdkcore/serialization/read.h" alt="" coords="4276,677,4452,704">
<area shape="rect" href="$rdouble_8h.html" title="rdkcore/rprimitive/rdouble.h" alt="" coords="2735,528,2913,555">
<area shape="rect" href="$robjectqueue_8h.html" title="rdkcore/repository_struct/robjectqueue.h" alt="" coords="2457,528,2711,555">
<area shape="rect" href="$inetaddress_8h.html" title="rdkcore/network/inetaddress.h" alt="" coords="2457,453,2652,480">
<area shape="rect" href="$profiling_8h.html" title="rdkcore/profiling/profiling.h" alt="" coords="2676,453,2849,480">
<area shape="rect" href="$rint_8h.html" title="rdkcore/rprimitive/rint.h" alt="" coords="3879,528,4033,555">
<area shape="rect" href="$rstring_8h.html" title="rdkcore/rprimitive/rstring.h" alt="" coords="4404,528,4575,555">
<area shape="rect" href="$rbool_8h.html" title="rdkcore/rprimitive/rbool.h" alt="" coords="2873,453,3036,480">
<area shape="rect" href="$rpoint2od_8h.html" title="rdkcore/rgeometry/rpoint2od.h" alt="" coords="2988,528,3183,555">
<area shape="rect" href="$rpoint2d_8h.html" title="rdkcore/rgeometry/rpoint2d.h" alt="" coords="3207,528,3393,555">
<area shape="rect" href="$rpoint3d_8h.html" title="rdkcore/rgeometry/rpoint3d.h" alt="" coords="3417,528,3604,555">
<area shape="rect" href="$rpoint3od_8h.html" title="rdkcore/rgeometry/rpoint3od.h" alt="" coords="3529,453,3724,480">
<area shape="rect" href="$rimage_8h.html" title="rdkcore/rgraphics/rimage.h" alt="" coords="3679,528,3855,555">
<area shape="rect" href="$rmapimage_8h.html" title="rdkcore/rmaps/rmapimage.h" alt="" coords="3748,453,3932,480">
<area shape="rect" href="$events_8h.html" title="events.h" alt="" coords="2533,603,2605,629">
<area shape="rect" href="$session_8hpp.html" title="session.hpp" alt="" coords="3060,453,3151,480">
<area shape="rect" href="$objectdiff_8h.html" title="rdkcore/object/objectdiff.h" alt="" coords="4108,528,4279,555">
<area shape="rect" href="$moduleconfig_8h.html" title="moduleconfig.h" alt="" coords="708,379,817,405">
<area shape="rect" href="$module_8h.html" title="This file contains the Module class and other very important stuff." alt="" coords="1473,155,1601,181">
