<area shape="rect" href="$rint_8h.html" title="rdkcore/rprimitive/rint.h" alt="" coords="8,155,163,182">
<area shape="rect" href="$rdouble_8h.html" title="rdkcore/rprimitive/rdouble.h" alt="" coords="187,155,365,182">
<area shape="rect" href="$container_8h.html" title="rdkcore/container/container.h" alt="" coords="360,80,547,107">
<area shape="rect" href="$rprimitive_8h.html" title="rprimitive.h" alt="" coords="49,230,135,256">
<area shape="rect" href="$object_8h.html" title="rdkcore/object/object.h" alt="" coords="531,304,683,331">
<area shape="rect" href="$rprimitive_8hpp.html" title="rprimitive.hpp" alt="" coords="43,304,141,331">
<area shape="rect" href="$demangle_8h.html" title="rdkcore/demangle/demangle.h" alt="" coords="544,379,739,406">
<area shape="rect" href="$read_8h.html" title="rdkcore/serialization/read.h" alt="" coords="813,379,989,406">
<area shape="rect" href="$write_8h.html" title="rdkcore/serialization/write.h" alt="" coords="1013,379,1192,406">
<area shape="rect" href="$time_8h.html" title="rdkcore/time/time.h" alt="" coords="317,379,451,406">
<area shape="rect" href="$serialization_2utils_8h.html" title="utils.h" alt="" coords="875,454,931,480">
<area shape="rect" href="$serialization_2exceptions_8h.html" title="exceptions.h" alt="" coords="1035,454,1131,480">
<area shape="rect" href="$textutils_8h.html" title="rdkcore/textutils/textutils.h" alt="" coords="661,528,837,555">
<area shape="rect" href="$rstring_8h.html" title="rdkcore/rprimitive/rstring.h" alt="" coords="327,230,497,256">
<area shape="rect" href="$objectdiff_8h.html" title="rdkcore/object/objectdiff.h" alt="" coords="521,230,692,256">
