<area shape="rect" href="$binaryreader_8h.html" title="rdkcore/serialization_binary/binaryreader.h" alt="" coords="572,304,836,331">
<area shape="rect" href="$binarywriter_8h.html" title="rdkcore/serialization_binary/binarywriter.h" alt="" coords="256,304,515,331">
<area shape="rect" href="$unittest__reflection_8h.html" title="unittest_reflection.h" alt="" coords="932,80,1068,107">
<area shape="rect" href="$read_8h.html" title="rdkcore/serialization/read.h" alt="" coords="613,379,789,406">
<area shape="rect" href="$serialization_2utils_8h.html" title="utils.h" alt="" coords="397,454,453,480">
<area shape="rect" href="$serialization_2exceptions_8h.html" title="exceptions.h" alt="" coords="653,454,749,480">
<area shape="rect" href="$textutils_8h.html" title="rdkcore/textutils/textutils.h" alt="" coords="463,528,639,555">
<area shape="rect" href="$write_8h.html" title="rdkcore/serialization/write.h" alt="" coords="411,379,589,406">
<area shape="rect" href="$packets_8h.html" title="packets.h" alt="" coords="309,379,387,406">
<area shape="rect" href="$object_8h.html" title="rdkcore/object/object.h" alt="" coords="977,304,1129,331">
<area shape="rect" href="$rint_8h.html" title="rdkcore/rprimitive/rint.h" alt="" coords="1461,155,1616,182">
<area shape="rect" href="$demangle_8h.html" title="rdkcore/demangle/demangle.h" alt="" coords="1253,379,1448,406">
<area shape="rect" href="$time_8h.html" title="rdkcore/time/time.h" alt="" coords="915,379,1048,406">
<area shape="rect" href="$rprimitive_8h.html" title="rprimitive.h" alt="" coords="1481,230,1567,256">
<area shape="rect" href="$rprimitive_8hpp.html" title="rprimitive.hpp" alt="" coords="1461,304,1560,331">
