<area shape="rect" href="$point2o_8h.html" title="point2o.h" alt="" coords="3065,80,3140,107">
<area shape="rect" href="$rdkcore_8h.html" title="rdkcore.h" alt="" coords="1755,528,1829,555">
<area shape="rect" href="$robotmodels_8cpp.html" title="robotmodels.cpp" alt="" coords="3115,379,3232,405">
<area shape="rect" href="$point3o_8h.html" title="point3o.h" alt="" coords="2908,155,2983,181">
<area shape="rect" href="$point_8h.html" title="point.h" alt="" coords="1699,229,1757,256">
<area shape="rect" href="$quaternion_8h.html" title="quaternion.h" alt="" coords="3057,155,3148,181">
<area shape="rect" href="$dmatrix__algebra_8h.html" title="dmatrix_algebra.h" alt="" coords="441,453,564,480">
<area shape="rect" href="$geometryfunctions_8cpp.html" title="geometryfunctions.cpp" alt="" coords="3419,528,3571,555">
<area shape="rect" href="$segment2_8h.html" title="segment2.h" alt="" coords="3273,304,3361,331">
<area shape="rect" href="$segment_8h.html" title="segment.h" alt="" coords="3357,379,3440,405">
<area shape="rect" href="$geometryfunctions_8h.html" title="geometryfunctions.h" alt="" coords="3425,453,3564,480">
<area shape="rect" href="$otherpoints_8h.html" title="otherpoints.h" alt="" coords="1251,379,1347,405">
<area shape="rect" href="$output_8h.html" title="output.h" alt="" coords="1085,453,1152,480">
<area shape="rect" href="$reference_8h.html" title="reference.h" alt="" coords="1176,453,1261,480">
<area shape="rect" href="$posenormaldist_8h.html" title="posenormaldist.h" alt="" coords="1336,453,1456,480">
<area shape="rect" href="$robotmodels_8h.html" title="robotmodels.h" alt="" coords="3001,304,3105,331">
<area shape="rect" href="$geometry_2utils_8cpp.html" title="Miscellaneous utility functions." alt="" coords="3129,304,3199,331">
<area shape="rect" href="$viewport_8h.html" title="viewport.h" alt="" coords="1433,304,1513,331">
<area shape="rect" href="$rmapimage_8h.html" title="rmapimage.h" alt="" coords="1681,379,1777,405">
<area shape="rect" href="$rmapimagediffpoints_8h.html" title="rmapimagediffpoints.h" alt="" coords="1583,453,1729,480">
<area shape="rect" href="$walk__circle_8h.html" title="walk_circle.h" alt="" coords="1801,379,1897,405">
<area shape="rect" href="$walk__line_8h.html" title="walk_line.h" alt="" coords="735,304,820,331">
<area shape="rect" href="$walk__quad_8cpp.html" title="walk_quad.cpp" alt="" coords="829,453,936,480">
<area shape="rect" href="$walk__quad_8h.html" title="walk_quad.h" alt="" coords="836,379,929,405">
<area shape="rect" href="$rpoint2d_8h.html" title="rpoint2d.h" alt="" coords="2596,304,2673,331">
<area shape="rect" href="$rpoint2dvector_8h.html" title="rpoint2dvector.h" alt="" coords="2297,379,2409,405">
<area shape="rect" href="$rvictimonmap_8h.html" title="rvictimonmap.h" alt="" coords="1905,453,2015,480">
<area shape="rect" href="$rpoint2odvector_8h.html" title="rpoint2odvector.h" alt="" coords="2039,453,2159,480">
<area shape="rect" href="$rpoint2od_8h.html" title="rpoint2od.h" alt="" coords="2015,379,2100,405">
<area shape="rect" href="$rpoint2i_8h.html" title="rpoint2i.h" alt="" coords="535,304,609,331">
<area shape="rect" href="$rpoint2ivector_8h.html" title="rpoint2ivector.h" alt="" coords="551,379,660,405">
<area shape="rect" href="$rpoint3d_8h.html" title="rpoint3d.h" alt="" coords="2421,453,2499,480">
<area shape="rect" href="$rpoint3od_8h.html" title="rpoint3od.h" alt="" coords="1047,304,1132,331">
<area shape="rect" href="$rimagediffpoints_8h.html" title="rimagediffpoints.h" alt="" coords="1484,379,1607,405">
<area shape="rect" href="$rimagediffjpegpacket_8h.html" title="rimagediffjpegpacket.h" alt="" coords="1156,304,1308,331">
<area shape="rect" href="$rimagepointc8_8h.html" title="rimagepointc8.h" alt="" coords="2787,379,2899,405">
<area shape="rect" href="$rposevector_8h.html" title="rposevector.h" alt="" coords="2523,453,2621,480">
<area shape="rect" href="$rfidtagonmap_8h.html" title="rfidtagonmap.h" alt="" coords="2605,379,2712,405">
<area shape="rect" href="$rfrontier_8h.html" title="rfrontier.h" alt="" coords="2704,453,2779,480">
<area shape="rect" href="$rhbdscanresult_8h.html" title="rhbdscanresult.h" alt="" coords="2923,379,3040,405">
<area shape="rect" href="$rline2donmap_8h.html" title="rline2donmap.h" alt="" coords="5,453,115,480">
<area shape="rect" href="$rpathanswer_8h.html" title="rpathanswer.h" alt="" coords="73,379,175,405">
<area shape="rect" href="$rpathrequest_8h.html" title="rpathrequest.h" alt="" coords="189,453,293,480">
<area shape="rect" href="$rpoint2donmap_8h.html" title="rpoint2donmap.h" alt="" coords="249,379,367,405">
<area shape="rect" href="$rpotentialvictimonmap_8h.html" title="rpotentialvictimonmap.h" alt="" coords="300,304,460,331">
<area shape="rect" href="$rtopologicalfrontier_8h.html" title="This file defines the class RTopologicalFrontier." alt="" coords="1791,304,1927,331">
<area shape="rect" href="$rjoystickstatus_8h.html" title="rjoystickstatus.h" alt="" coords="1951,304,2068,331">
<area shape="rect" href="$rstereoimageheightsdata_8h.html" title="rstereoimageheightsdata.h" alt="" coords="2092,304,2265,331">
<area shape="rect" href="$rtemperaturedata_8h.html" title="rtemperaturedata.h" alt="" coords="2289,304,2420,331">
