<area shape="rect" href="$class_r_d_k2_1_1_repository_n_s_1_1_remote_property_manager.html#e92b8c3219958c8375c827ecbbbde73d" title="RDK2::RepositoryNS::RemotePropertyManager::periodicUdpRenewal" alt="" coords="532,107,951,134">
<area shape="rect" href="$class_r_d_k2_1_1_repository_n_s_1_1_repository.html#b625d4233359a376d5eef03adb1a964f" title="RDK2::RepositoryNS::Repository::createSession" alt="" coords="1096,6,1400,32">
<area shape="rect" href="$class_r_d_k2_1_1_repository_n_s_1_1_session.html#60218cdaf514d07e8943e641951ffb50" title="RDK2::RepositoryNS::Session::getDouble" alt="" coords="1116,56,1380,83">
<area shape="rect" href="$class_r_d_k2_1_1_repository_n_s_1_1_session.html#18c69203f06d94792d55a2d22c81db9c" title="RDK2::RepositoryNS::Session::getRepositoryName" alt="" coords="1088,107,1408,134">
<area shape="rect" href="$class_r_d_k2_1_1_repository_n_s_1_1_remote_subscription_register.html#576b56dbf5b8455b7d029cfc86b344ed" title="RDK2::RepositoryNS::RemoteSubscriptionRegister::queryForPropertiesToReceive" alt="" coords="1000,158,1496,184">
<area shape="rect" href="$class_r_d_k2_1_1_repository_n_s_1_1_session.html#06add48ab48e1023e4fa0bab7a982a02" title="RDK2::RepositoryNS::Session::queuePush" alt="" coords="1112,284,1384,311">
<area shape="rect" href="$class_r_d_k2_1_1_repository_n_s_1_1_repository.html#1ffc81fc6472f7754a7699b7491245ea" title="Each repository has a unique name, i.e. the one used in the constructor." alt="" coords="1592,107,1928,134">
<area shape="rect" href="$struct_r_d_k2_1_1_repository_n_s_1_1_r_remote_subscription.html#a5e17e632b1047b1ed686c19f77d6b4f" title="Returns a string to be used to visualize the object." alt="" coords="1545,158,1975,184">
<area shape="rect" href="$namespace_network.html#caffb4fb20080680f8a1d5768e423f9d" title="Network::netProtocolToString" alt="" coords="2025,158,2215,184">
<area shape="rect" href="$class_posix_queues_1_1_pipe_queue.html#fb2a3e8e91e5ce3b96a193308bcdc310" title="PosixQueues::PipeQueue::gc" alt="" coords="1664,208,1856,235">
<area shape="rect" href="$class_r_d_k2_1_1_repository_n_s_1_1_property.html#c5b04454f082e73889fe123081671ef8" title="RDK2::RepositoryNS::Property::getObjectClassName" alt="" coords="1595,259,1925,286">
<area shape="rect" href="$class_r_d_k2_1_1_repository_n_s_1_1_property.html#81e5e2c0ad9c376b6e4d43c264398e89" title="RDK2::RepositoryNS::Property::isQueue" alt="" coords="1632,310,1888,336">
<area shape="rect" href="$class_posix_queues_1_1_pipe_queue.html#c8937b1d315e4969ba05a5c3aa3932f7" title="ob is now property of this queue" alt="" coords="1656,360,1864,387">
<area shape="rect" href="$class_r_d_k2_1_1_repository_n_s_1_1_property.html#4c423050e34a18e0552bd646581b1169" title="RDK2::RepositoryNS::Property::setObjectClassName" alt="" coords="1595,411,1925,438">
