<area shape="rect" href="$class_r_d_k2_1_1_object.html#7892a606b34d60877cac570b1634a626" title="RDK2::Object::clone" alt="" coords="372,107,511,134">
<area shape="rect" href="$struct_r_d_k2_1_1_demangle_1_1_reflective.html#9277d1d6deb515a6cf603fd39caf08a8" title="RDK2::Demangle::Reflective::getClassName" alt="" coords="560,107,840,134">
<area shape="rect" href="$namespace_r_d_k2_1_1_demangle.html#7271ff5f9d920962422e67f63941e1d7" title="RDK2::Demangle::demangle" alt="" coords="889,107,1073,134">
<area shape="rect" href="$namespace_r_d_k2_1_1_demangle.html#3b6ace6c9a840f7b51ecf66316288b77" title="RDK2::Demangle::deleteNamespaces" alt="" coords="1123,82,1363,108">
<area shape="rect" href="$namespace_r_d_k2_1_1_demangle.html#41de781c3ef20c38d0c14456e62948fb" title="RDK2::Demangle::rdemangle" alt="" coords="1148,132,1337,159">
<area shape="rect" href="$namespace_r_d_k2_1_1_demangle.html#8c0c7c9ce4814fbb1211ff3062318dd2" title="RDK2::Demangle::try_type" alt="" coords="1411,132,1587,159">
<area shape="rect" href="$namespace_r_d_k2_1_1_demangle.html#1c106ed97b848640e31942ab6d072c41" title="RDK2::Demangle::native_type" alt="" coords="1647,6,1841,32">
<area shape="rect" href="$namespace_r_d_k2_1_1_demangle.html#7096de8a7c46985a70bfccb0a972d6be" title="RDK2::Demangle::pointer" alt="" coords="1660,56,1828,83">
<area shape="rect" href="$namespace_r_d_k2_1_1_demangle.html#03e2733aa0b1679dbb067e00b8d762cd" title="RDK2::Demangle::qualified_class" alt="" coords="1636,107,1852,134">
<area shape="rect" href="$namespace_r_d_k2_1_1_demangle.html#ae0712d935474246b50d911fada13230" title="RDK2::Demangle::reference" alt="" coords="1652,158,1836,184">
<area shape="rect" href="$namespace_r_d_k2_1_1_demangle.html#49a854f4a3d0e04c97304667cc66b8a1" title="RDK2::Demangle::simple_class" alt="" coords="1641,208,1847,235">
<area shape="rect" href="$namespace_r_d_k2_1_1_demangle.html#8a9767825f195a1be60a0e440a17122d" title="RDK2::Demangle::template_class" alt="" coords="1636,259,1852,286">
