<area shape="rect" href="$class_r_d_k2_1_1_r_net_objects_1_1_r_yellow_pages.html#921c7fb1b2cf41fd017b374d41f9cb96" title="Get host address trought given socket e name ( logaritmic time implementation )." alt="" coords="364,132,705,159">
<area shape="rect" href="$class_r_d_k2_1_1_repository_n_s_1_1_session.html#0551925ae140c870a77ca285bbbeb308" title="Lock the selected property." alt="" coords="420,183,649,209">
<area shape="rect" href="$class_r_d_k2_1_1_repository_n_s_1_1_session.html#e21d09ed10b43b7a43fe9e864e1edc60" title="Unlock the selected property." alt="" coords="413,233,656,260">
<area shape="rect" href="$class_r_d_k2_1_1_repository_n_s_1_1_session.html#ff936230f47beed933e20e2d72252a8c" title="RDK2::RepositoryNS::Session::checkStarted" alt="" coords="760,208,1043,235">
<area shape="rect" href="$class_r_d_k2_1_1_repository_n_s_1_1_session.html#21a63108c47a913e2714ce2bb0195788" title="Get absolute url from (possibly relative)." alt="" coords="756,309,1047,336">
<area shape="rect" href="$class_r_d_k2_1_1_repository_n_s_1_1_repository.html#8a73935b55c13b22cd4fd8c7f9c016a0" title="RDK2::RepositoryNS::Repository::lock" alt="" coords="779,157,1024,184">
<area shape="rect" href="$struct_r_d_k2_1_1_profiling_1_1_profiler.html#be0897f8b3e71a3ccdc08a48bc5543b4" title="RDK2::Profiling::Profiler::lock" alt="" coords="805,56,997,83">
<area shape="rect" href="$class_r_d_k2_1_1_repository_n_s_1_1_url.html#fb560d1f59472ca8e87f7c6e02f8adf5" title="RDK2::RepositoryNS::Url::contextualize" alt="" coords="1115,436,1365,463">
<area shape="rect" href="$namespace_r_d_k2_1_1_geometry.html#ea47a334d11bf8f87fb75375d5d4e915" title="RDK2::Geometry::normalize" alt="" coords="1461,436,1645,463">
<area shape="rect" href="$namespace_r_d_k2_1_1_text_utils.html#7f9bdaf4c45d4a4580c9b70ff006220a" title="RDK2::TextUtils::tokenize" alt="" coords="1468,487,1639,513">
<area shape="rect" href="$class_r_d_k2_1_1_geometry_1_1_d_matrix.html#cf8d5086b9d911e7c5b58eee2c4b115c" title="RDK2::Geometry::DMatrix::columns" alt="" coords="1727,512,1956,539">
<area shape="rect" href="$class_r_d_k2_1_1_geometry_1_1_d_matrix.html#9c47023743136b1ec9c53173f03b8f2f" title="RDK2::Geometry::DMatrix::getElems" alt="" coords="1724,411,1959,437">
<area shape="rect" href="$class_r_d_k2_1_1_geometry_1_1_d_matrix.html#2c1b85126c7683b5960d90209eaf68de" title="RDK2::Geometry::DMatrix::rows" alt="" coords="1737,461,1945,488">
<area shape="rect" href="$class_r_d_k2_1_1_repository_n_s_1_1_repository.html#f20366ba2df8ed460a799e44d504b108" title="RDK2::RepositoryNS::Repository::getProperty" alt="" coords="1096,259,1384,285">
<area shape="rect" href="$class_posix_constructs_1_1_posix_mutex.html#45e42845140324802a68a81ec1d9ee09" title="PosixConstructs::PosixMutex::lock" alt="" coords="1440,157,1667,184">
<area shape="rect" href="$class_r_d_k2_1_1_repository_n_s_1_1_url.html#1f0e7e4aa59080900c84f132c1f96c30" title="RDK2::RepositoryNS::Url::getPath" alt="" coords="1444,309,1663,336">
<area shape="rect" href="$class_r_d_k2_1_1_repository_n_s_1_1_url.html#9e90fb1eb460c600234f029ad7e09fc7" title="Url is complete when it has also the host part (i.e. it begins with &quot;rdk://&quot;)..." alt="" coords="2008,309,2248,336">
<area shape="rect" href="$class_r_d_k2_1_1_repository_n_s_1_1_property.html#cd0dedc2d8e3c138252e4fe33846fbca" title="RDK2::RepositoryNS::Property::isLink" alt="" coords="1432,360,1675,387">
<area shape="rect" href="$class_posix_constructs_1_1_posix_mutex.html#f735e71d6e450bfc520527f37fab8edc" title="PosixConstructs::PosixMutex::unlock" alt="" coords="1433,208,1673,235">
<area shape="rect" href="$class_r_d_k2_1_1_repository_n_s_1_1_url.html#7675daf3393f4ad0cb25cddf336ae278" title="Returns the host of the url, if it is complete; otherwise it returns &quot;&quot;..." alt="" coords="1732,309,1951,336">
<area shape="rect" href="$struct_r_d_k2_1_1_profiling_1_1_profiler.html#bcef23e98625cdf40f37037f34b9ce4c" title="RDK2::Profiling::Profiler::addCustomLine" alt="" coords="1112,107,1368,133">
<area shape="rect" href="$namespace_r_d_k2_1_1_profiling.html#64da315b6415c3b266dd5f9e31146d45" title="RDK2::Profiling::getClock" alt="" coords="1469,56,1637,83">
<area shape="rect" href="$namespace_r_d_k2_1_1_profiling.html#9204d514d89077475e6cf9c6a0acf5c2" title="RDK2::Profiling::getClockBetter" alt="" coords="1452,107,1655,133">
<area shape="rect" href="$namespace_r_d_k2_1_1_profiling.html#9723b083706ab97d14982d3fffb65fb4" title="RDK2::Profiling::getTimestamp" alt="" coords="1453,5,1653,32">
<area shape="rect" href="$cpu__time_8cpp.html#f4d27e0e3aef4c979c556983fdca317c" title="cpu_time" alt="" coords="1804,107,1879,133">
<area shape="rect" href="$struct_r_d_k2_1_1_profiling_1_1_profiler.html#6f8c98ddc3b3990d573fada126468f1e" title="RDK2::Profiling::Profiler::unlock" alt="" coords="799,107,1004,133">
<area shape="rect" href="$class_r_d_k2_1_1_repository_n_s_1_1_repository.html#c3494b990d9d503d9f03e2755617661a" title="RDK2::RepositoryNS::Repository::unlock" alt="" coords="772,259,1031,285">
