<area shape="rect" href="$class_r_d_k2_1_1_repository_n_s_1_1_session.html#ff936230f47beed933e20e2d72252a8c" title="RDK2::RepositoryNS::Session::checkStarted" alt="" coords="333,44,616,71">
<area shape="rect" href="$namespace_r_d_k2_1_1_geometry.html#ca50330bc469817022e9f3d0fd824714" title="RDK2::Geometry::diff" alt="" coords="403,95,547,122">
<area shape="rect" href="$class_r_d_k2_1_1_repository_n_s_1_1_session.html#21a63108c47a913e2714ce2bb0195788" title="Get absolute url from (possibly relative)." alt="" coords="329,146,620,172">
<area shape="rect" href="$namespace_r_d_k2_1_1_geometry.html#5319534462e2f1b0cf7a56dad831f7d4" title="RDK2::Geometry::angleDiff" alt="" coords="707,44,885,71">
<area shape="rect" href="$namespace_r_d_k2_1_1_geometry.html#d5c206ebd6ee04a1ba05d46aa13d8949" title="RDK2::Geometry::sgn" alt="" coords="721,95,871,122">
<area shape="rect" href="$namespace_r_d_k2_1_1_geometry.html#da0508ebe1e17c15cac3f4cc18f4a37a" title="RDK2::Geometry::norm2PI" alt="" coords="976,6,1152,32">
<area shape="rect" href="$namespace_r_d_k2_1_1_geometry.html#0d1d765dd1452941239d697b6e2c36b1" title="RDK2::Geometry::norm2PIX" alt="" coords="971,56,1157,83">
<area shape="rect" href="$namespace_r_d_k2_1_1_geometry.html#dbc3a4433c4164f53203aa2876e3d8fb" title="RDK2::Geometry::norm" alt="" coords="1245,6,1403,32">
<area shape="rect" href="$class_r_d_k2_1_1_repository_n_s_1_1_url.html#fb560d1f59472ca8e87f7c6e02f8adf5" title="RDK2::RepositoryNS::Url::contextualize" alt="" coords="671,146,921,172">
<area shape="rect" href="$namespace_r_d_k2_1_1_geometry.html#ea47a334d11bf8f87fb75375d5d4e915" title="RDK2::Geometry::normalize" alt="" coords="972,120,1156,147">
<area shape="rect" href="$namespace_r_d_k2_1_1_text_utils.html#7f9bdaf4c45d4a4580c9b70ff006220a" title="RDK2::TextUtils::tokenize" alt="" coords="979,171,1149,198">
<area shape="rect" href="$class_r_d_k2_1_1_geometry_1_1_d_matrix.html#cf8d5086b9d911e7c5b58eee2c4b115c" title="RDK2::Geometry::DMatrix::columns" alt="" coords="1209,70,1439,96">
<area shape="rect" href="$class_r_d_k2_1_1_geometry_1_1_d_matrix.html#9c47023743136b1ec9c53173f03b8f2f" title="RDK2::Geometry::DMatrix::getElems" alt="" coords="1207,120,1441,147">
<area shape="rect" href="$class_r_d_k2_1_1_geometry_1_1_d_matrix.html#2c1b85126c7683b5960d90209eaf68de" title="RDK2::Geometry::DMatrix::rows" alt="" coords="1220,171,1428,198">
