<area shape="rect" href="$class_r_d_k2_1_1_object.html" title="La nuova e purificata RDK2::Object." alt="" coords="364,386,465,412">
<area shape="rect" href="$struct_r_d_k2_1_1_unit_test_1_1_serialization_1_1_array_float32.html" title="RDK2::UnitTest::Serialization::ArrayFloat32" alt="" coords="279,436,551,463">
<area shape="rect" href="$struct_r_d_k2_1_1_unit_test_1_1_serialization_1_1_array_int32.html" title="RDK2::UnitTest::Serialization::ArrayInt32" alt="" coords="285,487,544,514">
<area shape="rect" href="$struct_r_d_k2_1_1_unit_test_1_1_serialization_1_1_array_int8.html" title="RDK2::UnitTest::Serialization::ArrayInt8" alt="" coords="289,538,540,564">
<area shape="rect" href="$struct_r_d_k2_1_1_unit_test_1_1_serialization_1_1_array_uint8.html" title="RDK2::UnitTest::Serialization::ArrayUint8" alt="" coords="285,588,544,615">
<area shape="rect" href="$struct_r_d_k2_1_1_unit_test_1_1_serialization_1_1_complex1.html" title="RDK2::UnitTest::Serialization::Complex1" alt="" coords="287,639,543,666">
<area shape="rect" href="$struct_r_d_k2_1_1_unit_test_1_1_serialization_1_1_complex2.html" title="RDK2::UnitTest::Serialization::Complex2" alt="" coords="287,690,543,716">
<area shape="rect" href="$struct_r_d_k2_1_1_unit_test_1_1_serialization_1_1_complex3.html" title="RDK2::UnitTest::Serialization::Complex3" alt="" coords="287,740,543,767">
<area shape="rect" href="$struct_r_d_k2_1_1_unit_test_1_1_serialization_1_1_complex4.html" title="RDK2::UnitTest::Serialization::Complex4" alt="" coords="287,791,543,818">
<area shape="rect" href="$struct_r_d_k2_1_1_unit_test_1_1_serialization_1_1_complex5.html" title="RDK2::UnitTest::Serialization::Complex5" alt="" coords="287,842,543,868">
<area shape="rect" href="$struct_r_d_k2_1_1_unit_test_1_1_serialization_1_1_complex6.html" title="RDK2::UnitTest::Serialization::Complex6" alt="" coords="287,892,543,919">
<area shape="rect" href="$struct_r_d_k2_1_1_unit_test_1_1_serialization_1_1_complex7.html" title="RDK2::UnitTest::Serialization::Complex7" alt="" coords="287,943,543,970">
<area shape="rect" href="$struct_r_d_k2_1_1_unit_test_1_1_serialization_1_1_data1.html" title="RDK2::UnitTest::Serialization::Data1" alt="" coords="299,994,531,1020">
<area shape="rect" href="$struct_r_d_k2_1_1_unit_test_1_1_serialization_1_1_empty_array.html" title="RDK2::UnitTest::Serialization::EmptyArray" alt="" coords="281,1044,548,1071">
<area shape="rect" href="$struct_r_d_k2_1_1_unit_test_1_1_serialization_1_1_empty_class.html" title="RDK2::UnitTest::Serialization::EmptyClass" alt="" coords="280,1095,549,1122">
<area shape="rect" href="$struct_r_d_k2_1_1_unit_test_1_1_serialization_1_1_empty_version.html" title="RDK2::UnitTest::Serialization::EmptyVersion" alt="" coords="275,1146,555,1172">
<area shape="rect" href="$struct_r_d_k2_1_1_unit_test_1_1_serialization_1_1_error_incomplete_read.html" title="RDK2::UnitTest::Serialization::ErrorIncompleteRead" alt="" coords="255,1196,575,1223">
<area shape="rect" href="$struct_r_d_k2_1_1_unit_test_1_1_serialization_1_1_error_no_done_reading.html" title="RDK2::UnitTest::Serialization::ErrorNoDoneReading" alt="" coords="255,1247,575,1274">
<area shape="rect" href="$struct_r_d_k2_1_1_unit_test_1_1_serialization_1_1_error_no_done_writing.html" title="RDK2::UnitTest::Serialization::ErrorNoDoneWriting" alt="" coords="259,1298,571,1324">
<area shape="rect" href="$struct_r_d_k2_1_1_unit_test_1_1_serialization_1_1_error_no_start_reading.html" title="RDK2::UnitTest::Serialization::ErrorNoStartReading" alt="" coords="256,1348,573,1375">
<area shape="rect" href="$struct_r_d_k2_1_1_unit_test_1_1_serialization_1_1_error_no_start_writing.html" title="RDK2::UnitTest::Serialization::ErrorNoStartWriting" alt="" coords="260,1399,569,1426">
<area shape="rect" href="$struct_r_d_k2_1_1_unit_test_1_1_serialization_1_1_error_too_much_read.html" title="RDK2::UnitTest::Serialization::ErrorTooMuchRead" alt="" coords="260,1450,569,1476">
<area shape="rect" href="$struct_r_d_k2_1_1_unit_test_1_1_serialization_1_1_error_wrong_class.html" title="RDK2::UnitTest::Serialization::ErrorWrongClass" alt="" coords="267,1500,563,1527">
<area shape="rect" href="$struct_r_d_k2_1_1_unit_test_1_1_serialization_1_1_error_wrong_member_class.html" title="RDK2::UnitTest::Serialization::ErrorWrongMemberClass" alt="" coords="243,1551,587,1578">
<area shape="rect" href="$struct_r_d_k2_1_1_unit_test_1_1_serialization_1_1_error_wrong_name1.html" title="RDK2::UnitTest::Serialization::ErrorWrongName1" alt="" coords="263,1602,567,1628">
<area shape="rect" href="$struct_r_d_k2_1_1_unit_test_1_1_serialization_1_1_error_wrong_type1.html" title="RDK2::UnitTest::Serialization::ErrorWrongType1" alt="" coords="265,1652,564,1679">
<area shape="rect" href="$struct_r_d_k2_1_1_unit_test_1_1_serialization_1_1_int_wrapper.html" title="RDK2::UnitTest::Serialization::IntWrapper" alt="" coords="284,1703,545,1730">
<area shape="rect" href="$struct_r_d_k2_1_1_unit_test_1_1_serialization_1_1_string1.html" title="RDK2::UnitTest::Serialization::String1" alt="" coords="295,1754,535,1780">
<area shape="rect" href="$struct_r_d_k2_1_1_unit_test_1_1_serialization_1_1_string_and_data1.html" title="RDK2::UnitTest::Serialization::StringAndData1" alt="" coords="271,1804,559,1831">
<area shape="rect" href="$struct_r_d_k2_1_1_unit_test_1_1_serialization_1_1_version_test.html" title="RDK2::UnitTest::Serialization::VersionTest" alt="" coords="283,1855,547,1882">
<area shape="rect" href="$struct_r_d_k2_1_1_meta_1_1_object_diff.html" title="RDK2::Meta::ObjectDiff" alt="" coords="695,310,852,336">
<area shape="rect" href="$class_r_d_k2_1_1_r_agent_1_1_module_config.html" title="RDK2::RAgent::ModuleConfig" alt="" coords="677,360,869,387">
<area shape="rect" href="$struct_r_d_k2_1_1_r_agent_1_1_pair.html" title="RDK2::RAgent::Pair" alt="" coords="705,411,841,438">
<area shape="rect" href="$struct_r_d_k2_1_1_r_agent_1_1_r_agent_config.html" title="RDK2::RAgent::RAgentConfig" alt="" coords="676,462,871,488">
<area shape="rect" href="$struct_r_d_k2_1_1_repository_n_s_1_1_r_object_pipe_queue.html" title="RDK2::RepositoryNS::RObjectPipeQueue" alt="" coords="643,512,904,539">
<area shape="rect" href="$struct_r_d_k2_1_1_repository_n_s_1_1_r_property_def.html" title="RDK2::RepositoryNS::RPropertyDef" alt="" coords="659,563,888,590">
<area shape="rect" href="$struct_r_d_k2_1_1_repository_n_s_1_1_r_property_update.html" title="RDK2::RepositoryNS::RPropertyUpdate" alt="" coords="648,614,899,640">
<area shape="rect" href="$struct_r_d_k2_1_1_repository_n_s_1_1_r_remote_subscription.html" title="RDK2::RepositoryNS::RRemoteSubscription" alt="" coords="635,664,912,691">
<area shape="rect" href="$struct_r_d_k2_1_1_r_geometry_1_1_r_point2d.html" title="RDK2::RGeometry::RPoint2d" alt="" coords="679,715,868,742">
<area shape="rect" href="$struct_r_d_k2_1_1_r_geometry_1_1_r_point2i.html" title="RDK2::RGeometry::RPoint2i" alt="" coords="680,766,867,792">
