<area shape="rect" href="$class_r_d_k2_1_1_repository_n_s_1_1_property.html#edcd90d860c3404053456a9b72f85e32" title="RDK2::RepositoryNS::Property::getObjectAsLC" alt="" coords="347,5,643,32">
<area shape="rect" href="$class_posix_constructs_1_1_posix_mutex.html#45e42845140324802a68a81ec1d9ee09" title="PosixConstructs::PosixMutex::lock" alt="" coords="1004,30,1231,57">
<area shape="rect" href="$struct_r_d_k2_1_1_profiling_1_1_profiler.html#be0897f8b3e71a3ccdc08a48bc5543b4" title="RDK2::Profiling::Profiler::lock" alt="" coords="399,106,591,133">
<area shape="rect" href="$class_posix_constructs_1_1_posix_mutex.html#f735e71d6e450bfc520527f37fab8edc" title="PosixConstructs::PosixMutex::unlock" alt="" coords="997,233,1237,260">
<area shape="rect" href="$struct_r_d_k2_1_1_profiling_1_1_profiler.html#6f8c98ddc3b3990d573fada126468f1e" title="RDK2::Profiling::Profiler::unlock" alt="" coords="392,157,597,184">
<area shape="rect" href="$struct_r_d_k2_1_1_profiling_1_1_profiler.html#bcef23e98625cdf40f37037f34b9ce4c" title="RDK2::Profiling::Profiler::addCustomLine" alt="" coords="692,132,948,158">
<area shape="rect" href="$namespace_r_d_k2_1_1_profiling.html#64da315b6415c3b266dd5f9e31146d45" title="RDK2::Profiling::getClock" alt="" coords="1033,81,1201,108">
<area shape="rect" href="$namespace_r_d_k2_1_1_profiling.html#9204d514d89077475e6cf9c6a0acf5c2" title="RDK2::Profiling::getClockBetter" alt="" coords="1016,132,1219,158">
<area shape="rect" href="$namespace_r_d_k2_1_1_profiling.html#9723b083706ab97d14982d3fffb65fb4" title="RDK2::Profiling::getTimestamp" alt="" coords="1017,182,1217,209">
<area shape="rect" href="$cpu__time_8cpp.html#f4d27e0e3aef4c979c556983fdca317c" title="cpu_time" alt="" coords="1285,132,1360,158">
