<area shape="rect" href="$class_r_d_k2_1_1_geometry_1_1_point2o.html" title="RDK2::Geometry::Point2o\&lt; double \&gt;" alt="" coords="843,432,1077,458">
<area shape="rect" href="$struct_r_d_k2_1_1_sensor_data_1_1_base_sensor_data.html" title="RDK2::SensorData::BaseSensorData" alt="" coords="1219,126,1456,153">
<area shape="rect" href="$class_r_d_k2_1_1_geometry_1_1_point3o.html" title="RDK2::Geometry::Point3o\&lt; double \&gt;" alt="" coords="1220,345,1455,372">
<area shape="rect" href="$struct_r_d_k2_1_1_geometry_1_1_point2.html" title="RDK2::Geometry::Point2\&lt; double \&gt;" alt="" coords="489,477,716,504">
<area shape="rect" href="$classdouble.html" title="double" alt="" coords="220,444,279,470">
<area shape="rect" href="$class_r_d_k2_1_1_geometry_1_1_point2o.html" title="RDK2::Geometry::Point2o\&lt; Numeric \&gt;" alt="" coords="481,624,724,650">
<area shape="rect" href="$struct_r_d_k2_1_1_sensor_data_1_1_laser_data.html" title="RDK2::SensorData::LaserData" alt="" coords="1599,317,1796,344">
<area shape="rect" href="$class_r_d_k2_1_1_geometry_1_1_point3o.html" title="RDK2::Geometry::Point3o\&lt; Numeric \&gt;" alt="" coords="839,586,1081,613">
<area shape="rect" href="$struct_r_d_k2_1_1_geometry_1_1_point2.html" title="RDK2::Geometry::Point2\&lt; Numeric \&gt;" alt="" coords="131,632,368,658">
<area shape="rect" title="STL class." alt="" coords="920,41,1000,68">
<area shape="rect" title="STL class." alt="" coords="520,41,685,68">
<area shape="rect" href="$struct_r_d_k2_1_1_time_1_1_timestamp.html" title="RDK2::Time::Timestamp" alt="" coords="877,94,1043,121">
<area shape="rect" href="$struct_r_d_k2_1_1_sensor_data_1_1_laser_parser.html" title="RDK2::SensorData::LaserParser" alt="" coords="1233,200,1441,226">
<area shape="rect" href="$struct_r_d_k2_1_1_sensor_data_1_1_parser.html" title="RDK2::SensorData::Parser" alt="" coords="872,145,1048,172">
