<area shape="rect" href="$class_posix_queues_1_1_pipe_queue.html#fb2a3e8e91e5ce3b96a193308bcdc310" title="PosixQueues::PipeQueue::gc" alt="" coords="412,6,604,32">
<area shape="rect" href="$class_r_d_k2_1_1_repository_n_s_1_1_url.html#7675daf3393f4ad0cb25cddf336ae278" title="Returns the host of the url, if it is complete; otherwise it returns &quot;&quot;..." alt="" coords="399,56,617,83">
<area shape="rect" href="$class_r_d_k2_1_1_repository_n_s_1_1_url.html#9e90fb1eb460c600234f029ad7e09fc7" title="Url is complete when it has also the host part (i.e. it begins with &quot;rdk://&quot;)..." alt="" coords="723,82,963,108">
<area shape="rect" href="$class_r_d_k2_1_1_repository_n_s_1_1_property.html#c5b04454f082e73889fe123081671ef8" title="RDK2::RepositoryNS::Property::getObjectClassName" alt="" coords="343,158,673,184">
<area shape="rect" href="$class_r_d_k2_1_1_repository_n_s_1_1_property.html#81e5e2c0ad9c376b6e4d43c264398e89" title="RDK2::RepositoryNS::Property::isQueue" alt="" coords="380,208,636,235">
<area shape="rect" href="$class_posix_constructs_1_1_posix_mutex.html#45e42845140324802a68a81ec1d9ee09" title="PosixConstructs::PosixMutex::lock" alt="" coords="395,259,621,286">
<area shape="rect" href="$class_posix_queues_1_1_pipe_queue.html#c8937b1d315e4969ba05a5c3aa3932f7" title="ob is now property of this queue" alt="" coords="404,310,612,336">
<area shape="rect" href="$class_r_d_k2_1_1_repository_n_s_1_1_property.html#4c423050e34a18e0552bd646581b1169" title="RDK2::RepositoryNS::Property::setObjectClassName" alt="" coords="343,360,673,387">
<area shape="rect" href="$class_posix_constructs_1_1_posix_mutex.html#f735e71d6e450bfc520527f37fab8edc" title="PosixConstructs::PosixMutex::unlock" alt="" coords="388,411,628,438">
