<area shape="rect" href="$class_r_d_k2_1_1_repository_n_s_1_1_session.html#ff936230f47beed933e20e2d72252a8c" title="RDK2::RepositoryNS::Session::checkStarted" alt="" coords="600,182,883,209">
<area shape="rect" href="$struct_r_d_k2_1_1_profiling_1_1_profiler.html#c5cccc5904e674ad3a960f2498ae5a6e" title="RDK2::Profiling::Profiler::end" alt="" coords="648,385,835,412">
<area shape="rect" href="$class_r_d_k2_1_1_repository_n_s_1_1_session.html#adc1d9bbafc13d203b38a4421dd2c374" title="RDK2::RepositoryNS::Session::getInt" alt="" coords="295,385,535,412">
<area shape="rect" href="$class_r_d_k2_1_1_time_1_1_timer_t.html#66ebad88a0e17dc9bea0356afd726052" title="RDK2::Time::TimerT::getSeconds" alt="" coords="307,436,523,462">
<area shape="rect" href="$class_r_d_k2_1_1_repository_n_s_1_1_session.html#58b2c798afecaf60ccad6385bf358564" title="RDK2::RepositoryNS::Session::setDouble" alt="" coords="283,486,547,513">
<area shape="rect" href="$class_r_d_k2_1_1_repository_n_s_1_1_session.html#088a22f1d5f31b99ff6b8e28218621f3" title="RDK2::RepositoryNS::Session::setInt" alt="" coords="295,537,535,564">
<area shape="rect" href="$class_r_d_k2_1_1_repository_n_s_1_1_session.html#e21d09ed10b43b7a43fe9e864e1edc60" title="Unlock the selected property." alt="" coords="293,284,536,310">
<area shape="rect" href="$struct_r_d_k2_1_1_profiling_1_1_profiler.html#bcef23e98625cdf40f37037f34b9ce4c" title="RDK2::Profiling::Profiler::addCustomLine" alt="" coords="952,385,1208,412">
<area shape="rect" href="$namespace_r_d_k2_1_1_profiling.html#64da315b6415c3b266dd5f9e31146d45" title="RDK2::Profiling::getClock" alt="" coords="1309,410,1477,437">
<area shape="rect" href="$namespace_r_d_k2_1_1_profiling.html#9204d514d89077475e6cf9c6a0acf5c2" title="RDK2::Profiling::getClockBetter" alt="" coords="1292,461,1495,488">
<area shape="rect" href="$namespace_r_d_k2_1_1_profiling.html#9723b083706ab97d14982d3fffb65fb4" title="RDK2::Profiling::getTimestamp" alt="" coords="1293,512,1493,538">
<area shape="rect" href="$class_posix_constructs_1_1_posix_mutex.html#45e42845140324802a68a81ec1d9ee09" title="PosixConstructs::PosixMutex::lock" alt="" coords="1280,360,1507,386">
<area shape="rect" href="$class_posix_constructs_1_1_posix_mutex.html#f735e71d6e450bfc520527f37fab8edc" title="PosixConstructs::PosixMutex::unlock" alt="" coords="1273,309,1513,336">
<area shape="rect" href="$cpu__time_8cpp.html#f4d27e0e3aef4c979c556983fdca317c" title="cpu_time" alt="" coords="1644,461,1719,488">
<area shape="rect" href="$class_r_d_k2_1_1_time_1_1_timer_t.html#9e6bb3e9a7a6ef7d1870882a592dfcf0" title="RDK2::Time::TimerT::getMs" alt="" coords="649,436,833,462">
<area shape="rect" href="$class_r_d_k2_1_1_repository_n_s_1_1_session.html#21a63108c47a913e2714ce2bb0195788" title="Get absolute url from (possibly relative)." alt="" coords="596,233,887,260">
<area shape="rect" href="$struct_r_d_k2_1_1_profiling_1_1_profiler.html#6f8c98ddc3b3990d573fada126468f1e" title="RDK2::Profiling::Profiler::unlock" alt="" coords="639,334,844,361">
<area shape="rect" href="$class_r_d_k2_1_1_repository_n_s_1_1_repository.html#c3494b990d9d503d9f03e2755617661a" title="RDK2::RepositoryNS::Repository::unlock" alt="" coords="612,284,871,310">
<area shape="rect" href="$class_r_d_k2_1_1_repository_n_s_1_1_url.html#fb560d1f59472ca8e87f7c6e02f8adf5" title="RDK2::RepositoryNS::Url::contextualize" alt="" coords="955,106,1205,133">
<area shape="rect" href="$namespace_r_d_k2_1_1_geometry.html#ea47a334d11bf8f87fb75375d5d4e915" title="RDK2::Geometry::normalize" alt="" coords="1301,56,1485,82">
<area shape="rect" href="$namespace_r_d_k2_1_1_text_utils.html#7f9bdaf4c45d4a4580c9b70ff006220a" title="RDK2::TextUtils::tokenize" alt="" coords="1308,106,1479,133">
<area shape="rect" href="$class_r_d_k2_1_1_geometry_1_1_d_matrix.html#cf8d5086b9d911e7c5b58eee2c4b115c" title="RDK2::Geometry::DMatrix::columns" alt="" coords="1567,5,1796,32">
<area shape="rect" href="$class_r_d_k2_1_1_geometry_1_1_d_matrix.html#9c47023743136b1ec9c53173f03b8f2f" title="RDK2::Geometry::DMatrix::getElems" alt="" coords="1564,56,1799,82">
<area shape="rect" href="$class_r_d_k2_1_1_geometry_1_1_d_matrix.html#2c1b85126c7683b5960d90209eaf68de" title="RDK2::Geometry::DMatrix::rows" alt="" coords="1577,106,1785,133">
<area shape="rect" href="$class_r_d_k2_1_1_repository_n_s_1_1_repository.html#f20366ba2df8ed460a799e44d504b108" title="RDK2::RepositoryNS::Repository::getProperty" alt="" coords="936,258,1224,285">
<area shape="rect" href="$class_r_d_k2_1_1_repository_n_s_1_1_url.html#1f0e7e4aa59080900c84f132c1f96c30" title="RDK2::RepositoryNS::Url::getPath" alt="" coords="1284,208,1503,234">
<area shape="rect" href="$class_r_d_k2_1_1_repository_n_s_1_1_url.html#9e90fb1eb460c600234f029ad7e09fc7" title="Url is complete when it has also the host part (i.e. it begins with &quot;rdk://&quot;)..." alt="" coords="1848,208,2088,234">
<area shape="rect" href="$class_r_d_k2_1_1_repository_n_s_1_1_property.html#cd0dedc2d8e3c138252e4fe33846fbca" title="RDK2::RepositoryNS::Property::isLink" alt="" coords="1272,258,1515,285">
<area shape="rect" href="$class_r_d_k2_1_1_repository_n_s_1_1_url.html#7675daf3393f4ad0cb25cddf336ae278" title="Returns the host of the url, if it is complete; otherwise it returns &quot;&quot;..." alt="" coords="1572,258,1791,285">
