<area shape="rect" href="$class_posix_constructs_1_1_posix_mutex.html" title="PosixConstructs::PosixMutex" alt="" coords="692,452,887,478">
<area shape="rect" href="$class_posix_queues_1_1_pipe_queue.html" title="PosixQueues::PipeQueue\&lt; RDK2::Object \&gt;" alt="" coords="1612,661,1887,688">
<area shape="rect" href="$class_posix_queues_1_1_pipe_queue.html" title="PosixQueues::PipeQueue\&lt; T \&gt;" alt="" coords="1164,568,1367,594">
<area shape="rect" href="$classbool.html" title="bool" alt="" coords="351,125,396,152">
<area shape="rect" href="$class_r_d_k2_1_1_repository_n_s_1_1_property_def.html" title="RDK2::RepositoryNS::PropertyDef" alt="" coords="1156,304,1375,330">
<area shape="rect" href="$struct_posix_constructs_1_1_stack.html" title="PosixConstructs::Stack" alt="" coords="293,521,453,548">
<area shape="rect" href="$class_r_d_k2_1_1_repository_n_s_1_1_url.html" title="RDK2::RepositoryNS::Url" alt="" coords="705,337,873,364">
<area shape="rect" title="STL class." alt="" coords="333,369,413,396">
<area shape="rect" href="$class_r_d_k2_1_1_object.html" title="La nuova e purificata RDK2::Object." alt="" coords="739,898,840,925">
<area shape="rect" title="STL class." alt="" coords="7,369,172,396">
<area shape="rect" href="$struct_r_d_k2_1_1_repository_n_s_1_1_r_object_pipe_queue.html" title="RDK2::RepositoryNS::RObjectPipeQueue" alt="" coords="1996,661,2257,688">
<area shape="rect" href="$class_r_d_k2_1_1_serialization_1_1_readable.html" title="RDK2::Serialization::Readable" alt="" coords="276,944,471,970">
<area shape="rect" href="$class_r_d_k2_1_1_serialization_1_1_writable.html" title="RDK2::Serialization::Writable" alt="" coords="279,994,468,1021">
<area shape="rect" href="$struct_r_d_k2_1_1_demangle_1_1_reflective.html" title="RDK2::Demangle::Reflective" alt="" coords="280,1045,467,1072">
<area shape="rect" href="$struct_r_d_k2_1_1_time_1_1_timestamp.html" title="RDK2::Time::Timestamp" alt="" coords="291,893,456,920">
<area shape="rect" title="STL class." alt="" coords="313,741,433,768">
<area shape="rect" href="$classstd_1_1map_3_01_pipe_queue_consumer_3_01_r_d_k2_1_1_object_01_4_01_5_00_01_subscription_01_4.html" title="map\&lt; PipeQueueConsumer\&lt; RDK2::Object \&gt; *, Subscription \&gt;" alt="" coords="1072,712,1459,738">
