<area shape="rect" href="$test__serialization_2utils_8cpp.html#d0abea186d15b24035f2a4522be6f7a1" title="compareToFile" alt="" coords="492,6,599,32">
<area shape="rect" href="$class_r_d_k2_1_1_serialization_1_1_reader.html#6ad2d3b8d32e151918f9af35fc545999" title="RDK2::Serialization::Reader::deserialize" alt="" coords="419,56,672,83">
<area shape="rect" href="$struct_r_d_k2_1_1_demangle_1_1_reflective.html#9277d1d6deb515a6cf603fd39caf08a8" title="RDK2::Demangle::Reflective::getClassName" alt="" coords="405,107,685,134">
<area shape="rect" href="$class_r_d_k2_1_1_serialization_1_1_writer.html#2ed1f2ad991fcba62b85ba4f04b7421e" title="RDK2::Serialization::Writer::serialize" alt="" coords="429,158,661,184">
<area shape="rect" href="$namespace_r_d_k2_1_1_demangle.html#7271ff5f9d920962422e67f63941e1d7" title="RDK2::Demangle::demangle" alt="" coords="735,107,919,134">
<area shape="rect" href="$namespace_r_d_k2_1_1_demangle.html#3b6ace6c9a840f7b51ecf66316288b77" title="RDK2::Demangle::deleteNamespaces" alt="" coords="968,82,1208,108">
<area shape="rect" href="$namespace_r_d_k2_1_1_demangle.html#41de781c3ef20c38d0c14456e62948fb" title="RDK2::Demangle::rdemangle" alt="" coords="993,132,1183,159">
<area shape="rect" href="$namespace_r_d_k2_1_1_demangle.html#8c0c7c9ce4814fbb1211ff3062318dd2" title="RDK2::Demangle::try_type" alt="" coords="1256,132,1432,159">
<area shape="rect" href="$namespace_r_d_k2_1_1_demangle.html#1c106ed97b848640e31942ab6d072c41" title="RDK2::Demangle::native_type" alt="" coords="1492,6,1687,32">
<area shape="rect" href="$namespace_r_d_k2_1_1_demangle.html#7096de8a7c46985a70bfccb0a972d6be" title="RDK2::Demangle::pointer" alt="" coords="1505,56,1673,83">
<area shape="rect" href="$namespace_r_d_k2_1_1_demangle.html#03e2733aa0b1679dbb067e00b8d762cd" title="RDK2::Demangle::qualified_class" alt="" coords="1481,107,1697,134">
<area shape="rect" href="$namespace_r_d_k2_1_1_demangle.html#ae0712d935474246b50d911fada13230" title="RDK2::Demangle::reference" alt="" coords="1497,158,1681,184">
<area shape="rect" href="$namespace_r_d_k2_1_1_demangle.html#49a854f4a3d0e04c97304667cc66b8a1" title="RDK2::Demangle::simple_class" alt="" coords="1487,208,1692,235">
<area shape="rect" href="$namespace_r_d_k2_1_1_demangle.html#8a9767825f195a1be60a0e440a17122d" title="RDK2::Demangle::template_class" alt="" coords="1481,259,1697,286">
