<area shape="rect" href="$namespace_r_d_k2_1_1_r_graphics.html#77b5dee40d354117c67f8dc53d715411" title="RDK2::RGraphics::compressImgLine" alt="" coords="335,56,569,83">
<area shape="rect" href="$struct_r_d_k2_1_1_demangle_1_1_reflective.html#9277d1d6deb515a6cf603fd39caf08a8" title="RDK2::Demangle::Reflective::getClassName" alt="" coords="312,107,592,134">
<area shape="rect" href="$class_r_d_k2_1_1_r_graphics_1_1_r_image.html#35f5dde321a067e79bead812edaa1d8c" title="RDK2::RGraphics::RImage::getBytesPerPixel" alt="" coords="641,6,927,32">
<area shape="rect" href="$namespace_r_d_k2_1_1_r_graphics.html#b7f22c6ba0613997e91f8ddeb86757d4" title="RDK2::RGraphics::reduceC8" alt="" coords="691,56,877,83">
<area shape="rect" href="$namespace_r_d_k2_1_1_demangle.html#7271ff5f9d920962422e67f63941e1d7" title="RDK2::Demangle::demangle" alt="" coords="692,107,876,134">
<area shape="rect" href="$namespace_r_d_k2_1_1_demangle.html#3b6ace6c9a840f7b51ecf66316288b77" title="RDK2::Demangle::deleteNamespaces" alt="" coords="976,82,1216,108">
<area shape="rect" href="$namespace_r_d_k2_1_1_demangle.html#41de781c3ef20c38d0c14456e62948fb" title="RDK2::Demangle::rdemangle" alt="" coords="1001,132,1191,159">
<area shape="rect" href="$namespace_r_d_k2_1_1_demangle.html#8c0c7c9ce4814fbb1211ff3062318dd2" title="RDK2::Demangle::try_type" alt="" coords="1264,132,1440,159">
<area shape="rect" href="$namespace_r_d_k2_1_1_demangle.html#1c106ed97b848640e31942ab6d072c41" title="RDK2::Demangle::native_type" alt="" coords="1500,6,1695,32">
<area shape="rect" href="$namespace_r_d_k2_1_1_demangle.html#7096de8a7c46985a70bfccb0a972d6be" title="RDK2::Demangle::pointer" alt="" coords="1513,56,1681,83">
<area shape="rect" href="$namespace_r_d_k2_1_1_demangle.html#03e2733aa0b1679dbb067e00b8d762cd" title="RDK2::Demangle::qualified_class" alt="" coords="1489,107,1705,134">
<area shape="rect" href="$namespace_r_d_k2_1_1_demangle.html#ae0712d935474246b50d911fada13230" title="RDK2::Demangle::reference" alt="" coords="1505,158,1689,184">
<area shape="rect" href="$namespace_r_d_k2_1_1_demangle.html#49a854f4a3d0e04c97304667cc66b8a1" title="RDK2::Demangle::simple_class" alt="" coords="1495,208,1700,235">
<area shape="rect" href="$namespace_r_d_k2_1_1_demangle.html#8a9767825f195a1be60a0e440a17122d" title="RDK2::Demangle::template_class" alt="" coords="1489,259,1705,286">
