<area shape="rect" href="$class_r_d_k2_1_1_repository_n_s_1_1_url.html#fb560d1f59472ca8e87f7c6e02f8adf5" title="RDK2::RepositoryNS::Url::contextualize" alt="" coords="348,82,599,108">
<area shape="rect" href="$namespace_r_d_k2_1_1_geometry.html#ea47a334d11bf8f87fb75375d5d4e915" title="RDK2::Geometry::normalize" alt="" coords="648,56,832,83">
<area shape="rect" href="$namespace_r_d_k2_1_1_text_utils.html#7f9bdaf4c45d4a4580c9b70ff006220a" title="RDK2::TextUtils::tokenize" alt="" coords="655,107,825,134">
<area shape="rect" href="$class_r_d_k2_1_1_geometry_1_1_d_matrix.html#cf8d5086b9d911e7c5b58eee2c4b115c" title="RDK2::Geometry::DMatrix::columns" alt="" coords="884,6,1113,32">
<area shape="rect" href="$class_r_d_k2_1_1_geometry_1_1_d_matrix.html#9c47023743136b1ec9c53173f03b8f2f" title="RDK2::Geometry::DMatrix::getElems" alt="" coords="881,56,1116,83">
<area shape="rect" href="$class_r_d_k2_1_1_geometry_1_1_d_matrix.html#2c1b85126c7683b5960d90209eaf68de" title="RDK2::Geometry::DMatrix::rows" alt="" coords="895,107,1103,134">
