<area shape="rect" href="$rdkcore_8h.html" title="rdkcore.h" alt="" coords="475,229,549,256">
<area shape="rect" href="$rfidtagonmap_8h.html" title="rfidtagonmap.h" alt="" coords="63,80,169,106">
<area shape="rect" href="$rfrontier_8h.html" title="rfrontier.h" alt="" coords="319,80,393,106">
<area shape="rect" href="$rhbdscanresult_8h.html" title="rhbdscanresult.h" alt="" coords="556,80,673,106">
<area shape="rect" href="$rline2donmap_8h.html" title="rline2donmap.h" alt="" coords="709,80,819,106">
<area shape="rect" href="$rpoint2donmap_8h.html" title="rpoint2donmap.h" alt="" coords="856,80,973,106">
<area shape="rect" href="$rpotentialvictimonmap_8h.html" title="rpotentialvictimonmap.h" alt="" coords="1040,80,1200,106">
<area shape="rect" href="$rtopologicalfrontier_8h.html" title="This file defines the class RTopologicalFrontier." alt="" coords="1276,80,1412,106">
<area shape="rect" href="$rvictimonmap_8h.html" title="rvictimonmap.h" alt="" coords="1489,80,1599,106">
<area shape="rect" href="$rfidtagonmap_8cpp.html" title="rfidtagonmap.cpp" alt="" coords="56,154,176,181">
<area shape="rect" href="$rfrontier_8cpp.html" title="rfrontier.cpp" alt="" coords="251,154,339,181">
<area shape="rect" href="$rfrontiervector_8h.html" title="rfrontiervector.h" alt="" coords="363,154,475,181">
<area shape="rect" href="$rhbdscanresult_8cpp.html" title="rhbdscanresult.cpp" alt="" coords="549,154,680,181">
<area shape="rect" href="$rline2donmap_8cpp.html" title="rline2donmap.cpp" alt="" coords="755,154,877,181">
<area shape="rect" href="$rpoint2donmap_8cpp.html" title="rpoint2donmap.cpp" alt="" coords="952,154,1083,181">
<area shape="rect" href="$rpotentialvictimonmap_8cpp.html" title="rpotentialvictimonmap.cpp" alt="" coords="1157,154,1331,181">
<area shape="rect" href="$rtopologicalfrontier_8cpp.html" title="This file contains methods of class RTopologicalFrontier." alt="" coords="1355,154,1507,181">
<area shape="rect" href="$rvictimonmap_8cpp.html" title="rvictimonmap.cpp" alt="" coords="1581,154,1704,181">
