<area shape="rect" href="$dmatrix__algebra_8h.html" title="dmatrix_algebra.h" alt="" coords="183,379,305,405">
<area shape="rect" href="$rdkcore_8h.html" title="rdkcore.h" alt="" coords="2324,528,2399,555">
<area shape="rect" href="$dmatrix__pgm_8h.html" title="dmatrix_pgm.h" alt="" coords="3201,155,3308,181">
<area shape="rect" href="$dsp_8h.html" title="dsp.h" alt="" coords="3228,80,3281,107">
<area shape="rect" href="$dmatrix__point_8h.html" title="dmatrix_point.h" alt="" coords="3311,80,3420,107">
<area shape="rect" href="$geometryfunctions_8cpp.html" title="geometryfunctions.cpp" alt="" coords="2467,80,2619,107">
<area shape="rect" href="$output_8h.html" title="output.h" alt="" coords="2341,379,2408,405">
<area shape="rect" href="$pgmfile_8h.html" title="pgmfile.h" alt="" coords="2859,155,2933,181">
<area shape="rect" href="$posenormaldist_8h.html" title="posenormaldist.h" alt="" coords="329,379,449,405">
<area shape="rect" href="$robotmodels_8h.html" title="robotmodels.h" alt="" coords="473,379,577,405">
<area shape="rect" href="$geometry_2utils_8cpp.html" title="Miscellaneous utility functions." alt="" coords="3065,80,3135,107">
<area shape="rect" href="$viewport_8h.html" title="viewport.h" alt="" coords="2643,80,2723,107">
<area shape="rect" href="$laserdata_8h.html" title="laserdata.h" alt="" coords="2931,379,3016,405">
<area shape="rect" href="$rmapimage_8h.html" title="rmapimage.h" alt="" coords="1411,155,1507,181">
<area shape="rect" href="$logreader_8h.html" title="logreader.h" alt="" coords="3505,229,3588,256">
<area shape="rect" href="$dmatrix__algebra_8cpp.html" title="dmatrix_algebra.cpp" alt="" coords="5,453,144,480">
<area shape="rect" href="$output_8cpp.html" title="output.cpp" alt="" coords="720,453,803,480">
<area shape="rect" href="$posenormaldist_8cpp.html" title="posenormaldist.cpp" alt="" coords="219,453,352,480">
<area shape="rect" href="$pgmfile_8cpp.html" title="pgmfile.cpp" alt="" coords="2852,229,2940,256">
<area shape="rect" href="$robotmodels_8cpp.html" title="robotmodels.cpp" alt="" coords="477,453,595,480">
<area shape="rect" href="$laserdata_8cpp.html" title="laserdata.cpp" alt="" coords="877,453,976,480">
<area shape="rect" href="$otherpoints_8h.html" title="otherpoints.h" alt="" coords="2499,304,2595,331">
<area shape="rect" href="$viewport_8cpp.html" title="viewport.cpp" alt="" coords="2533,155,2627,181">
<area shape="rect" href="$viewport__cross_8cpp.html" title="viewport_cross.cpp" alt="" coords="2651,155,2784,181">
<area shape="rect" href="$otherpoints_8cpp.html" title="otherpoints.cpp" alt="" coords="2696,379,2805,405">
<area shape="rect" href="$reference_8h.html" title="reference.h" alt="" coords="2424,453,2509,480">
<area shape="rect" href="$rlandmark_8h.html" title="rlandmark.h" alt="" coords="2584,379,2672,405">
<area shape="rect" href="$rlaserdata_8h.html" title="rlaserdata.h" alt="" coords="2736,453,2824,480">
<area shape="rect" href="$laserdata__fisher_8cpp.html" title="laserdata_fisher.cpp" alt="" coords="2848,453,2984,480">
<area shape="rect" href="$laserdatatracker_8h.html" title="laserdatatracker.h" alt="" coords="3008,453,3131,480">
<area shape="rect" href="$laserparser_8cpp.html" title="laserparser.cpp" alt="" coords="3155,453,3264,480">
<area shape="rect" href="$session_8h.html" title="This file contains the Session class and some useful macros." alt="" coords="1420,229,1497,256">
<area shape="rect" href="$rmapimage_8cpp.html" title="rmapimage.cpp" alt="" coords="1521,229,1631,256">
<area shape="rect" href="$rmapimagediffrect_8h.html" title="rmapimagediffrect.h" alt="" coords="720,304,856,331">
<area shape="rect" href="$rmapimagediffpoints_8h.html" title="rmapimagediffpoints.h" alt="" coords="559,229,705,256">
<area shape="rect" href="$module_8h.html" title="This file contains the Module class and other very important stuff." alt="" coords="1051,453,1125,480">
<area shape="rect" href="$modulemanager_8h.html" title="modulemanager.h" alt="" coords="979,379,1101,405">
<area shape="rect" href="$repository_8h.html" title="repository.h" alt="" coords="1456,304,1544,331">
<area shape="rect" href="$remotesubscriptionregister_8cpp.html" title="remotesubscriptionregister.cpp" alt="" coords="2120,379,2317,405">
<area shape="rect" href="$session_8cpp.html" title="session.cpp" alt="" coords="1483,379,1573,405">
<area shape="rect" href="$session__diffs_8cpp.html" title="session_diffs.cpp" alt="" coords="1176,379,1299,405">
<area shape="rect" href="$session__events_8cpp.html" title="session_events.cpp" alt="" coords="1323,379,1459,405">
<area shape="rect" href="$session__network_8cpp.html" title="session_network.cpp" alt="" coords="1648,379,1792,405">
<area shape="rect" href="$session__queue_8cpp.html" title="session_queue.cpp" alt="" coords="1816,379,1949,405">
<area shape="rect" href="$session__utils_8cpp.html" title="session_utils.cpp" alt="" coords="1973,379,2096,405">
<area shape="rect" href="$session__get__set__create_8cpp.html" title="session_get_set_create.cpp" alt="" coords="1720,304,1904,331">
<area shape="rect" href="$robotmodule_8h.html" title="robotmodule.h" alt="" coords="1227,304,1331,331">
<area shape="rect" href="$laserparser_8h.html" title="laserparser.h" alt="" coords="3456,304,3552,331">
<area shape="rect" href="$logreader_8cpp.html" title="logreader.cpp" alt="" coords="3541,379,3640,405">
