<area shape="rect" href="$read_8h.html" title="rdkcore/serialization/read.h" alt="" coords="201,155,377,182">
<area shape="rect" href="$textutils_8h.html" title="rdkcore/textutils/textutils.h" alt="" coords="32,304,208,331">
<area shape="rect" href="$write_8h.html" title="rdkcore/serialization/write.h" alt="" coords="401,155,580,182">
<area shape="rect" href="$object_8h.html" title="rdkcore/object/object.h" alt="" coords="595,80,747,107">
<area shape="rect" href="$logging_8h.html" title="rdkcore/logging/logging.h" alt="" coords="939,304,1104,331">
<area shape="rect" href="$geometry_2utils_8h.html" title="rdkcore/geometry/utils.h" alt="" coords="1128,304,1288,331">
<area shape="rect" href="$ns_8h.html" title="rdkcore/ns.h" alt="" coords="1263,80,1356,107">
<area shape="rect" href="$serialization_2utils_8h.html" title="utils.h" alt="" coords="309,230,365,256">
<area shape="rect" href="$serialization_2exceptions_8h.html" title="exceptions.h" alt="" coords="413,230,509,256">
<area shape="rect" href="$demangle_8h.html" title="rdkcore/demangle/demangle.h" alt="" coords="943,155,1137,182">
<area shape="rect" href="$time_8h.html" title="rdkcore/time/time.h" alt="" coords="604,155,737,182">
