<area shape="rect" href="$logging_8h.html" title="rdkcore/logging/logging.h" alt="" coords="5,528,171,555">
<area shape="rect" href="$imgdiffs_8h.html" title="imgdiffs.h" alt="" coords="1152,80,1229,107">
<area shape="rect" href="$rimage_8h.html" title="rimage.h" alt="" coords="1287,230,1359,256">
<area shape="rect" href="$rimagediffrect_8h.html" title="rimagediffrect.h" alt="" coords="1136,155,1245,182">
<area shape="rect" href="$object_8h.html" title="rdkcore/object/object.h" alt="" coords="853,304,1005,331">
<area shape="rect" href="$demangle_8h.html" title="rdkcore/demangle/demangle.h" alt="" coords="832,379,1027,406">
<area shape="rect" href="$read_8h.html" title="rdkcore/serialization/read.h" alt="" coords="632,379,808,406">
<area shape="rect" href="$write_8h.html" title="rdkcore/serialization/write.h" alt="" coords="429,379,608,406">
<area shape="rect" href="$time_8h.html" title="rdkcore/time/time.h" alt="" coords="1051,379,1184,406">
<area shape="rect" href="$serialization_2utils_8h.html" title="utils.h" alt="" coords="537,454,593,480">
<area shape="rect" href="$serialization_2exceptions_8h.html" title="exceptions.h" alt="" coords="643,454,739,480">
<area shape="rect" href="$textutils_8h.html" title="rdkcore/textutils/textutils.h" alt="" coords="245,528,421,555">
<area shape="rect" href="$objectdiff_8h.html" title="rdkcore/object/objectdiff.h" alt="" coords="928,230,1099,256">
