<area shape="rect" href="$geometry_2utils_8h.html" title="rdkcore/geometry/utils.h" alt="" coords="1496,677,1656,704">
<area shape="rect" href="$laserdata_8h.html" title="laserdata.h" alt="" coords="788,80,873,107">
<area shape="rect" href="$point_8h.html" title="rdkcore/geometry/point.h" alt="" coords="1309,379,1475,405">
<area shape="rect" href="$otherpoints_8h.html" title="rdkcore/geometry/otherpoints.h" alt="" coords="1024,229,1224,256">
<area shape="rect" href="$dmatrix_8h.html" title="dmatrix.h" alt="" coords="705,379,780,405">
<area shape="rect" href="$sensordata_8h.html" title="sensordata.h" alt="" coords="93,304,189,331">
<area shape="rect" href="$laserparser_8h.html" title="laserparser.h" alt="" coords="691,155,787,181">
<area shape="rect" href="$textutils_8h.html" title="rdkcore/textutils/textutils.h" alt="" coords="856,453,1032,480">
<area shape="rect" href="$point2_8h.html" title="point2.h" alt="" coords="1397,603,1464,629">
<area shape="rect" href="$point2o_8h.html" title="point2o.h" alt="" coords="1581,528,1656,555">
<area shape="rect" href="$point3_8h.html" title="point3.h" alt="" coords="1491,528,1557,555">
<area shape="rect" href="$point3o_8h.html" title="point3o.h" alt="" coords="1613,453,1688,480">
<area shape="rect" href="$angle_8h.html" title="angle.h" alt="" coords="1615,603,1679,629">
<area shape="rect" href="$viewport_8h.html" title="rdkcore/geometry/viewport.h" alt="" coords="909,304,1093,331">
<area shape="rect" href="$viewport_8hpp.html" title="viewport.hpp" alt="" coords="1021,379,1115,405">
<area shape="rect" href="$dmatrix__imp_8hpp.html" title="dmatrix_imp.hpp" alt="" coords="397,453,515,480">
<area shape="rect" href="$dmatrix__numeric_8hpp.html" title="dmatrix_numeric.hpp" alt="" coords="539,453,680,480">
<area shape="rect" href="$time_8h.html" title="rdkcore/time/time.h" alt="" coords="56,379,189,405">
<area shape="rect" href="$logreader_8h.html" title="logreader.h" alt="" coords="597,229,680,256">
<area shape="rect" href="$linestream_8h.html" title="rdkcore/textutils/linestream.h" alt="" coords="383,379,572,405">
