<area shape="rect" href="$rdkcore_8h.html" title="rdkcore.h" alt="" coords="69,379,144,406">
<area shape="rect" href="$logreader_8h.html" title="logreader.h" alt="" coords="439,80,521,107">
<area shape="rect" href="$laserparser_8cpp.html" title="laserparser.cpp" alt="" coords="736,304,845,331">
<area shape="rect" href="$linestream_8cpp.html" title="linestream.cpp" alt="" coords="647,80,753,107">
<area shape="rect" href="$textutils_8cpp.html" title="textutils.cpp" alt="" coords="777,80,868,107">
<area shape="rect" href="$laserparser_8h.html" title="laserparser.h" alt="" coords="388,155,484,182">
<area shape="rect" href="$logreader_8cpp.html" title="logreader.cpp" alt="" coords="473,230,572,256">
<area shape="rect" href="$laserdata_8h.html" title="laserdata.h" alt="" coords="313,230,399,256">
<area shape="rect" href="$rlaserdata_8h.html" title="rlaserdata.h" alt="" coords="195,304,283,331">
<area shape="rect" href="$laserdata_8cpp.html" title="laserdata.cpp" alt="" coords="307,304,405,331">
<area shape="rect" href="$laserdata__fisher_8cpp.html" title="laserdata_fisher.cpp" alt="" coords="429,304,565,331">
<area shape="rect" href="$laserdatatracker_8h.html" title="laserdatatracker.h" alt="" coords="589,304,712,331">
<area shape="rect" href="$logtagtoobject_8cpp.html" title="logtagtoobject.cpp" alt="" coords="172,379,300,406">
<area shape="rect" href="$rlaserdata_8cpp.html" title="rlaserdata.cpp" alt="" coords="324,379,428,406">
<area shape="rect" href="$laserdatatracker_8cpp.html" title="laserdatatracker.cpp" alt="" coords="581,379,720,406">
