<area shape="rect" href="$logging_8h.html" title="rdkcore/logging/logging.h" alt="" coords="3821,603,3987,630">
<area shape="rect" href="$module_8h.html" title="This file contains the Module class and other very important stuff." alt="" coords="3760,155,3888,182">
<area shape="rect" href="$module1_8h.html" title="module1.h" alt="" coords="3963,80,4043,107">
<area shape="rect" href="$textutils_8h.html" title="rdkcore/textutils/textutils.h" alt="" coords="3165,603,3341,630">
<area shape="rect" href="$session_8h.html" title="This file contains the Session class and some useful macros." alt="" coords="1704,379,1888,406">
<area shape="rect" href="$modulemanager_8h.html" title="modulemanager.h" alt="" coords="3371,230,3493,256">
<area shape="rect" href="$object_8h.html" title="rdkcore/object/object.h" alt="" coords="1777,678,1929,704">
<area shape="rect" href="$inetaddress_8h.html" title="rdkcore/network/inetaddress.h" alt="" coords="461,454,656,480">
<area shape="rect" href="$posixsem_8h.html" title="rdkcore/posixconstructs/posixsem.h" alt="" coords="3352,454,3584,480">
<area shape="rect" href="$profiling_8h.html" title="rdkcore/profiling/profiling.h" alt="" coords="1995,454,2168,480">
<area shape="rect" href="$rint_8h.html" title="rdkcore/rprimitive/rint.h" alt="" coords="2789,528,2944,555">
<area shape="rect" href="$rstring_8h.html" title="rdkcore/rprimitive/rstring.h" alt="" coords="2461,603,2632,630">
<area shape="rect" href="$rdouble_8h.html" title="rdkcore/rprimitive/rdouble.h" alt="" coords="2485,528,2664,555">
<area shape="rect" href="$rbool_8h.html" title="rdkcore/rprimitive/rbool.h" alt="" coords="2299,528,2461,555">
<area shape="rect" href="$container_8h.html" title="rdkcore/container/container.h" alt="" coords="3040,454,3227,480">
<area shape="rect" href="$rpoint2od_8h.html" title="rdkcore/rgeometry/rpoint2od.h" alt="" coords="2619,454,2813,480">
<area shape="rect" href="$rpoint2d_8h.html" title="rdkcore/rgeometry/rpoint2d.h" alt="" coords="1408,454,1595,480">
<area shape="rect" href="$rpoint3d_8h.html" title="rdkcore/rgeometry/rpoint3d.h" alt="" coords="1784,454,1971,480">
<area shape="rect" href="$rpoint3od_8h.html" title="rdkcore/rgeometry/rpoint3od.h" alt="" coords="2192,454,2387,480">
<area shape="rect" href="$rimage_8h.html" title="rdkcore/rgraphics/rimage.h" alt="" coords="1808,528,1984,555">
<area shape="rect" href="$rmapimage_8h.html" title="rdkcore/rmaps/rmapimage.h" alt="" coords="2411,454,2595,480">
<area shape="rect" href="$stack_8h.html" title="rdkcore/posixconstructs/stack.h" alt="" coords="2968,528,3176,555">
<area shape="rect" href="$rremotesubscription_8h.html" title="rdkcore/repository_struct/rremotesubscription.h" alt="" coords="144,454,437,480">
<area shape="rect" href="$url_8h.html" title="url.h" alt="" coords="84,528,129,555">
<area shape="rect" href="$property_8h.html" title="rdkcore/repository_struct/property.h" alt="" coords="955,454,1181,480">
<area shape="rect" href="$robjectqueue_8h.html" title="rdkcore/repository_struct/robjectqueue.h" alt="" coords="1307,528,1560,555">
<area shape="rect" href="$events_8h.html" title="events.h" alt="" coords="1681,678,1753,704">
<area shape="rect" href="$tcpmanager_8h.html" title="tcpmanager.h" alt="" coords="680,454,779,480">
<area shape="rect" href="$session_8hpp.html" title="session.hpp" alt="" coords="1669,454,1760,480">
<area shape="rect" href="$demangle_8h.html" title="rdkcore/demangle/demangle.h" alt="" coords="2187,752,2381,779">
<area shape="rect" href="$read_8h.html" title="rdkcore/serialization/read.h" alt="" coords="2405,752,2581,779">
<area shape="rect" href="$write_8h.html" title="rdkcore/serialization/write.h" alt="" coords="1931,752,2109,779">
<area shape="rect" href="$time_8h.html" title="rdkcore/time/time.h" alt="" coords="1771,752,1904,779">
<area shape="rect" href="$socketaddress_8h.html" title="rdkcore/network/socketaddress.h" alt="" coords="384,528,597,555">
<area shape="rect" href="$netexception_8h.html" title="rdkcore/network/netexception.h" alt="" coords="389,603,592,630">
<area shape="rect" href="$rprimitive_8h.html" title="rprimitive.h" alt="" coords="2757,603,2843,630">
<area shape="rect" href="$objectdiff_8h.html" title="rdkcore/object/objectdiff.h" alt="" coords="2267,603,2437,630">
<area shape="rect" href="$point_8h.html" title="rdkcore/geometry/point.h" alt="" coords="2059,528,2224,555">
<area shape="rect" href="$repository_8h.html" title="rdkcore/repository/repository.h" alt="" coords="1484,304,1679,331">
<area shape="rect" href="$ragentconfig_8h.html" title="rdkcore/modules_config/ragentconfig.h" alt="" coords="3389,304,3635,331">
