<area shape="rect" href="$module_8h.html" title="This file contains the Module class and other very important stuff." alt="" coords="2845,80,2973,107">
<area shape="rect" href="$textutils_8h.html" title="rdkcore/textutils/textutils.h" alt="" coords="836,603,1012,629">
<area shape="rect" href="$session_8h.html" title="This file contains the Session class and some useful macros." alt="" coords="2148,304,2332,331">
<area shape="rect" href="$modulemanager_8h.html" title="modulemanager.h" alt="" coords="485,155,608,181">
<area shape="rect" href="$object_8h.html" title="rdkcore/object/object.h" alt="" coords="2549,603,2701,629">
<area shape="rect" href="$inetaddress_8h.html" title="rdkcore/network/inetaddress.h" alt="" coords="495,379,689,405">
<area shape="rect" href="$posixsem_8h.html" title="rdkcore/posixconstructs/posixsem.h" alt="" coords="239,379,471,405">
<area shape="rect" href="$profiling_8h.html" title="rdkcore/profiling/profiling.h" alt="" coords="2216,379,2389,405">
<area shape="rect" href="$rint_8h.html" title="rdkcore/rprimitive/rint.h" alt="" coords="937,453,1092,480">
<area shape="rect" href="$rstring_8h.html" title="rdkcore/rprimitive/rstring.h" alt="" coords="1608,528,1779,555">
<area shape="rect" href="$rdouble_8h.html" title="rdkcore/rprimitive/rdouble.h" alt="" coords="1527,453,1705,480">
<area shape="rect" href="$rbool_8h.html" title="rdkcore/rprimitive/rbool.h" alt="" coords="1492,379,1655,405">
<area shape="rect" href="$container_8h.html" title="rdkcore/container/container.h" alt="" coords="937,379,1124,405">
<area shape="rect" href="$rpoint2od_8h.html" title="rdkcore/rgeometry/rpoint2od.h" alt="" coords="2671,453,2865,480">
<area shape="rect" href="$rpoint2d_8h.html" title="rdkcore/rgeometry/rpoint2d.h" alt="" coords="1831,453,2017,480">
<area shape="rect" href="$rpoint3d_8h.html" title="rdkcore/rgeometry/rpoint3d.h" alt="" coords="2041,453,2228,480">
<area shape="rect" href="$rpoint3od_8h.html" title="rdkcore/rgeometry/rpoint3od.h" alt="" coords="2252,453,2447,480">
<area shape="rect" href="$rimage_8h.html" title="rdkcore/rgraphics/rimage.h" alt="" coords="2471,453,2647,480">
<area shape="rect" href="$rmapimage_8h.html" title="rdkcore/rmaps/rmapimage.h" alt="" coords="1284,379,1468,405">
<area shape="rect" href="$stack_8h.html" title="rdkcore/posixconstructs/stack.h" alt="" coords="1140,528,1348,555">
<area shape="rect" href="$rremotesubscription_8h.html" title="rdkcore/repository_struct/rremotesubscription.h" alt="" coords="3083,379,3376,405">
<area shape="rect" href="$url_8h.html" title="url.h" alt="" coords="3471,453,3516,480">
<area shape="rect" href="$property_8h.html" title="rdkcore/repository_struct/property.h" alt="" coords="2781,379,3008,405">
<area shape="rect" href="$robjectqueue_8h.html" title="rdkcore/repository_struct/robjectqueue.h" alt="" coords="2940,453,3193,480">
<area shape="rect" href="$events_8h.html" title="events.h" alt="" coords="2924,603,2996,629">
<area shape="rect" href="$tcpmanager_8h.html" title="tcpmanager.h" alt="" coords="3603,379,3701,405">
<area shape="rect" href="$session_8hpp.html" title="session.hpp" alt="" coords="2413,379,2504,405">
<area shape="rect" href="$demangle_8h.html" title="rdkcore/demangle/demangle.h" alt="" coords="2117,677,2312,704">
<area shape="rect" href="$read_8h.html" title="rdkcore/serialization/read.h" alt="" coords="2336,677,2512,704">
<area shape="rect" href="$write_8h.html" title="rdkcore/serialization/write.h" alt="" coords="2536,677,2715,704">
<area shape="rect" href="$time_8h.html" title="rdkcore/time/time.h" alt="" coords="2789,677,2923,704">
<area shape="rect" href="$socketaddress_8h.html" title="rdkcore/network/socketaddress.h" alt="" coords="239,453,452,480">
<area shape="rect" href="$netexception_8h.html" title="rdkcore/network/netexception.h" alt="" coords="388,528,591,555">
<area shape="rect" href="$rprimitive_8h.html" title="rprimitive.h" alt="" coords="1468,528,1553,555">
<area shape="rect" href="$objectdiff_8h.html" title="rdkcore/object/objectdiff.h" alt="" coords="1803,528,1973,555">
<area shape="rect" href="$point_8h.html" title="rdkcore/geometry/point.h" alt="" coords="1997,528,2163,555">
<area shape="rect" href="$dmatrix_8h.html" title="rdkcore/geometry/dmatrix.h" alt="" coords="887,528,1065,555">
<area shape="rect" href="$viewport_8h.html" title="rdkcore/geometry/viewport.h" alt="" coords="1167,453,1351,480">
<area shape="rect" href="$repository_8h.html" title="rdkcore/repository/repository.h" alt="" coords="2929,229,3124,256">
<area shape="rect" href="$ragentconfig_8h.html" title="rdkcore/modules_config/ragentconfig.h" alt="" coords="239,229,484,256">
