<area shape="rect" href="$namespace_r_d_k2_1_1_geometry.html#89e99bb97dcd388e525fec8768ebdac6" title="RDK2::Geometry::eig22_gsl" alt="" coords="313,31,497,57">
<area shape="rect" href="$struct_r_d_k2_1_1_geometry_1_1_point2.html#ffc8fa32bba32e9861be51e5d6af46a3" title="RDK2::Geometry::Point2::toString" alt="" coords="296,81,515,108">
<area shape="rect" href="$struct_r_d_k2_1_1_geometry_1_1_point2.html#0a7bdf8ec8e96f03149b01d8215d3736" title="RDK2::Geometry::Point2\&lt; double \&gt;::vers" alt="" coords="276,132,535,159">
<area shape="rect" href="$class_r_d_k2_1_1_geometry_1_1_d_matrix.html#cf8d5086b9d911e7c5b58eee2c4b115c" title="RDK2::Geometry::DMatrix::columns" alt="" coords="791,5,1020,32">
<area shape="rect" href="$namespace_r_d_k2_1_1_geometry.html#447902083df7bba15979e6d67e7f3fb0" title="RDK2::Geometry::copy" alt="" coords="585,31,740,57">
<area shape="rect" href="$class_r_d_k2_1_1_geometry_1_1_d_matrix.html#2c1b85126c7683b5960d90209eaf68de" title="RDK2::Geometry::DMatrix::rows" alt="" coords="801,68,1009,95">
