<area shape="rect" href="$class_r_d_k2_1_1_geometry_1_1_d_matrix.html#f566f79f11ded509f68b90972a3729b6" title="RDK2::Geometry::DMatrix::around" alt="" coords="237,5,456,32">
<area shape="rect" href="$class_r_d_k2_1_1_geometry_1_1_d_matrix.html#cf8d5086b9d911e7c5b58eee2c4b115c" title="RDK2::Geometry::DMatrix::columns" alt="" coords="521,81,751,108">
<area shape="rect" href="$class_r_d_k2_1_1_geometry_1_1_d_matrix.html#91889aaf709ad69ee66bc57eb9ab6094" title="RDK2::Geometry::DMatrix::product" alt="" coords="235,107,459,133">
<area shape="rect" href="$class_r_d_k2_1_1_geometry_1_1_d_matrix.html#2c1b85126c7683b5960d90209eaf68de" title="RDK2::Geometry::DMatrix::rows" alt="" coords="532,144,740,171">
<area shape="rect" href="$class_r_d_k2_1_1_geometry_1_1_d_matrix.html#54246ada7a279c67dc536dfb99f27514" title="RDK2::Geometry::DMatrix::aPieceOfYou" alt="" coords="508,5,764,32">
<area shape="rect" href="$class_r_d_k2_1_1_geometry_1_1_d_matrix.html#f1bfee8d5d18156a3711a0497bc741f3" title="RDK2::Geometry::DMatrix::at" alt="" coords="813,5,1005,32">
<area shape="rect" href="$class_r_d_k2_1_1_geometry_1_1_d_matrix.html#000ae6c4db95fad073fef308186f8e12" title="RDK2::Geometry::DMatrix::isInside" alt="" coords="1053,5,1280,32">
