<area shape="rect" href="$dmatrix_8h.html" title="rdkcore/geometry/dmatrix.h" alt="" coords="429,155,608,181">
<area shape="rect" href="$viewport_8h.html" title="rdkcore/geometry/viewport.h" alt="" coords="592,80,776,107">
<area shape="rect" href="$textutils_8h.html" title="rdkcore/textutils/textutils.h" alt="" coords="712,229,888,256">
<area shape="rect" href="$geometry_2utils_8h.html" title="utils.h" alt="" coords="1053,453,1109,480">
<area shape="rect" href="$point2_8h.html" title="point2.h" alt="" coords="1045,379,1112,405">
<area shape="rect" href="$dmatrix__imp_8hpp.html" title="dmatrix_imp.hpp" alt="" coords="253,229,371,256">
<area shape="rect" href="$dmatrix__numeric_8hpp.html" title="dmatrix_numeric.hpp" alt="" coords="395,229,536,256">
<area shape="rect" href="$point_8h.html" title="point.h" alt="" coords="1023,155,1081,181">
<area shape="rect" href="$viewport_8hpp.html" title="viewport.hpp" alt="" coords="800,155,893,181">
<area shape="rect" href="$point2o_8h.html" title="point2o.h" alt="" coords="1136,304,1211,331">
<area shape="rect" href="$point3_8h.html" title="point3.h" alt="" coords="1045,304,1112,331">
<area shape="rect" href="$point3o_8h.html" title="point3o.h" alt="" coords="1165,229,1240,256">
<area shape="rect" href="$angle_8h.html" title="angle.h" alt="" coords="1155,379,1219,405">
