<area shape="rect" href="$pipequeue_8h.html" title="pipequeue.h" alt="" coords="557,80,648,107">
<area shape="rect" href="$unittest__overflow_8cpp.html" title="unittest_overflow.cpp" alt="" coords="5,155,149,181">
<area shape="rect" href="$unittest__overflow2_8cpp.html" title="unittest_overflow2.cpp" alt="" coords="173,155,325,181">
<area shape="rect" href="$unittest__overflow3_8cpp.html" title="unittest_overflow3.cpp" alt="" coords="349,155,501,181">
<area shape="rect" href="$unittest__pipequeue_8cpp.html" title="unittest_pipequeue.cpp" alt="" coords="525,155,680,181">
<area shape="rect" href="$unittest__pipequeue__size_8cpp.html" title="unittest_pipequeue_size.cpp" alt="" coords="704,155,891,181">
<area shape="rect" href="$rdkcore_8h.html" title="rdkcore.h" alt="" coords="4015,603,4089,629">
<area shape="rect" href="$robjectqueue_8h.html" title="robjectqueue.h" alt="" coords="3395,155,3501,181">
<area shape="rect" href="$session_8h.html" title="This file contains the Session class and some useful macros." alt="" coords="3812,304,3889,331">
<area shape="rect" href="$property_8h.html" title="property.h" alt="" coords="3249,229,3327,256">
<area shape="rect" href="$module_8h.html" title="This file contains the Module class and other very important stuff." alt="" coords="4877,528,4952,555">
<area shape="rect" href="$modulemanager_8h.html" title="modulemanager.h" alt="" coords="4595,453,4717,480">
<area shape="rect" href="$repository_8h.html" title="repository.h" alt="" coords="2892,379,2980,405">
<area shape="rect" href="$remotesubscriptionregister_8cpp.html" title="remotesubscriptionregister.cpp" alt="" coords="3160,453,3357,480">
<area shape="rect" href="$session_8cpp.html" title="session.cpp" alt="" coords="3523,453,3613,480">
<area shape="rect" href="$session__diffs_8cpp.html" title="session_diffs.cpp" alt="" coords="3688,453,3811,480">
<area shape="rect" href="$session__events_8cpp.html" title="session_events.cpp" alt="" coords="3835,453,3971,480">
<area shape="rect" href="$session__network_8cpp.html" title="session_network.cpp" alt="" coords="1464,453,1608,480">
<area shape="rect" href="$session__queue_8cpp.html" title="session_queue.cpp" alt="" coords="3995,453,4128,480">
<area shape="rect" href="$session__utils_8cpp.html" title="session_utils.cpp" alt="" coords="4152,453,4275,480">
<area shape="rect" href="$session__get__set__create_8cpp.html" title="session_get_set_create.cpp" alt="" coords="4525,379,4709,405">
<area shape="rect" href="$robotmodule_8h.html" title="robotmodule.h" alt="" coords="3599,379,3703,405">
<area shape="rect" href="$module_8cpp.html" title="module.cpp" alt="" coords="4853,603,4941,629">
<area shape="rect" href="$modulemanager_8cpp.html" title="modulemanager.cpp" alt="" coords="4693,603,4829,629">
<area shape="rect" href="$module1_8cpp.html" title="module1.cpp" alt="" coords="4996,677,5092,704">
<area shape="rect" href="$module1_8h.html" title="module1.h" alt="" coords="4965,603,5045,629">
<area shape="rect" href="$test__modules_8cpp.html" title="test_modules.cpp" alt="" coords="4741,677,4864,704">
<area shape="rect" href="$remotepropertymanager_8cpp.html" title="remotepropertymanager.cpp" alt="" coords="2040,453,2221,480">
<area shape="rect" href="$repository_8cpp.html" title="repository.cpp" alt="" coords="2245,453,2347,480">
<area shape="rect" href="$repository__queue_8cpp.html" title="repository_queue.cpp" alt="" coords="2371,453,2515,480">
<area shape="rect" href="$repository__remote_8cpp.html" title="repository_remote.cpp" alt="" coords="1291,453,1440,480">
<area shape="rect" href="$repository__storage_8cpp.html" title="repository_storage.cpp" alt="" coords="2539,453,2691,480">
<area shape="rect" href="$repository__utils_8cpp.html" title="repository_utils.cpp" alt="" coords="2715,453,2848,480">
<area shape="rect" href="$session_interface_8h.html" title="sessionInterface.h" alt="" coords="2872,453,3000,480">
<area shape="rect" href="$tcpmanager_8cpp.html" title="tcpmanager.cpp" alt="" coords="3024,453,3136,480">
<area shape="rect" href="$tcpmanager__peermanager_8cpp.html" title="tcpmanager_peermanager.cpp" alt="" coords="1683,453,1877,480">
<area shape="rect" href="$udpmanager_8cpp.html" title="udpmanager.cpp" alt="" coords="1901,453,2016,480">
<area shape="rect" href="$robotmodule_8cpp.html" title="robotmodule.cpp" alt="" coords="3381,453,3499,480">
<area shape="rect" href="$moduleconfig_8h.html" title="moduleconfig.h" alt="" coords="3679,304,3788,331">
<area shape="rect" href="$property_8cpp.html" title="property.cpp" alt="" coords="3160,304,3251,331">
<area shape="rect" href="$rpropertydef_8h.html" title="rpropertydef.h" alt="" coords="1460,304,1561,331">
<area shape="rect" href="$moduleconfig_8cpp.html" title="moduleconfig.cpp" alt="" coords="3401,379,3524,405">
<area shape="rect" href="$ragentconfig_8h.html" title="ragentconfig.h" alt="" coords="4296,379,4400,405">
<area shape="rect" href="$ragentconfig_8cpp.html" title="ragentconfig.cpp" alt="" coords="4299,453,4416,480">
<area shape="rect" href="$rpropertydef_8cpp.html" title="rpropertydef.cpp" alt="" coords="1333,379,1448,405">
<area shape="rect" href="$rpropertydefvector_8h.html" title="rpropertydefvector.h" alt="" coords="1124,379,1260,405">
<area shape="rect" href="$rpropertydefvector_8cpp.html" title="rpropertydefvector.cpp" alt="" coords="1117,453,1267,480">
