<area shape="rect" href="$profiling_8cpp.html" title="profiling.cpp" alt="" coords="5,80,96,106">
<area shape="rect" href="$test__profiling_8cpp.html" title="test_profiling.cpp" alt="" coords="120,80,240,106">
<area shape="rect" href="$rdkcore_8h.html" title="rdkcore.h" alt="" coords="891,378,965,405">
<area shape="rect" href="$session_8h.html" title="This file contains the Session class and some useful macros." alt="" coords="977,80,1055,106">
<area shape="rect" href="$session_8cpp.html" title="session.cpp" alt="" coords="315,229,405,256">
<area shape="rect" href="$session__network_8cpp.html" title="session_network.cpp" alt="" coords="672,229,816,256">
<area shape="rect" href="$session__queue_8cpp.html" title="session_queue.cpp" alt="" coords="3363,229,3496,256">
<area shape="rect" href="$module_8h.html" title="This file contains the Module class and other very important stuff." alt="" coords="3069,304,3144,330">
<area shape="rect" href="$modulemanager_8h.html" title="modulemanager.h" alt="" coords="2909,229,3032,256">
<area shape="rect" href="$repository_8h.html" title="repository.h" alt="" coords="1756,154,1844,181">
<area shape="rect" href="$remotesubscriptionregister_8cpp.html" title="remotesubscriptionregister.cpp" alt="" coords="987,229,1184,256">
<area shape="rect" href="$session__diffs_8cpp.html" title="session_diffs.cpp" alt="" coords="3056,229,3179,256">
<area shape="rect" href="$session__events_8cpp.html" title="session_events.cpp" alt="" coords="3203,229,3339,256">
<area shape="rect" href="$session__utils_8cpp.html" title="session_utils.cpp" alt="" coords="840,229,963,256">
<area shape="rect" href="$session__get__set__create_8cpp.html" title="session_get_set_create.cpp" alt="" coords="595,154,779,181">
<area shape="rect" href="$robotmodule_8h.html" title="robotmodule.h" alt="" coords="416,154,520,181">
<area shape="rect" href="$module_8cpp.html" title="module.cpp" alt="" coords="3063,378,3151,405">
<area shape="rect" href="$modulemanager_8cpp.html" title="modulemanager.cpp" alt="" coords="2903,378,3039,405">
<area shape="rect" href="$module1_8cpp.html" title="module1.cpp" alt="" coords="3205,453,3301,480">
<area shape="rect" href="$module1_8h.html" title="module1.h" alt="" coords="3175,378,3255,405">
<area shape="rect" href="$test__modules_8cpp.html" title="test_modules.cpp" alt="" coords="2951,453,3073,480">
<area shape="rect" href="$remotepropertymanager_8cpp.html" title="remotepropertymanager.cpp" alt="" coords="2237,229,2419,256">
<area shape="rect" href="$repository_8cpp.html" title="repository.cpp" alt="" coords="2443,229,2544,256">
<area shape="rect" href="$repository__queue_8cpp.html" title="repository_queue.cpp" alt="" coords="2568,229,2712,256">
<area shape="rect" href="$repository__remote_8cpp.html" title="repository_remote.cpp" alt="" coords="2736,229,2885,256">
<area shape="rect" href="$repository__storage_8cpp.html" title="repository_storage.cpp" alt="" coords="1259,229,1411,256">
<area shape="rect" href="$repository__utils_8cpp.html" title="repository_utils.cpp" alt="" coords="1435,229,1568,256">
<area shape="rect" href="$session_interface_8h.html" title="sessionInterface.h" alt="" coords="1592,229,1720,256">
<area shape="rect" href="$tcpmanager_8cpp.html" title="tcpmanager.cpp" alt="" coords="1744,229,1856,256">
<area shape="rect" href="$tcpmanager__peermanager_8cpp.html" title="tcpmanager_peermanager.cpp" alt="" coords="1880,229,2075,256">
<area shape="rect" href="$udpmanager_8cpp.html" title="udpmanager.cpp" alt="" coords="2099,229,2213,256">
<area shape="rect" href="$robotmodule_8cpp.html" title="robotmodule.cpp" alt="" coords="480,229,597,256">
