<area shape="rect" href="$rc8set_8h.html" title="rc8set.h" alt="" coords="588,80,655,107">
<area shape="rect" href="$object_8h.html" title="rdkcore/object/object.h" alt="" coords="483,229,635,256">
<area shape="rect" href="$rimage_8h.html" title="rdkcore/rgraphics/rimage.h" alt="" coords="596,155,772,181">
<area shape="rect" href="$demangle_8h.html" title="rdkcore/demangle/demangle.h" alt="" coords="773,304,968,331">
<area shape="rect" href="$read_8h.html" title="rdkcore/serialization/read.h" alt="" coords="371,304,547,331">
<area shape="rect" href="$write_8h.html" title="rdkcore/serialization/write.h" alt="" coords="571,304,749,331">
<area shape="rect" href="$time_8h.html" title="rdkcore/time/time.h" alt="" coords="992,304,1125,331">
<area shape="rect" href="$serialization_2utils_8h.html" title="utils.h" alt="" coords="481,379,537,405">
<area shape="rect" href="$serialization_2exceptions_8h.html" title="exceptions.h" alt="" coords="609,379,705,405">
<area shape="rect" href="$textutils_8h.html" title="rdkcore/textutils/textutils.h" alt="" coords="117,453,293,480">
