<area shape="rect" href="$object_8h.html" title="rdkcore/object/object.h" alt="" coords="1287,304,1439,331">
<area shape="rect" href="$point_8h.html" title="rdkcore/geometry/point.h" alt="" coords="261,230,427,256">
<area shape="rect" href="$container_8h.html" title="rdkcore/container/container.h" alt="" coords="1311,80,1497,107">
<area shape="rect" href="$color_8h.html" title="rdkcore/rgraphics/color.h" alt="" coords="1668,80,1831,107">
<area shape="rect" href="$demangle_8h.html" title="rdkcore/demangle/demangle.h" alt="" coords="669,379,864,406">
<area shape="rect" href="$read_8h.html" title="rdkcore/serialization/read.h" alt="" coords="1096,379,1272,406">
<area shape="rect" href="$write_8h.html" title="rdkcore/serialization/write.h" alt="" coords="1296,379,1475,406">
<area shape="rect" href="$time_8h.html" title="rdkcore/time/time.h" alt="" coords="939,379,1072,406">
<area shape="rect" href="$serialization_2utils_8h.html" title="utils.h" alt="" coords="1355,454,1411,480">
<area shape="rect" href="$serialization_2exceptions_8h.html" title="exceptions.h" alt="" coords="1225,454,1321,480">
<area shape="rect" href="$textutils_8h.html" title="rdkcore/textutils/textutils.h" alt="" coords="1064,528,1240,555">
<area shape="rect" href="$point2_8h.html" title="point2.h" alt="" coords="279,454,345,480">
<area shape="rect" href="$point2o_8h.html" title="point2o.h" alt="" coords="200,379,275,406">
<area shape="rect" href="$point3_8h.html" title="point3.h" alt="" coords="275,304,341,331">
<area shape="rect" href="$point3o_8h.html" title="point3o.h" alt="" coords="125,304,200,331">
<area shape="rect" href="$angle_8h.html" title="angle.h" alt="" coords="161,454,225,480">
<area shape="rect" href="$geometry_2utils_8h.html" title="utils.h" alt="" coords="235,528,291,555">
<area shape="rect" href="$rint_8h.html" title="rdkcore/rprimitive/rint.h" alt="" coords="1088,155,1243,182">
<area shape="rect" href="$rdouble_8h.html" title="rdkcore/rprimitive/rdouble.h" alt="" coords="885,155,1064,182">
<area shape="rect" href="$rstring_8h.html" title="rdkcore/rprimitive/rstring.h" alt="" coords="1379,230,1549,256">
<area shape="rect" href="$objectdiff_8h.html" title="rdkcore/object/objectdiff.h" alt="" coords="1267,155,1437,182">
<area shape="rect" href="$rprimitive_8h.html" title="rprimitive.h" alt="" coords="1017,230,1103,256">
<area shape="rect" href="$rprimitive_8hpp.html" title="rprimitive.hpp" alt="" coords="1011,304,1109,331">
