<area shape="rect" href="$rimagepointc8_8h.html" title="rimagepointc8.h" alt="" coords="432,80,544,107">
<area shape="rect" href="$object_8h.html" title="rdkcore/object/object.h" alt="" coords="943,229,1095,256">
<area shape="rect" href="$point_8h.html" title="rdkcore/geometry/point.h" alt="" coords="253,155,419,181">
<area shape="rect" href="$rimage_8h.html" title="rimage.h" alt="" coords="983,155,1055,181">
<area shape="rect" href="$demangle_8h.html" title="rdkcore/demangle/demangle.h" alt="" coords="992,304,1187,331">
<area shape="rect" href="$read_8h.html" title="rdkcore/serialization/read.h" alt="" coords="1280,304,1456,331">
<area shape="rect" href="$write_8h.html" title="rdkcore/serialization/write.h" alt="" coords="728,304,907,331">
<area shape="rect" href="$time_8h.html" title="rdkcore/time/time.h" alt="" coords="1480,304,1613,331">
<area shape="rect" href="$serialization_2utils_8h.html" title="utils.h" alt="" coords="889,379,945,405">
<area shape="rect" href="$serialization_2exceptions_8h.html" title="exceptions.h" alt="" coords="1111,379,1207,405">
<area shape="rect" href="$textutils_8h.html" title="rdkcore/textutils/textutils.h" alt="" coords="669,453,845,480">
<area shape="rect" href="$point2_8h.html" title="point2.h" alt="" coords="215,379,281,405">
<area shape="rect" href="$point2o_8h.html" title="point2o.h" alt="" coords="285,304,360,331">
<area shape="rect" href="$point3_8h.html" title="point3.h" alt="" coords="144,229,211,256">
<area shape="rect" href="$point3o_8h.html" title="point3o.h" alt="" coords="336,229,411,256">
<area shape="rect" href="$angle_8h.html" title="angle.h" alt="" coords="316,379,380,405">
<area shape="rect" href="$geometry_2utils_8h.html" title="utils.h" alt="" coords="336,453,392,480">
