<area shape="rect" href="$object_8h.html" title="rdkcore/object/object.h" alt="" coords="687,154,839,181">
<area shape="rect" href="$point_8h.html" title="rdkcore/geometry/point.h" alt="" coords="1259,80,1424,106">
<area shape="rect" href="$rimage_8h.html" title="rimage.h" alt="" coords="689,80,761,106">
<area shape="rect" href="$demangle_8h.html" title="rdkcore/demangle/demangle.h" alt="" coords="5,229,200,256">
<area shape="rect" href="$read_8h.html" title="rdkcore/serialization/read.h" alt="" coords="496,229,672,256">
<area shape="rect" href="$write_8h.html" title="rdkcore/serialization/write.h" alt="" coords="224,229,403,256">
<area shape="rect" href="$time_8h.html" title="rdkcore/time/time.h" alt="" coords="696,229,829,256">
<area shape="rect" href="$serialization_2utils_8h.html" title="utils.h" alt="" coords="480,304,536,330">
<area shape="rect" href="$serialization_2exceptions_8h.html" title="exceptions.h" alt="" coords="292,304,388,330">
<area shape="rect" href="$textutils_8h.html" title="rdkcore/textutils/textutils.h" alt="" coords="1016,378,1192,405">
<area shape="rect" href="$point2_8h.html" title="point2.h" alt="" coords="1428,304,1495,330">
<area shape="rect" href="$point2o_8h.html" title="point2o.h" alt="" coords="1341,229,1416,256">
<area shape="rect" href="$point3_8h.html" title="point3.h" alt="" coords="1416,154,1483,181">
<area shape="rect" href="$point3o_8h.html" title="point3o.h" alt="" coords="1267,154,1341,181">
<area shape="rect" href="$angle_8h.html" title="angle.h" alt="" coords="1327,304,1391,330">
<area shape="rect" href="$geometry_2utils_8h.html" title="utils.h" alt="" coords="1317,378,1373,405">
