<area shape="rect" href="$object_8h.html" title="rdkcore/object/object.h" alt="" coords="345,154,497,181">
<area shape="rect" href="$point_8h.html" title="rdkcore/geometry/point.h" alt="" coords="1216,80,1381,106">
<area shape="rect" href="$rimage_8h.html" title="rdkcore/rgraphics/rimage.h" alt="" coords="136,80,312,106">
<area shape="rect" href="$objectdiff_8h.html" title="rdkcore/object/objectdiff.h" alt="" coords="336,80,507,106">
<area shape="rect" href="$demangle_8h.html" title="rdkcore/demangle/demangle.h" alt="" coords="627,229,821,256">
<area shape="rect" href="$read_8h.html" title="rdkcore/serialization/read.h" alt="" coords="427,229,603,256">
<area shape="rect" href="$write_8h.html" title="rdkcore/serialization/write.h" alt="" coords="224,229,403,256">
<area shape="rect" href="$time_8h.html" title="rdkcore/time/time.h" alt="" coords="845,229,979,256">
<area shape="rect" href="$serialization_2utils_8h.html" title="utils.h" alt="" coords="487,304,543,330">
<area shape="rect" href="$serialization_2exceptions_8h.html" title="exceptions.h" alt="" coords="263,304,359,330">
<area shape="rect" href="$textutils_8h.html" title="rdkcore/textutils/textutils.h" alt="" coords="672,378,848,405">
<area shape="rect" href="$point2_8h.html" title="point2.h" alt="" coords="1281,304,1348,330">
<area shape="rect" href="$point2o_8h.html" title="point2o.h" alt="" coords="1423,229,1497,256">
<area shape="rect" href="$point3_8h.html" title="point3.h" alt="" coords="1231,154,1297,181">
<area shape="rect" href="$point3o_8h.html" title="point3o.h" alt="" coords="1473,154,1548,181">
<area shape="rect" href="$angle_8h.html" title="angle.h" alt="" coords="1465,304,1529,330">
<area shape="rect" href="$geometry_2utils_8h.html" title="utils.h" alt="" coords="1423,378,1479,405">
