<area shape="rect" href="$rlandmark_8h.html" title="rlandmark.h" alt="" coords="923,80,1011,106">
<area shape="rect" href="$logging_8h.html" title="rdkcore/logging/logging.h" alt="" coords="24,602,189,629">
<area shape="rect" href="$rpoint2d_8h.html" title="rdkcore/rgeometry/rpoint2d.h" alt="" coords="943,229,1129,256">
<area shape="rect" href="$otherpoints_8h.html" title="rdkcore/geometry/otherpoints.h" alt="" coords="799,154,999,181">
<area shape="rect" href="$sensordata_8h.html" title="rdkcore/sensordata/sensordata.h" alt="" coords="1640,229,1851,256">
<area shape="rect" href="$object_8h.html" title="rdkcore/object/object.h" alt="" coords="1649,378,1801,405">
<area shape="rect" href="$point_8h.html" title="rdkcore/geometry/point.h" alt="" coords="816,304,981,330">
<area shape="rect" href="$demangle_8h.html" title="rdkcore/demangle/demangle.h" alt="" coords="1628,453,1823,480">
<area shape="rect" href="$read_8h.html" title="rdkcore/serialization/read.h" alt="" coords="1428,453,1604,480">
<area shape="rect" href="$write_8h.html" title="rdkcore/serialization/write.h" alt="" coords="1225,453,1404,480">
<area shape="rect" href="$time_8h.html" title="rdkcore/time/time.h" alt="" coords="1977,453,2111,480">
<area shape="rect" href="$serialization_2utils_8h.html" title="utils.h" alt="" coords="1431,528,1487,554">
<area shape="rect" href="$serialization_2exceptions_8h.html" title="exceptions.h" alt="" coords="1311,528,1407,554">
<area shape="rect" href="$textutils_8h.html" title="rdkcore/textutils/textutils.h" alt="" coords="959,602,1135,629">
<area shape="rect" href="$point2_8h.html" title="point2.h" alt="" coords="773,528,840,554">
<area shape="rect" href="$point2o_8h.html" title="point2o.h" alt="" coords="681,453,756,480">
<area shape="rect" href="$point3_8h.html" title="point3.h" alt="" coords="831,378,897,405">
<area shape="rect" href="$point3o_8h.html" title="point3o.h" alt="" coords="631,378,705,405">
<area shape="rect" href="$angle_8h.html" title="angle.h" alt="" coords="685,528,749,554">
<area shape="rect" href="$geometry_2utils_8h.html" title="utils.h" alt="" coords="484,602,540,629">
<area shape="rect" href="$viewport_8h.html" title="rdkcore/geometry/viewport.h" alt="" coords="665,229,849,256">
<area shape="rect" href="$dmatrix_8h.html" title="dmatrix.h" alt="" coords="443,453,517,480">
<area shape="rect" href="$viewport_8hpp.html" title="viewport.hpp" alt="" coords="699,304,792,330">
<area shape="rect" href="$dmatrix__imp_8hpp.html" title="dmatrix_imp.hpp" alt="" coords="227,528,344,554">
<area shape="rect" href="$dmatrix__numeric_8hpp.html" title="dmatrix_numeric.hpp" alt="" coords="368,528,509,554">
