<area shape="rect" href="$object_8h.html" title="rdkcore/object/object.h" alt="" coords="1205,378,1357,405">
<area shape="rect" href="$point_8h.html" title="rdkcore/geometry/point.h" alt="" coords="213,304,379,330">
<area shape="rect" href="$color_8h.html" title="rdkcore/rgraphics/color.h" alt="" coords="659,154,821,181">
<area shape="rect" href="$ritemonmapvector_8h.html" title="ritemonmapvector.h" alt="" coords="864,80,1000,106">
<area shape="rect" href="$demangle_8h.html" title="rdkcore/demangle/demangle.h" alt="" coords="855,453,1049,480">
<area shape="rect" href="$read_8h.html" title="rdkcore/serialization/read.h" alt="" coords="1345,453,1521,480">
<area shape="rect" href="$write_8h.html" title="rdkcore/serialization/write.h" alt="" coords="1073,453,1252,480">
<area shape="rect" href="$time_8h.html" title="rdkcore/time/time.h" alt="" coords="1545,453,1679,480">
<area shape="rect" href="$serialization_2utils_8h.html" title="utils.h" alt="" coords="1131,528,1187,554">
<area shape="rect" href="$serialization_2exceptions_8h.html" title="exceptions.h" alt="" coords="1281,528,1377,554">
<area shape="rect" href="$textutils_8h.html" title="rdkcore/textutils/textutils.h" alt="" coords="789,602,965,629">
<area shape="rect" href="$point2_8h.html" title="point2.h" alt="" coords="248,528,315,554">
<area shape="rect" href="$point2o_8h.html" title="point2o.h" alt="" coords="97,453,172,480">
<area shape="rect" href="$point3_8h.html" title="point3.h" alt="" coords="297,378,364,405">
<area shape="rect" href="$point3o_8h.html" title="point3o.h" alt="" coords="47,378,121,405">
<area shape="rect" href="$angle_8h.html" title="angle.h" alt="" coords="71,528,135,554">
<area shape="rect" href="$geometry_2utils_8h.html" title="utils.h" alt="" coords="97,602,153,629">
<area shape="rect" href="$container_8h.html" title="rdkcore/container/container.h" alt="" coords="879,154,1065,181">
<area shape="rect" href="$rint_8h.html" title="rdkcore/rprimitive/rint.h" alt="" coords="895,229,1049,256">
<area shape="rect" href="$rdouble_8h.html" title="rdkcore/rprimitive/rdouble.h" alt="" coords="1073,229,1252,256">
<area shape="rect" href="$rstring_8h.html" title="rdkcore/rprimitive/rstring.h" alt="" coords="844,304,1015,330">
<area shape="rect" href="$objectdiff_8h.html" title="rdkcore/object/objectdiff.h" alt="" coords="1276,229,1447,256">
<area shape="rect" href="$rprimitive_8h.html" title="rprimitive.h" alt="" coords="1056,304,1141,330">
<area shape="rect" href="$rprimitive_8hpp.html" title="rprimitive.hpp" alt="" coords="1049,378,1148,405">
