<area shape="rect" href="$rnetmessage_8h.html" title="rnetmessage.h" alt="" coords="279,80,385,106">
<area shape="rect" href="$objectmanager_8h.html" title="rdkcore/object/objectmanager.h" alt="" coords="800,80,1003,106">
<area shape="rect" href="$rstring_8h.html" title="rdkcore/rprimitive/rstring.h" alt="" coords="605,80,776,106">
<area shape="rect" href="$ns_8h.html" title="rdkcore/ns.h" alt="" coords="1437,80,1531,106">
<area shape="rect" href="$logging_8h.html" title="rdkcore/logging/logging.h" alt="" coords="1336,378,1501,405">
<area shape="rect" href="$nettypes_8h.html" title="rdkcore/network/nettypes.h" alt="" coords="47,154,225,181">
<area shape="rect" href="$object_8h.html" title="rdkcore/object/object.h" alt="" coords="707,154,859,181">
<area shape="rect" href="$demangle_8h.html" title="rdkcore/demangle/demangle.h" alt="" coords="275,229,469,256">
<area shape="rect" href="$read_8h.html" title="rdkcore/serialization/read.h" alt="" coords="493,229,669,256">
<area shape="rect" href="$write_8h.html" title="rdkcore/serialization/write.h" alt="" coords="693,229,872,256">
<area shape="rect" href="$time_8h.html" title="rdkcore/time/time.h" alt="" coords="1077,229,1211,256">
<area shape="rect" href="$serialization_2utils_8h.html" title="utils.h" alt="" coords="752,304,808,330">
<area shape="rect" href="$serialization_2exceptions_8h.html" title="exceptions.h" alt="" coords="552,304,648,330">
<area shape="rect" href="$textutils_8h.html" title="rdkcore/textutils/textutils.h" alt="" coords="1085,378,1261,405">
