<area shape="rect" href="$rdkcore_8h.html" title="rdkcore.h" alt="" coords="1557,453,1632,480">
<area shape="rect" href="$remotepropertymanager_8cpp.html" title="remotepropertymanager.cpp" alt="" coords="1032,304,1213,331">
<area shape="rect" href="$repository_8h.html" title="repository.h" alt="" coords="2040,229,2128,256">
<area shape="rect" href="$repository__remote_8cpp.html" title="repository_remote.cpp" alt="" coords="3773,304,3923,331">
<area shape="rect" href="$repository__storage_8cpp.html" title="repository_storage.cpp" alt="" coords="3597,304,3749,331">
<area shape="rect" href="$tcpmanager__peermanager_8cpp.html" title="tcpmanager_peermanager.cpp" alt="" coords="813,304,1008,331">
<area shape="rect" href="$udpmanager_8cpp.html" title="udpmanager.cpp" alt="" coords="344,304,459,331">
<area shape="rect" href="$tcpmanager_8h.html" title="tcpmanager.h" alt="" coords="943,80,1041,107">
<area shape="rect" href="$udpmanager_8h.html" title="udpmanager.h" alt="" coords="572,155,673,181">
<area shape="rect" href="$remotepropertymanager_8h.html" title="remotepropertymanager.h" alt="" coords="2000,155,2168,181">
<area shape="rect" href="$rremotesubscription_8h.html" title="rremotesubscription.h" alt="" coords="2807,80,2953,107">
<area shape="rect" href="$rnetmessage_8cpp.html" title="rnetmessage.cpp" alt="" coords="3552,80,3672,107">
<area shape="rect" href="$rnetmessage__interests_8h.html" title="rnetmessage_interests.h" alt="" coords="5,379,168,405">
<area shape="rect" href="$ryellowpages_8h.html" title="ryellowpages.h" alt="" coords="849,229,956,256">
<area shape="rect" href="$modulemanager_8h.html" title="modulemanager.h" alt="" coords="3400,304,3523,331">
<area shape="rect" href="$remotesubscriptionregister_8cpp.html" title="remotesubscriptionregister.cpp" alt="" coords="3077,304,3275,331">
<area shape="rect" href="$repository_8cpp.html" title="repository.cpp" alt="" coords="1405,304,1507,331">
<area shape="rect" href="$repository__queue_8cpp.html" title="repository_queue.cpp" alt="" coords="1941,304,2085,331">
<area shape="rect" href="$repository__utils_8cpp.html" title="repository_utils.cpp" alt="" coords="1632,304,1765,331">
<area shape="rect" href="$session_8cpp.html" title="session.cpp" alt="" coords="2109,304,2200,331">
<area shape="rect" href="$session__diffs_8cpp.html" title="session_diffs.cpp" alt="" coords="2365,304,2488,331">
<area shape="rect" href="$session__events_8cpp.html" title="session_events.cpp" alt="" coords="2563,304,2699,331">
<area shape="rect" href="$session__network_8cpp.html" title="session_network.cpp" alt="" coords="1237,304,1381,331">
<area shape="rect" href="$session__queue_8cpp.html" title="session_queue.cpp" alt="" coords="2773,304,2907,331">
<area shape="rect" href="$session__utils_8cpp.html" title="session_utils.cpp" alt="" coords="2931,304,3053,331">
<area shape="rect" href="$session_interface_8h.html" title="sessionInterface.h" alt="" coords="1789,304,1917,331">
<area shape="rect" href="$tcpmanager_8cpp.html" title="tcpmanager.cpp" alt="" coords="483,304,595,331">
<area shape="rect" href="$robotmodule_8cpp.html" title="robotmodule.cpp" alt="" coords="2224,304,2341,331">
<area shape="rect" href="$module_8h.html" title="This file contains the Module class and other very important stuff." alt="" coords="3552,379,3627,405">
<area shape="rect" href="$modulemanager_8cpp.html" title="modulemanager.cpp" alt="" coords="3501,453,3637,480">
<area shape="rect" href="$test__modules_8cpp.html" title="test_modules.cpp" alt="" coords="3549,528,3672,555">
<area shape="rect" href="$module_8cpp.html" title="module.cpp" alt="" coords="3661,453,3749,480">
<area shape="rect" href="$module1_8cpp.html" title="module1.cpp" alt="" coords="3804,528,3900,555">
<area shape="rect" href="$module1_8h.html" title="module1.h" alt="" coords="3773,453,3853,480">
<area shape="rect" href="$session_8h.html" title="This file contains the Session class and some useful macros." alt="" coords="2592,155,2669,181">
<area shape="rect" href="$session__get__set__create_8cpp.html" title="session_get_set_create.cpp" alt="" coords="2720,229,2904,256">
<area shape="rect" href="$robotmodule_8h.html" title="robotmodule.h" alt="" coords="2377,229,2481,256">
<area shape="rect" href="$remotesubscriptionregister_8h.html" title="remotesubscriptionregister.h" alt="" coords="3037,155,3221,181">
<area shape="rect" href="$rremotesubscription_8cpp.html" title="rremotesubscription.cpp" alt="" coords="2800,155,2960,181">
<area shape="rect" href="$ryellowpages_8cpp.html" title="ryellowpages.cpp" alt="" coords="669,304,789,331">
