<area shape="rect" href="$object_8h.html" title="rdkcore/object/object.h" alt="" coords="663,80,815,107">
<area shape="rect" href="$pipequeue_8h.html" title="rdkcore/posixqueues/pipequeue.h" alt="" coords="1401,80,1617,107">
<area shape="rect" href="$demangle_8h.html" title="rdkcore/demangle/demangle.h" alt="" coords="168,155,363,182">
<area shape="rect" href="$read_8h.html" title="rdkcore/serialization/read.h" alt="" coords="651,155,827,182">
<area shape="rect" href="$write_8h.html" title="rdkcore/serialization/write.h" alt="" coords="387,155,565,182">
<area shape="rect" href="$time_8h.html" title="rdkcore/time/time.h" alt="" coords="851,155,984,182">
<area shape="rect" href="$serialization_2utils_8h.html" title="utils.h" alt="" coords="511,230,567,256">
<area shape="rect" href="$serialization_2exceptions_8h.html" title="exceptions.h" alt="" coords="660,230,756,256">
<area shape="rect" href="$textutils_8h.html" title="rdkcore/textutils/textutils.h" alt="" coords="1088,304,1264,331">
<area shape="rect" href="$interests_8h.html" title="interests.h" alt="" coords="1915,155,1997,182">
<area shape="rect" href="$posixmutex_8h.html" title="rdkcore/posixconstructs/posixmutex.h" alt="" coords="1597,155,1840,182">
<area shape="rect" href="$stack_8h.html" title="stack.h" alt="" coords="1528,230,1592,256">
<area shape="rect" href="$posixsem_8h.html" title="rdkcore/posixconstructs/posixsem.h" alt="" coords="2021,155,2253,182">
<area shape="rect" href="$pipequeue_8hpp.html" title="pipequeue.hpp" alt="" coords="1317,155,1421,182">
