<area shape="rect" href="$rdkcore_8h.html" title="rdkcore.h" alt="" coords="2715,378,2789,405">
<area shape="rect" href="$session_8h.html" title="This file contains the Session class and some useful macros." alt="" coords="2725,80,2803,106">
<area shape="rect" href="$rpoint3d_8cpp.html" title="rpoint3d.cpp" alt="" coords="3491,80,3581,106">
<area shape="rect" href="$module_8h.html" title="This file contains the Module class and other very important stuff." alt="" coords="160,304,235,330">
<area shape="rect" href="$modulemanager_8h.html" title="modulemanager.h" alt="" coords="235,229,357,256">
<area shape="rect" href="$repository_8h.html" title="repository.h" alt="" coords="1949,154,2037,181">
<area shape="rect" href="$remotesubscriptionregister_8cpp.html" title="remotesubscriptionregister.cpp" alt="" coords="381,229,579,256">
<area shape="rect" href="$session_8cpp.html" title="session.cpp" alt="" coords="3275,229,3365,256">
<area shape="rect" href="$session__diffs_8cpp.html" title="session_diffs.cpp" alt="" coords="2304,229,2427,256">
<area shape="rect" href="$session__events_8cpp.html" title="session_events.cpp" alt="" coords="2451,229,2587,256">
<area shape="rect" href="$session__network_8cpp.html" title="session_network.cpp" alt="" coords="2611,229,2755,256">
<area shape="rect" href="$session__queue_8cpp.html" title="session_queue.cpp" alt="" coords="2779,229,2912,256">
<area shape="rect" href="$session__utils_8cpp.html" title="session_utils.cpp" alt="" coords="2936,229,3059,256">
<area shape="rect" href="$session__get__set__create_8cpp.html" title="session_get_set_create.cpp" alt="" coords="3099,154,3283,181">
<area shape="rect" href="$robotmodule_8h.html" title="robotmodule.h" alt="" coords="2971,154,3075,181">
<area shape="rect" href="$module_8cpp.html" title="module.cpp" alt="" coords="37,378,125,405">
<area shape="rect" href="$modulemanager_8cpp.html" title="modulemanager.cpp" alt="" coords="253,378,389,405">
<area shape="rect" href="$module1_8cpp.html" title="module1.cpp" alt="" coords="60,453,156,480">
<area shape="rect" href="$module1_8h.html" title="module1.h" alt="" coords="149,378,229,405">
<area shape="rect" href="$test__modules_8cpp.html" title="test_modules.cpp" alt="" coords="208,453,331,480">
<area shape="rect" href="$remotepropertymanager_8cpp.html" title="remotepropertymanager.cpp" alt="" coords="603,229,784,256">
<area shape="rect" href="$repository_8cpp.html" title="repository.cpp" alt="" coords="808,229,909,256">
<area shape="rect" href="$repository__queue_8cpp.html" title="repository_queue.cpp" alt="" coords="933,229,1077,256">
<area shape="rect" href="$repository__remote_8cpp.html" title="repository_remote.cpp" alt="" coords="1101,229,1251,256">
<area shape="rect" href="$repository__storage_8cpp.html" title="repository_storage.cpp" alt="" coords="1275,229,1427,256">
<area shape="rect" href="$repository__utils_8cpp.html" title="repository_utils.cpp" alt="" coords="1451,229,1584,256">
<area shape="rect" href="$session_interface_8h.html" title="sessionInterface.h" alt="" coords="1608,229,1736,256">
<area shape="rect" href="$tcpmanager_8cpp.html" title="tcpmanager.cpp" alt="" coords="1760,229,1872,256">
<area shape="rect" href="$tcpmanager__peermanager_8cpp.html" title="tcpmanager_peermanager.cpp" alt="" coords="1896,229,2091,256">
<area shape="rect" href="$udpmanager_8cpp.html" title="udpmanager.cpp" alt="" coords="2115,229,2229,256">
<area shape="rect" href="$robotmodule_8cpp.html" title="robotmodule.cpp" alt="" coords="3083,229,3200,256">
