<area shape="rect" href="$rdkcore_8h.html" title="rdkcore.h" alt="" coords="2775,304,2849,331">
<area shape="rect" href="$repository_8h.html" title="repository.h" alt="" coords="1752,80,1840,107">
<area shape="rect" href="$repository__remote_8cpp.html" title="repository_remote.cpp" alt="" coords="161,155,311,182">
<area shape="rect" href="$session_8cpp.html" title="session.cpp" alt="" coords="335,155,425,182">
<area shape="rect" href="$session__network_8cpp.html" title="session_network.cpp" alt="" coords="3321,155,3465,182">
<area shape="rect" href="$rpropertydef_8cpp.html" title="rpropertydef.cpp" alt="" coords="2348,80,2463,107">
<area shape="rect" href="$rpropertydefvector_8h.html" title="rpropertydefvector.h" alt="" coords="2188,80,2324,107">
<area shape="rect" href="$modulemanager_8h.html" title="modulemanager.h" alt="" coords="3001,155,3124,182">
<area shape="rect" href="$remotepropertymanager_8cpp.html" title="remotepropertymanager.cpp" alt="" coords="449,155,631,182">
<area shape="rect" href="$remotesubscriptionregister_8cpp.html" title="remotesubscriptionregister.cpp" alt="" coords="655,155,852,182">
<area shape="rect" href="$repository_8cpp.html" title="repository.cpp" alt="" coords="876,155,977,182">
<area shape="rect" href="$repository__queue_8cpp.html" title="repository_queue.cpp" alt="" coords="1001,155,1145,182">
<area shape="rect" href="$repository__storage_8cpp.html" title="repository_storage.cpp" alt="" coords="1169,155,1321,182">
<area shape="rect" href="$repository__utils_8cpp.html" title="repository_utils.cpp" alt="" coords="1345,155,1479,182">
<area shape="rect" href="$session__diffs_8cpp.html" title="session_diffs.cpp" alt="" coords="1503,155,1625,182">
<area shape="rect" href="$session__events_8cpp.html" title="session_events.cpp" alt="" coords="1649,155,1785,182">
<area shape="rect" href="$session__queue_8cpp.html" title="session_queue.cpp" alt="" coords="1809,155,1943,182">
<area shape="rect" href="$session__utils_8cpp.html" title="session_utils.cpp" alt="" coords="1967,155,2089,182">
<area shape="rect" href="$session_interface_8h.html" title="sessionInterface.h" alt="" coords="2164,155,2292,182">
<area shape="rect" href="$tcpmanager_8cpp.html" title="tcpmanager.cpp" alt="" coords="2316,155,2428,182">
<area shape="rect" href="$tcpmanager__peermanager_8cpp.html" title="tcpmanager_peermanager.cpp" alt="" coords="2452,155,2647,182">
<area shape="rect" href="$udpmanager_8cpp.html" title="udpmanager.cpp" alt="" coords="2671,155,2785,182">
<area shape="rect" href="$robotmodule_8cpp.html" title="robotmodule.cpp" alt="" coords="2809,155,2927,182">
<area shape="rect" href="$module_8h.html" title="This file contains the Module class and other very important stuff." alt="" coords="3039,230,3113,256">
<area shape="rect" href="$modulemanager_8cpp.html" title="modulemanager.cpp" alt="" coords="3140,304,3276,331">
<area shape="rect" href="$test__modules_8cpp.html" title="test_modules.cpp" alt="" coords="3200,379,3323,406">
<area shape="rect" href="$module_8cpp.html" title="module.cpp" alt="" coords="2873,304,2961,331">
<area shape="rect" href="$module1_8cpp.html" title="module1.cpp" alt="" coords="2989,379,3085,406">
<area shape="rect" href="$module1_8h.html" title="module1.h" alt="" coords="3036,304,3116,331">
<area shape="rect" href="$rpropertydefvector_8cpp.html" title="rpropertydefvector.cpp" alt="" coords="3148,155,3297,182">
