<area shape="rect" href="$container_8h.html" title="rdkcore/container/container.h" alt="" coords="608,154,795,181">
<area shape="rect" href="$rpropertydef_8h.html" title="rpropertydef.h" alt="" coords="1127,80,1228,106">
<area shape="rect" href="$rint_8h.html" title="rdkcore/rprimitive/rint.h" alt="" coords="681,229,836,256">
<area shape="rect" href="$rdouble_8h.html" title="rdkcore/rprimitive/rdouble.h" alt="" coords="860,229,1039,256">
<area shape="rect" href="$rstring_8h.html" title="rdkcore/rprimitive/rstring.h" alt="" coords="385,304,556,330">
<area shape="rect" href="$objectdiff_8h.html" title="rdkcore/object/objectdiff.h" alt="" coords="632,304,803,330">
<area shape="rect" href="$rprimitive_8h.html" title="rprimitive.h" alt="" coords="864,304,949,330">
<area shape="rect" href="$object_8h.html" title="rdkcore/object/object.h" alt="" coords="644,378,796,405">
<area shape="rect" href="$rprimitive_8hpp.html" title="rprimitive.hpp" alt="" coords="857,378,956,405">
<area shape="rect" href="$demangle_8h.html" title="rdkcore/demangle/demangle.h" alt="" coords="205,453,400,480">
<area shape="rect" href="$read_8h.html" title="rdkcore/serialization/read.h" alt="" coords="632,453,808,480">
<area shape="rect" href="$write_8h.html" title="rdkcore/serialization/write.h" alt="" coords="832,453,1011,480">
<area shape="rect" href="$time_8h.html" title="rdkcore/time/time.h" alt="" coords="424,453,557,480">
<area shape="rect" href="$serialization_2utils_8h.html" title="utils.h" alt="" coords="693,528,749,554">
<area shape="rect" href="$serialization_2exceptions_8h.html" title="exceptions.h" alt="" coords="824,528,920,554">
<area shape="rect" href="$textutils_8h.html" title="rdkcore/textutils/textutils.h" alt="" coords="1144,602,1320,629">
<area shape="rect" href="$url_8h.html" title="url.h" alt="" coords="1085,453,1131,480">
<area shape="rect" href="$property_8h.html" title="property.h" alt="" coords="1412,154,1489,181">
<area shape="rect" href="$repository__struct_2exceptions_8h.html" title="exceptions.h" alt="" coords="995,528,1091,554">
<area shape="rect" href="$posixmutex_8h.html" title="rdkcore/posixconstructs/posixmutex.h" alt="" coords="2237,453,2480,480">
<area shape="rect" href="$robjectqueue_8h.html" title="rdkcore/repository_struct/robjectqueue.h" alt="" coords="1215,304,1468,330">
<area shape="rect" href="$property_8hpp.html" title="property.hpp" alt="" coords="1607,229,1697,256">
<area shape="rect" href="$stack_8h.html" title="stack.h" alt="" coords="1376,528,1440,554">
<area shape="rect" href="$pipequeue_8h.html" title="rdkcore/posixqueues/pipequeue.h" alt="" coords="1543,378,1759,405">
<area shape="rect" href="$interests_8h.html" title="interests.h" alt="" coords="1427,453,1509,480">
<area shape="rect" href="$posixsem_8h.html" title="rdkcore/posixconstructs/posixsem.h" alt="" coords="1533,453,1765,480">
<area shape="rect" href="$pipequeue_8hpp.html" title="pipequeue.hpp" alt="" coords="2059,453,2163,480">
