<area shape="rect" href="$rdkcore_8h.html" title="rdkcore.h" alt="" coords="2739,378,2813,405">
<area shape="rect" href="$remotepropertymanager_8cpp.html" title="remotepropertymanager.cpp" alt="" coords="93,229,275,256">
<area shape="rect" href="$repository_8h.html" title="repository.h" alt="" coords="1667,154,1755,181">
<area shape="rect" href="$remotesubscriptionregister_8cpp.html" title="remotesubscriptionregister.cpp" alt="" coords="299,229,496,256">
<area shape="rect" href="$repository__remote_8cpp.html" title="repository_remote.cpp" alt="" coords="3125,229,3275,256">
<area shape="rect" href="$session_8h.html" title="This file contains the Session class and some useful macros." alt="" coords="2303,80,2380,106">
<area shape="rect" href="$remotesubscriptionregister_8h.html" title="remotesubscriptionregister.h" alt="" coords="471,80,655,106">
<area shape="rect" href="$rremotesubscription_8cpp.html" title="rremotesubscription.cpp" alt="" coords="3319,80,3479,106">
<area shape="rect" href="$modulemanager_8h.html" title="modulemanager.h" alt="" coords="2979,229,3101,256">
<area shape="rect" href="$repository_8cpp.html" title="repository.cpp" alt="" coords="520,229,621,256">
<area shape="rect" href="$repository__queue_8cpp.html" title="repository_queue.cpp" alt="" coords="645,229,789,256">
<area shape="rect" href="$repository__storage_8cpp.html" title="repository_storage.cpp" alt="" coords="813,229,965,256">
<area shape="rect" href="$repository__utils_8cpp.html" title="repository_utils.cpp" alt="" coords="989,229,1123,256">
<area shape="rect" href="$session_8cpp.html" title="session.cpp" alt="" coords="2813,229,2904,256">
<area shape="rect" href="$session__diffs_8cpp.html" title="session_diffs.cpp" alt="" coords="1843,229,1965,256">
<area shape="rect" href="$session__events_8cpp.html" title="session_events.cpp" alt="" coords="1989,229,2125,256">
<area shape="rect" href="$session__network_8cpp.html" title="session_network.cpp" alt="" coords="2149,229,2293,256">
<area shape="rect" href="$session__queue_8cpp.html" title="session_queue.cpp" alt="" coords="2317,229,2451,256">
<area shape="rect" href="$session__utils_8cpp.html" title="session_utils.cpp" alt="" coords="2475,229,2597,256">
<area shape="rect" href="$session_interface_8h.html" title="sessionInterface.h" alt="" coords="1147,229,1275,256">
<area shape="rect" href="$tcpmanager_8cpp.html" title="tcpmanager.cpp" alt="" coords="1299,229,1411,256">
<area shape="rect" href="$tcpmanager__peermanager_8cpp.html" title="tcpmanager_peermanager.cpp" alt="" coords="1435,229,1629,256">
<area shape="rect" href="$udpmanager_8cpp.html" title="udpmanager.cpp" alt="" coords="1653,229,1768,256">
<area shape="rect" href="$robotmodule_8cpp.html" title="robotmodule.cpp" alt="" coords="2621,229,2739,256">
<area shape="rect" href="$module_8h.html" title="This file contains the Module class and other very important stuff." alt="" coords="3245,304,3320,330">
<area shape="rect" href="$modulemanager_8cpp.html" title="modulemanager.cpp" alt="" coords="3079,378,3215,405">
<area shape="rect" href="$test__modules_8cpp.html" title="test_modules.cpp" alt="" coords="3088,453,3211,480">
<area shape="rect" href="$module_8cpp.html" title="module.cpp" alt="" coords="3239,378,3327,405">
<area shape="rect" href="$module1_8cpp.html" title="module1.cpp" alt="" coords="3381,453,3477,480">
<area shape="rect" href="$module1_8h.html" title="module1.h" alt="" coords="3351,378,3431,405">
<area shape="rect" href="$session__get__set__create_8cpp.html" title="session_get_set_create.cpp" alt="" coords="2315,154,2499,181">
<area shape="rect" href="$robotmodule_8h.html" title="robotmodule.h" alt="" coords="2864,154,2968,181">
