<area shape="rect" href="$object_8h.html" title="rdkcore/object/object.h" alt="" coords="660,229,812,256">
<area shape="rect" href="$sensordata_8h.html" title="rdkcore/sensordata/sensordata.h" alt="" coords="1092,80,1303,107">
<area shape="rect" href="$point_8h.html" title="rdkcore/geometry/point.h" alt="" coords="1349,155,1515,181">
<area shape="rect" href="$demangle_8h.html" title="rdkcore/demangle/demangle.h" alt="" coords="157,304,352,331">
<area shape="rect" href="$read_8h.html" title="rdkcore/serialization/read.h" alt="" coords="648,304,824,331">
<area shape="rect" href="$write_8h.html" title="rdkcore/serialization/write.h" alt="" coords="376,304,555,331">
<area shape="rect" href="$time_8h.html" title="rdkcore/time/time.h" alt="" coords="1001,304,1135,331">
<area shape="rect" href="$serialization_2utils_8h.html" title="utils.h" alt="" coords="701,379,757,405">
<area shape="rect" href="$serialization_2exceptions_8h.html" title="exceptions.h" alt="" coords="443,379,539,405">
<area shape="rect" href="$textutils_8h.html" title="rdkcore/textutils/textutils.h" alt="" coords="1035,453,1211,480">
<area shape="rect" href="$point2_8h.html" title="point2.h" alt="" coords="1449,379,1516,405">
<area shape="rect" href="$point2o_8h.html" title="point2o.h" alt="" coords="1591,304,1665,331">
<area shape="rect" href="$point3_8h.html" title="point3.h" alt="" coords="1399,229,1465,256">
<area shape="rect" href="$point3o_8h.html" title="point3o.h" alt="" coords="1641,229,1716,256">
<area shape="rect" href="$angle_8h.html" title="angle.h" alt="" coords="1633,379,1697,405">
<area shape="rect" href="$geometry_2utils_8h.html" title="utils.h" alt="" coords="1579,453,1635,480">
