<area shape="rect" href="$logging_8h.html" title="rdkcore/logging/logging.h" alt="" coords="517,528,683,555">
<area shape="rect" href="$rstereoimageheightsdata_8h.html" title="rstereoimageheightsdata.h" alt="" coords="643,80,816,107">
<area shape="rect" href="$object_8h.html" title="rdkcore/object/object.h" alt="" coords="1399,304,1551,331">
<area shape="rect" href="$sensordata_8h.html" title="rdkcore/sensordata/sensordata.h" alt="" coords="659,155,869,182">
<area shape="rect" href="$point_8h.html" title="rdkcore/geometry/point.h" alt="" coords="280,230,445,256">
<area shape="rect" href="$demangle_8h.html" title="rdkcore/demangle/demangle.h" alt="" coords="1573,379,1768,406">
<area shape="rect" href="$read_8h.html" title="rdkcore/serialization/read.h" alt="" coords="1053,379,1229,406">
<area shape="rect" href="$write_8h.html" title="rdkcore/serialization/write.h" alt="" coords="1259,379,1437,406">
<area shape="rect" href="$time_8h.html" title="rdkcore/time/time.h" alt="" coords="675,379,808,406">
<area shape="rect" href="$serialization_2utils_8h.html" title="utils.h" alt="" coords="1113,454,1169,480">
<area shape="rect" href="$serialization_2exceptions_8h.html" title="exceptions.h" alt="" coords="1300,454,1396,480">
<area shape="rect" href="$textutils_8h.html" title="rdkcore/textutils/textutils.h" alt="" coords="808,528,984,555">
<area shape="rect" href="$point2_8h.html" title="point2.h" alt="" coords="259,454,325,480">
<area shape="rect" href="$point2o_8h.html" title="point2o.h" alt="" coords="109,379,184,406">
<area shape="rect" href="$point3_8h.html" title="point3.h" alt="" coords="259,304,325,331">
<area shape="rect" href="$point3o_8h.html" title="point3o.h" alt="" coords="59,304,133,331">
<area shape="rect" href="$angle_8h.html" title="angle.h" alt="" coords="87,454,151,480">
<area shape="rect" href="$geometry_2utils_8h.html" title="utils.h" alt="" coords="144,528,200,555">
