<area shape="rect" href="$rtouchsensordata_8h.html" title="This file contains the definition of class RTouchSensorData." alt="" coords="283,80,413,106">
<area shape="rect" href="$object_8h.html" title="rdkcore/object/object.h" alt="" coords="384,154,536,181">
<area shape="rect" href="$time_8h.html" title="rdkcore/time/time.h" alt="" coords="957,229,1091,256">
<area shape="rect" href="$demangle_8h.html" title="rdkcore/demangle/demangle.h" alt="" coords="223,229,417,256">
<area shape="rect" href="$read_8h.html" title="rdkcore/serialization/read.h" alt="" coords="705,229,881,256">
<area shape="rect" href="$write_8h.html" title="rdkcore/serialization/write.h" alt="" coords="503,229,681,256">
<area shape="rect" href="$serialization_2utils_8h.html" title="utils.h" alt="" coords="540,304,596,330">
<area shape="rect" href="$serialization_2exceptions_8h.html" title="exceptions.h" alt="" coords="689,304,785,330">
<area shape="rect" href="$textutils_8h.html" title="rdkcore/textutils/textutils.h" alt="" coords="51,378,227,405">
