<area shape="rect" href="$point_8h.html" title="rdkcore/geometry/point.h" alt="" coords="203,230,368,256">
<area shape="rect" href="$time_8h.html" title="rdkcore/time/time.h" alt="" coords="767,379,900,406">
<area shape="rect" href="$object_8h.html" title="rdkcore/object/object.h" alt="" coords="1251,304,1403,331">
<area shape="rect" href="$container_8h.html" title="rdkcore/container/container.h" alt="" coords="1267,80,1453,107">
<area shape="rect" href="$textutils_8h.html" title="rdkcore/textutils/textutils.h" alt="" coords="573,528,749,555">
<area shape="rect" href="$point2_8h.html" title="point2.h" alt="" coords="140,454,207,480">
<area shape="rect" href="$point2o_8h.html" title="point2o.h" alt="" coords="211,379,285,406">
<area shape="rect" href="$point3_8h.html" title="point3.h" alt="" coords="144,304,211,331">
<area shape="rect" href="$point3o_8h.html" title="point3o.h" alt="" coords="285,304,360,331">
<area shape="rect" href="$angle_8h.html" title="angle.h" alt="" coords="261,454,325,480">
<area shape="rect" href="$geometry_2utils_8h.html" title="utils.h" alt="" coords="291,528,347,555">
<area shape="rect" href="$demangle_8h.html" title="rdkcore/demangle/demangle.h" alt="" coords="1447,379,1641,406">
<area shape="rect" href="$read_8h.html" title="rdkcore/serialization/read.h" alt="" coords="924,379,1100,406">
<area shape="rect" href="$write_8h.html" title="rdkcore/serialization/write.h" alt="" coords="1193,379,1372,406">
<area shape="rect" href="$serialization_2utils_8h.html" title="utils.h" alt="" coords="1071,454,1127,480">
<area shape="rect" href="$serialization_2exceptions_8h.html" title="exceptions.h" alt="" coords="1225,454,1321,480">
<area shape="rect" href="$rint_8h.html" title="rdkcore/rprimitive/rint.h" alt="" coords="893,155,1048,182">
<area shape="rect" href="$rdouble_8h.html" title="rdkcore/rprimitive/rdouble.h" alt="" coords="1072,155,1251,182">
<area shape="rect" href="$rstring_8h.html" title="rdkcore/rprimitive/rstring.h" alt="" coords="1520,230,1691,256">
<area shape="rect" href="$objectdiff_8h.html" title="rdkcore/object/objectdiff.h" alt="" coords="1275,155,1445,182">
<area shape="rect" href="$rprimitive_8h.html" title="rprimitive.h" alt="" coords="1023,230,1108,256">
<area shape="rect" href="$rprimitive_8hpp.html" title="rprimitive.hpp" alt="" coords="1016,304,1115,331">
