<area shape="rect" href="$point_8h.html" title="rdkcore/geometry/point.h" alt="" coords="261,80,427,106">
<area shape="rect" href="$object_8h.html" title="rdkcore/object/object.h" alt="" coords="1231,154,1383,181">
<area shape="rect" href="$time_8h.html" title="rdkcore/time/time.h" alt="" coords="1525,229,1659,256">
<area shape="rect" href="$textutils_8h.html" title="rdkcore/textutils/textutils.h" alt="" coords="669,378,845,405">
<area shape="rect" href="$point2_8h.html" title="point2.h" alt="" coords="275,304,341,330">
<area shape="rect" href="$point2o_8h.html" title="point2o.h" alt="" coords="125,229,200,256">
<area shape="rect" href="$point3_8h.html" title="point3.h" alt="" coords="275,154,341,181">
<area shape="rect" href="$point3o_8h.html" title="point3o.h" alt="" coords="75,154,149,181">
<area shape="rect" href="$angle_8h.html" title="angle.h" alt="" coords="93,304,157,330">
<area shape="rect" href="$geometry_2utils_8h.html" title="utils.h" alt="" coords="144,378,200,405">
<area shape="rect" href="$demangle_8h.html" title="rdkcore/demangle/demangle.h" alt="" coords="568,229,763,256">
<area shape="rect" href="$read_8h.html" title="rdkcore/serialization/read.h" alt="" coords="1093,229,1269,256">
<area shape="rect" href="$write_8h.html" title="rdkcore/serialization/write.h" alt="" coords="891,229,1069,256">
<area shape="rect" href="$serialization_2utils_8h.html" title="utils.h" alt="" coords="1092,304,1148,330">
<area shape="rect" href="$serialization_2exceptions_8h.html" title="exceptions.h" alt="" coords="947,304,1043,330">
