<area shape="rect" href="$object_8h.html" title="rdkcore/object/object.h" alt="" coords="301,304,453,331">
<area shape="rect" href="$xsensdata_8h.html" title="rdkcore/sensordata/xsensdata.h" alt="" coords="1112,80,1320,107">
<area shape="rect" href="$demangle_8h.html" title="rdkcore/demangle/demangle.h" alt="" coords="24,379,219,406">
<area shape="rect" href="$read_8h.html" title="rdkcore/serialization/read.h" alt="" coords="627,379,803,406">
<area shape="rect" href="$write_8h.html" title="rdkcore/serialization/write.h" alt="" coords="424,379,603,406">
<area shape="rect" href="$time_8h.html" title="rdkcore/time/time.h" alt="" coords="923,379,1056,406">
<area shape="rect" href="$serialization_2utils_8h.html" title="utils.h" alt="" coords="684,454,740,480">
<area shape="rect" href="$serialization_2exceptions_8h.html" title="exceptions.h" alt="" coords="467,454,563,480">
<area shape="rect" href="$textutils_8h.html" title="rdkcore/textutils/textutils.h" alt="" coords="829,528,1005,555">
<area shape="rect" href="$point_8h.html" title="rdkcore/geometry/point.h" alt="" coords="1237,230,1403,256">
<area shape="rect" href="$quaternion_8h.html" title="rdkcore/geometry/quaternion.h" alt="" coords="1533,304,1731,331">
<area shape="rect" href="$sensordata_8h.html" title="sensordata.h" alt="" coords="1003,155,1099,182">
<area shape="rect" href="$point2_8h.html" title="point2.h" alt="" coords="1417,454,1484,480">
<area shape="rect" href="$point2o_8h.html" title="point2o.h" alt="" coords="1333,379,1408,406">
<area shape="rect" href="$point3_8h.html" title="point3.h" alt="" coords="1483,379,1549,406">
<area shape="rect" href="$point3o_8h.html" title="point3o.h" alt="" coords="1283,304,1357,331">
<area shape="rect" href="$angle_8h.html" title="angle.h" alt="" coords="1329,454,1393,480">
<area shape="rect" href="$geometry_2utils_8h.html" title="utils.h" alt="" coords="1333,528,1389,555">
