<area shape="rect" href="$ryellowpages_8h.html" title="ryellowpages.h" alt="" coords="833,80,940,107">
<area shape="rect" href="$inetaddress_8h.html" title="rdkcore/network/inetaddress.h" alt="" coords="1172,80,1367,107">
<area shape="rect" href="$logging_8h.html" title="rdkcore/logging/logging.h" alt="" coords="1345,453,1511,480">
<area shape="rect" href="$object_8h.html" title="rdkcore/object/object.h" alt="" coords="576,229,728,256">
<area shape="rect" href="$socketaddress_8h.html" title="rdkcore/network/socketaddress.h" alt="" coords="1013,155,1227,181">
<area shape="rect" href="$rnetmessage_8h.html" title="rnetmessage.h" alt="" coords="776,155,883,181">
<area shape="rect" href="$demangle_8h.html" title="rdkcore/demangle/demangle.h" alt="" coords="192,304,387,331">
<area shape="rect" href="$read_8h.html" title="rdkcore/serialization/read.h" alt="" coords="629,304,805,331">
<area shape="rect" href="$write_8h.html" title="rdkcore/serialization/write.h" alt="" coords="829,304,1008,331">
<area shape="rect" href="$time_8h.html" title="rdkcore/time/time.h" alt="" coords="411,304,544,331">
<area shape="rect" href="$serialization_2utils_8h.html" title="utils.h" alt="" coords="655,379,711,405">
<area shape="rect" href="$serialization_2exceptions_8h.html" title="exceptions.h" alt="" coords="871,379,967,405">
<area shape="rect" href="$textutils_8h.html" title="rdkcore/textutils/textutils.h" alt="" coords="689,453,865,480">
<area shape="rect" href="$netexception_8h.html" title="rdkcore/network/netexception.h" alt="" coords="1189,229,1392,256">
<area shape="rect" href="$nettypes_8h.html" title="rdkcore/network/nettypes.h" alt="" coords="867,229,1045,256">
