<area shape="rect" href="$object_8h.html" title="rdkcore/object/object.h" alt="" coords="711,154,863,181">
<area shape="rect" href="$socketaddress_8h.html" title="rdkcore/network/socketaddress.h" alt="" coords="1336,229,1549,256">
<area shape="rect" href="$rnetmessage_8h.html" title="rnetmessage.h" alt="" coords="992,80,1099,106">
<area shape="rect" href="$demangle_8h.html" title="rdkcore/demangle/demangle.h" alt="" coords="915,229,1109,256">
<area shape="rect" href="$read_8h.html" title="rdkcore/serialization/read.h" alt="" coords="496,229,672,256">
<area shape="rect" href="$write_8h.html" title="rdkcore/serialization/write.h" alt="" coords="293,229,472,256">
<area shape="rect" href="$time_8h.html" title="rdkcore/time/time.h" alt="" coords="696,229,829,256">
<area shape="rect" href="$serialization_2utils_8h.html" title="utils.h" alt="" coords="409,304,465,330">
<area shape="rect" href="$serialization_2exceptions_8h.html" title="exceptions.h" alt="" coords="619,304,715,330">
<area shape="rect" href="$textutils_8h.html" title="rdkcore/textutils/textutils.h" alt="" coords="125,378,301,405">
<area shape="rect" href="$netexception_8h.html" title="rdkcore/network/netexception.h" alt="" coords="1336,304,1539,330">
<area shape="rect" href="$nettypes_8h.html" title="rdkcore/network/nettypes.h" alt="" coords="1083,154,1261,181">
