<area shape="rect" href="$rdkcore_8h.html" title="rdkcore.h" alt="" coords="925,379,1000,406">
<area shape="rect" href="$rlandmark_8h.html" title="rlandmark.h" alt="" coords="17,80,105,107">
<area shape="rect" href="$rstereoimageheightsdata_8h.html" title="rstereoimageheightsdata.h" alt="" coords="1793,80,1967,107">
<area shape="rect" href="$rusarvictimdata_8h.html" title="rusarvictimdata.h" alt="" coords="1524,80,1644,107">
<area shape="rect" href="$actuadata_8h.html" title="actuadata.h" alt="" coords="235,230,323,256">
<area shape="rect" href="$ircdata_8h.html" title="ircdata.h" alt="" coords="1047,230,1119,256">
<area shape="rect" href="$laserdata_8h.html" title="laserdata.h" alt="" coords="693,230,779,256">
<area shape="rect" href="$logreader_8h.html" title="logreader.h" alt="" coords="397,80,480,107">
<area shape="rect" href="$odometrydata_8h.html" title="odometrydata.h" alt="" coords="1205,230,1317,256">
<area shape="rect" href="$pantiltdata_8h.html" title="pantiltdata.h" alt="" coords="1341,80,1432,107">
<area shape="rect" href="$sonardata_8h.html" title="sonardata.h" alt="" coords="935,230,1023,256">
<area shape="rect" href="$xsensdata_8h.html" title="xsensdata.h" alt="" coords="2060,80,2151,107">
<area shape="rect" href="$rlandmark_8cpp.html" title="rlandmark.cpp" alt="" coords="5,155,109,182">
<area shape="rect" href="$logtagtoobject_8cpp.html" title="logtagtoobject.cpp" alt="" coords="1772,379,1900,406">
<area shape="rect" href="$rstereoimageheightsdata_8cpp.html" title="rstereoimageheightsdata.cpp" alt="" coords="1917,155,2104,182">
<area shape="rect" href="$rusarvictimdata_8cpp.html" title="rusarvictimdata.cpp" alt="" coords="1516,155,1652,182">
<area shape="rect" href="$ractuadata_8h.html" title="ractuadata.h" alt="" coords="16,304,109,331">
<area shape="rect" href="$ractuadata_8cpp.html" title="ractuadata.cpp" alt="" coords="9,379,116,406">
<area shape="rect" href="$rircdata_8h.html" title="rircdata.h" alt="" coords="1331,304,1405,331">
<area shape="rect" href="$rircdata_8cpp.html" title="rircdata.cpp" alt="" coords="1297,379,1385,406">
<area shape="rect" href="$rlaserdata_8h.html" title="rlaserdata.h" alt="" coords="1101,304,1189,331">
<area shape="rect" href="$laserdata_8cpp.html" title="laserdata.cpp" alt="" coords="616,304,715,331">
<area shape="rect" href="$laserdata__fisher_8cpp.html" title="laserdata_fisher.cpp" alt="" coords="739,304,875,331">
<area shape="rect" href="$laserdatatracker_8h.html" title="laserdatatracker.h" alt="" coords="469,304,592,331">
<area shape="rect" href="$laserparser_8cpp.html" title="laserparser.cpp" alt="" coords="336,304,445,331">
<area shape="rect" href="$rlaserdata_8cpp.html" title="rlaserdata.cpp" alt="" coords="1039,379,1143,406">
<area shape="rect" href="$laserdatatracker_8cpp.html" title="laserdatatracker.cpp" alt="" coords="461,379,600,406">
<area shape="rect" href="$laserparser_8h.html" title="laserparser.h" alt="" coords="435,155,531,182">
<area shape="rect" href="$logreader_8cpp.html" title="logreader.cpp" alt="" coords="347,230,445,256">
<area shape="rect" href="$rodometrydata_8h.html" title="rodometrydata.h" alt="" coords="1429,304,1544,331">
<area shape="rect" href="$rodometrydatawithspeed_8h.html" title="rodometrydatawithspeed.h" alt="" coords="1568,304,1741,331">
<area shape="rect" href="$rodometrydata_8cpp.html" title="rodometrydata.cpp" alt="" coords="1409,379,1537,406">
<area shape="rect" href="$rodometrydatawithspeed_8cpp.html" title="rodometrydatawithspeed.cpp" alt="" coords="1561,379,1748,406">
<area shape="rect" href="$rpantiltdata_8h.html" title="rpantiltdata.h" alt="" coords="1380,155,1476,182">
<area shape="rect" href="$rpantiltdata_8cpp.html" title="rpantiltdata.cpp" alt="" coords="1373,230,1483,256">
<area shape="rect" href="$rsonardata_8h.html" title="rsonardata.h" alt="" coords="1213,304,1307,331">
<area shape="rect" href="$rsonardata_8cpp.html" title="rsonardata.cpp" alt="" coords="1167,379,1273,406">
<area shape="rect" href="$rxsensdata_8h.html" title="rxsensdata.h" alt="" coords="2128,155,2224,182">
<area shape="rect" href="$rxsensdata_8cpp.html" title="rxsensdata.cpp" alt="" coords="2121,230,2231,256">
