<area shape="rect" href="$class_r_d_k2_1_1_object.html" title="La nuova e purificata RDK2::Object." alt="" coords="925,158,1027,184">
<area shape="rect" href="$struct_r_d_k2_1_1_r_geometry_1_1_r_point2od.html" title="RDK2::RGeometry::RPoint2od" alt="" coords="1117,214,1315,240">
<area shape="rect" href="$class_r_d_k2_1_1_serialization_1_1_readable.html" title="RDK2::Serialization::Readable" alt="" coords="505,6,700,32">
<area shape="rect" href="$class_r_d_k2_1_1_serialization_1_1_writable.html" title="RDK2::Serialization::Writable" alt="" coords="508,56,697,83">
<area shape="rect" href="$struct_r_d_k2_1_1_demangle_1_1_reflective.html" title="RDK2::Demangle::Reflective" alt="" coords="509,107,696,134">
<area shape="rect" title="STL class." alt="" coords="563,158,643,184">
<area shape="rect" title="STL class." alt="" coords="167,158,332,184">
<area shape="rect" href="$struct_r_d_k2_1_1_time_1_1_timestamp.html" title="RDK2::Time::Timestamp" alt="" coords="520,214,685,240">
<area shape="rect" href="$classdouble.html" title="double" alt="" coords="220,460,279,487">
<area shape="rect" href="$class_r_d_k2_1_1_geometry_1_1_point2o.html" title="RDK2::Geometry::Point2od" alt="" coords="887,347,1065,374">
<area shape="rect" href="$struct_r_d_k2_1_1_geometry_1_1_point2.html" title="RDK2::Geometry::Point2\&lt; double \&gt;" alt="" coords="489,326,716,352">
<area shape="rect" href="$class_r_d_k2_1_1_geometry_1_1_point2o.html" title="RDK2::Geometry::Point2o\&lt; Numeric \&gt;" alt="" coords="481,376,724,403">
<area shape="rect" href="$struct_r_d_k2_1_1_geometry_1_1_point2.html" title="RDK2::Geometry::Point2\&lt; Numeric \&gt;" alt="" coords="131,318,368,344">
