<area shape="rect" href="$struct_r_d_k2_1_1_sensor_data_1_1_laser_data.html#00a29558a1997f4610526c8e969a2427" title="Returns the (unscaled) 3x3 Fisher&#39;s information matrix for (x,y,theta)." alt="" coords="308,94,567,120">
<area shape="rect" href="$class_r_d_k2_1_1_geometry_1_1_d_matrix.html#bff7c14005014338e9f69f2ee374aa6a" title="RDK2::Geometry::DMatrix::inv" alt="" coords="339,170,536,196">
<area shape="rect" href="$class_r_d_k2_1_1_geometry_1_1_d_matrix.html#b65b4b03c05757042d778952107f3a42" title="RDK2::Geometry::DMatrix::el" alt="" coords="988,6,1180,32">
<area shape="rect" href="$struct_r_d_k2_1_1_sensor_data_1_1_laser_data.html#dbba3559751ba9e7a771f9df2b3f7eed" title="Returns the (unscaled) 1x1 Fisher&#39;s information matrix for theta." alt="" coords="616,94,928,120">
<area shape="rect" href="$struct_r_d_k2_1_1_sensor_data_1_1_laser_data.html#b68b05265e40fe268cd80b45d87744b3" title="Returns the (unscaled) 2x2 Fisher&#39;s information matrix for (x,y)." alt="" coords="624,43,920,70">
<area shape="rect" href="$class_r_d_k2_1_1_geometry_1_1_d_matrix.html#5dcdcfc808410ab2247649c2e7de3202" title="RDK2::Geometry::DMatrix::setAll" alt="" coords="977,144,1191,171">
<area shape="rect" href="$class_r_d_k2_1_1_geometry_1_1_d_matrix.html#000ae6c4db95fad073fef308186f8e12" title="RDK2::Geometry::DMatrix::isInside" alt="" coords="1247,6,1473,32">
<area shape="rect" href="$namespace_r_d_k2_1_1_geometry.html#b0bec4fd388ce3c7f8c51f48a9cc2f65" title="RDK2::Geometry::square" alt="" coords="1000,82,1168,108">
<area shape="rect" href="$class_r_d_k2_1_1_geometry_1_1_d_matrix.html#24ff4199981fe4c6d79d44f73cbf233c" title="These methods do the copy&#45;on&#45;write." alt="" coords="1241,144,1479,171">
<area shape="rect" href="$class_r_d_k2_1_1_geometry_1_1_d_matrix.html#104fc9635e38183bb64fd9189bf967c4" title="Returns the identity matrix." alt="" coords="680,195,864,222">
