<area shape="rect" href="$class_r_d_k2_1_1_r_graphics_1_1_r_image.html#56e8dc8d5c37d9aea7fd6802fb5f6555" title="RDK2::RGraphics::RImage::getHeight" alt="" coords="268,5,508,32">
<area shape="rect" href="$class_r_d_k2_1_1_r_graphics_1_1_r_image.html#0ee8f4e4acf98cf73b809d60d3babcaa" title="RDK2::RGraphics::RImage::getWidth" alt="" coords="271,56,505,83">
<area shape="rect" href="$struct_r_d_k2_1_1_r_maps_1_1_r_map_image.html#28a58e0497e0ee28e941dafbf3b808af" title="RDK2::RMaps::RMapImage::markLine" alt="" coords="267,107,509,133">
<area shape="rect" href="$namespace_r_d_k2_1_1_geometry.html#622feafd160df364c9e67c1aeaddd511" title="RDK2::Geometry::max" alt="" coords="312,157,464,184">
<area shape="rect" href="$struct_r_d_k2_1_1_r_maps_1_1_r_map_image.html#76c1ec2a8171948adfade77ddd56dfcf" title="RDK2::RMaps::RMapImage::setPixelB" alt="" coords="265,208,511,235">
<area shape="rect" href="$struct_r_d_k2_1_1_geometry_1_1_point2.html#f7734b6940a3644ac34d2c396882df95" title="RDK2::Geometry::Point2\&lt; double \&gt;::max" alt="" coords="561,157,820,184">
<area shape="rect" href="$class_r_d_k2_1_1_r_graphics_1_1_r_image.html#96007b8a2a82f44b02936aa9d7dd6a7b" title="RDK2::RGraphics::RImage::setPixel" alt="" coords="575,208,807,235">
