<area shape="rect" href="$class_r_d_k2_1_1_object.html" title="La nuova e purificata RDK2::Object." alt="" coords="581,229,683,256">
<area shape="rect" href="$class_r_d_k2_1_1_r_graphics_1_1_r_image.html" title="RDK2::RGraphics::RImage" alt="" coords="791,165,967,192">
<area shape="rect" href="$class_r_d_k2_1_1_serialization_1_1_readable.html" title="RDK2::Serialization::Readable" alt="" coords="225,129,420,156">
<area shape="rect" href="$class_r_d_k2_1_1_serialization_1_1_writable.html" title="RDK2::Serialization::Writable" alt="" coords="228,180,417,207">
<area shape="rect" href="$struct_r_d_k2_1_1_demangle_1_1_reflective.html" title="RDK2::Demangle::Reflective" alt="" coords="229,231,416,257">
<area shape="rect" title="STL class." alt="" coords="283,281,363,308">
<area shape="rect" title="STL class." alt="" coords="7,281,172,308">
<area shape="rect" href="$struct_r_d_k2_1_1_time_1_1_timestamp.html" title="RDK2::Time::Timestamp" alt="" coords="240,344,405,371">
<area shape="rect" href="$classdouble.html" title="double" alt="" coords="849,327,908,353">
