<area shape="rect" href="$class_r_d_k2_1_1_object.html" title="La nuova e purificata RDK2::Object." alt="" coords="1309,118,1411,145">
<area shape="rect" href="$class_r_d_k2_1_1_serialization_1_1_readable.html" title="RDK2::Serialization::Readable" alt="" coords="863,5,1057,32">
<area shape="rect" href="$class_r_d_k2_1_1_serialization_1_1_writable.html" title="RDK2::Serialization::Writable" alt="" coords="865,56,1055,82">
<area shape="rect" href="$struct_r_d_k2_1_1_demangle_1_1_reflective.html" title="RDK2::Demangle::Reflective" alt="" coords="867,106,1053,133">
<area shape="rect" title="STL class." alt="" coords="920,161,1000,188">
<area shape="rect" title="STL class." alt="" coords="520,161,685,188">
<area shape="rect" href="$struct_r_d_k2_1_1_time_1_1_timestamp.html" title="RDK2::Time::Timestamp" alt="" coords="877,245,1043,272">
<area shape="rect" href="$class_r_d_k2_1_1_geometry_1_1_point3o.html" title="RDK2::Geometry::Point3o\&lt; double \&gt;" alt="" coords="1243,366,1477,393">
<area shape="rect" href="$class_r_d_k2_1_1_geometry_1_1_point2o.html" title="RDK2::Geometry::Point2o\&lt; double \&gt;" alt="" coords="843,504,1077,530">
<area shape="rect" href="$struct_r_d_k2_1_1_geometry_1_1_point2.html" title="RDK2::Geometry::Point2\&lt; double \&gt;" alt="" coords="489,576,716,602">
<area shape="rect" href="$classdouble.html" title="double" alt="" coords="220,462,279,489">
<area shape="rect" href="$class_r_d_k2_1_1_geometry_1_1_point2o.html" title="RDK2::Geometry::Point2o\&lt; Numeric \&gt;" alt="" coords="481,525,724,552">
<area shape="rect" href="$class_r_d_k2_1_1_geometry_1_1_point3o.html" title="RDK2::Geometry::Point3o\&lt; Numeric \&gt;" alt="" coords="839,393,1081,420">
<area shape="rect" href="$struct_r_d_k2_1_1_geometry_1_1_point2.html" title="RDK2::Geometry::Point2\&lt; Numeric \&gt;" alt="" coords="131,605,368,632">
