<area shape="rect" href="$class_r_d_k2_1_1_r_graphics_1_1_r_image.html#56e8dc8d5c37d9aea7fd6802fb5f6555" title="RDK2::RGraphics::RImage::getHeight" alt="" coords="317,5,557,32">
<area shape="rect" href="$class_r_d_k2_1_1_r_graphics_1_1_r_image.html#0ee8f4e4acf98cf73b809d60d3babcaa" title="RDK2::RGraphics::RImage::getWidth" alt="" coords="320,56,555,82">
<area shape="rect" href="$struct_r_d_k2_1_1_r_maps_1_1_r_map_image_diff_rect.html#3378633bad714ff78663e3b3ef2d5ed2" title="RDK2::RMaps::RMapImageDiffRect::split" alt="" coords="308,106,567,133">
<area shape="rect" href="$struct_r_d_k2_1_1_r_maps_1_1_r_map_image_diff_rect.html#04bccb1ec003882623221d36c8240b4d" title="RDK2::RMaps::RMapImageDiffRect::RMapImageDiffRect" alt="" coords="616,81,968,108">
<area shape="rect" href="$class_r_d_k2_1_1_r_graphics_1_1_r_image_diff_rect.html#d46a6dc038345ef20bcc4ffd2ba86975" title="RDK2::RGraphics::RImageDiffRect::split" alt="" coords="664,132,920,158">
<area shape="rect" href="$namespace_r_d_k2_1_1_r_graphics.html#77b5dee40d354117c67f8dc53d715411" title="RDK2::RGraphics::compressImgLine" alt="" coords="1060,106,1295,133">
<area shape="rect" href="$class_r_d_k2_1_1_r_graphics_1_1_r_image_diff_rect.html#57d1c93f6fd867cdf7c6634cd9f0913d" title="RDK2::RGraphics::RImageDiffRect::RImageDiffRect" alt="" coords="1016,157,1339,184">
<area shape="rect" href="$class_r_d_k2_1_1_r_graphics_1_1_r_image.html#35f5dde321a067e79bead812edaa1d8c" title="RDK2::RGraphics::RImage::getBytesPerPixel" alt="" coords="1388,81,1673,108">
<area shape="rect" href="$namespace_r_d_k2_1_1_r_graphics.html#b7f22c6ba0613997e91f8ddeb86757d4" title="RDK2::RGraphics::reduceC8" alt="" coords="1437,132,1624,158">
