<area shape="rect" href="$struct_r_d_k2_1_1_sensor_data_1_1_base_sensor_data.html" title="RDK2::SensorData::BaseSensorData" alt="" coords="1208,151,1445,177">
<area shape="rect" title="STL class." alt="" coords="915,288,995,315">
<area shape="rect" title="STL class." alt="" coords="520,291,685,317">
<area shape="rect" href="$class_r_d_k2_1_1_geometry_1_1_point2o.html" title="RDK2::Geometry::Point2o\&lt; double \&gt;" alt="" coords="837,184,1072,211">
<area shape="rect" href="$struct_r_d_k2_1_1_geometry_1_1_point2.html" title="RDK2::Geometry::Point2\&lt; double \&gt;" alt="" coords="489,240,716,267">
<area shape="rect" href="$classdouble.html" title="double" alt="" coords="220,147,279,173">
<area shape="rect" href="$class_r_d_k2_1_1_geometry_1_1_point2o.html" title="RDK2::Geometry::Point2o\&lt; Numeric \&gt;" alt="" coords="481,189,724,216">
<area shape="rect" href="$struct_r_d_k2_1_1_geometry_1_1_point2.html" title="RDK2::Geometry::Point2\&lt; Numeric \&gt;" alt="" coords="131,288,368,315">
<area shape="rect" href="$struct_r_d_k2_1_1_time_1_1_timestamp.html" title="RDK2::Time::Timestamp" alt="" coords="872,105,1037,132">
