<area shape="rect" href="$relay_8cpp.html" title="relay.cpp" alt="" coords="5,80,77,106">
<area shape="rect" href="$udpsocket_8cpp.html" title="udpsocket.cpp" alt="" coords="101,80,208,106">
<area shape="rect" href="$rdkcore_8h.html" title="rdkcore.h" alt="" coords="248,378,323,405">
<area shape="rect" href="$udpmanager_8h.html" title="udpmanager.h" alt="" coords="1017,80,1119,106">
<area shape="rect" href="$repository_8h.html" title="repository.h" alt="" coords="1759,154,1847,181">
<area shape="rect" href="$udpmanager_8cpp.html" title="udpmanager.cpp" alt="" coords="3299,229,3413,256">
<area shape="rect" href="$modulemanager_8h.html" title="modulemanager.h" alt="" coords="384,229,507,256">
<area shape="rect" href="$remotepropertymanager_8cpp.html" title="remotepropertymanager.cpp" alt="" coords="531,229,712,256">
<area shape="rect" href="$remotesubscriptionregister_8cpp.html" title="remotesubscriptionregister.cpp" alt="" coords="736,229,933,256">
<area shape="rect" href="$repository_8cpp.html" title="repository.cpp" alt="" coords="957,229,1059,256">
<area shape="rect" href="$repository__queue_8cpp.html" title="repository_queue.cpp" alt="" coords="1083,229,1227,256">
<area shape="rect" href="$repository__remote_8cpp.html" title="repository_remote.cpp" alt="" coords="1251,229,1400,256">
<area shape="rect" href="$repository__storage_8cpp.html" title="repository_storage.cpp" alt="" coords="1424,229,1576,256">
<area shape="rect" href="$repository__utils_8cpp.html" title="repository_utils.cpp" alt="" coords="1600,229,1733,256">
<area shape="rect" href="$session_8cpp.html" title="session.cpp" alt="" coords="1757,229,1848,256">
<area shape="rect" href="$session__diffs_8cpp.html" title="session_diffs.cpp" alt="" coords="1872,229,1995,256">
<area shape="rect" href="$session__events_8cpp.html" title="session_events.cpp" alt="" coords="2019,229,2155,256">
<area shape="rect" href="$session__network_8cpp.html" title="session_network.cpp" alt="" coords="2179,229,2323,256">
<area shape="rect" href="$session__queue_8cpp.html" title="session_queue.cpp" alt="" coords="2347,229,2480,256">
<area shape="rect" href="$session__utils_8cpp.html" title="session_utils.cpp" alt="" coords="2504,229,2627,256">
<area shape="rect" href="$session_interface_8h.html" title="sessionInterface.h" alt="" coords="2651,229,2779,256">
<area shape="rect" href="$tcpmanager_8cpp.html" title="tcpmanager.cpp" alt="" coords="2803,229,2915,256">
<area shape="rect" href="$tcpmanager__peermanager_8cpp.html" title="tcpmanager_peermanager.cpp" alt="" coords="2939,229,3133,256">
<area shape="rect" href="$robotmodule_8cpp.html" title="robotmodule.cpp" alt="" coords="3157,229,3275,256">
<area shape="rect" href="$module_8h.html" title="This file contains the Module class and other very important stuff." alt="" coords="435,304,509,330">
<area shape="rect" href="$modulemanager_8cpp.html" title="modulemanager.cpp" alt="" coords="613,378,749,405">
<area shape="rect" href="$test__modules_8cpp.html" title="test_modules.cpp" alt="" coords="673,453,796,480">
<area shape="rect" href="$module_8cpp.html" title="module.cpp" alt="" coords="347,378,435,405">
<area shape="rect" href="$module1_8cpp.html" title="module1.cpp" alt="" coords="463,453,559,480">
<area shape="rect" href="$module1_8h.html" title="module1.h" alt="" coords="509,378,589,405">
