<area shape="rect" href="$object_8h.html" title="rdkcore/object/object.h" alt="" coords="515,229,667,256">
<area shape="rect" href="$rint_8h.html" title="rdkcore/rprimitive/rint.h" alt="" coords="752,80,907,107">
<area shape="rect" href="$demangle_8h.html" title="rdkcore/demangle/demangle.h" alt="" coords="371,304,565,331">
<area shape="rect" href="$read_8h.html" title="rdkcore/serialization/read.h" alt="" coords="659,304,835,331">
<area shape="rect" href="$write_8h.html" title="rdkcore/serialization/write.h" alt="" coords="859,304,1037,331">
<area shape="rect" href="$time_8h.html" title="rdkcore/time/time.h" alt="" coords="51,304,184,331">
<area shape="rect" href="$serialization_2utils_8h.html" title="utils.h" alt="" coords="808,379,864,405">
<area shape="rect" href="$serialization_2exceptions_8h.html" title="exceptions.h" alt="" coords="636,379,732,405">
<area shape="rect" href="$textutils_8h.html" title="rdkcore/textutils/textutils.h" alt="" coords="992,453,1168,480">
<area shape="rect" href="$rprimitive_8h.html" title="rprimitive.h" alt="" coords="1069,155,1155,181">
<area shape="rect" href="$rprimitive_8hpp.html" title="rprimitive.hpp" alt="" coords="1293,229,1392,256">
