<area shape="rect" href="$binaryreader_8h.html" title="rdkcore/serialization_binary/binaryreader.h" alt="" coords="509,154,773,181">
<area shape="rect" href="$binarywriter_8h.html" title="rdkcore/serialization_binary/binarywriter.h" alt="" coords="107,154,365,181">
<area shape="rect" href="$test1_8h.html" title="test1.h" alt="" coords="856,80,917,106">
<area shape="rect" href="$read_8h.html" title="rdkcore/serialization/read.h" alt="" coords="583,229,759,256">
<area shape="rect" href="$serialization_2utils_8h.html" title="utils.h" alt="" coords="425,304,481,330">
<area shape="rect" href="$serialization_2exceptions_8h.html" title="exceptions.h" alt="" coords="623,304,719,330">
<area shape="rect" href="$textutils_8h.html" title="rdkcore/textutils/textutils.h" alt="" coords="71,378,247,405">
<area shape="rect" href="$write_8h.html" title="rdkcore/serialization/write.h" alt="" coords="372,229,551,256">
<area shape="rect" href="$packets_8h.html" title="packets.h" alt="" coords="245,229,323,256">
<area shape="rect" href="$test__serialization_2utils_8h.html" title="utils.h" alt="" coords="1057,229,1113,256">
<area shape="rect" href="$good__tests_8h.html" title="good_tests.h" alt="" coords="389,154,485,181">
