<area shape="rect" href="$binaryreader_8h.html" title="rdkcore/serialization_binary/binaryreader.h" alt="" coords="1267,229,1531,256">
<area shape="rect" href="$binarywriter_8h.html" title="rdkcore/serialization_binary/binarywriter.h" alt="" coords="96,229,355,256">
<area shape="rect" href="$rdouble_8h.html" title="rdkcore/rprimitive/rdouble.h" alt="" coords="691,80,869,107">
<area shape="rect" href="$rbool_8h.html" title="rdkcore/rprimitive/rbool.h" alt="" coords="325,80,488,107">
<area shape="rect" href="$rint_8h.html" title="rdkcore/rprimitive/rint.h" alt="" coords="512,80,667,107">
<area shape="rect" href="$rstring_8h.html" title="rdkcore/rprimitive/rstring.h" alt="" coords="961,155,1132,181">
<area shape="rect" href="$test2_8h.html" title="test2.h" alt="" coords="876,155,937,181">
<area shape="rect" href="$read_8h.html" title="rdkcore/serialization/read.h" alt="" coords="1045,304,1221,331">
<area shape="rect" href="$serialization_2utils_8h.html" title="utils.h" alt="" coords="453,379,509,405">
<area shape="rect" href="$serialization_2exceptions_8h.html" title="exceptions.h" alt="" coords="921,379,1017,405">
<area shape="rect" href="$textutils_8h.html" title="rdkcore/textutils/textutils.h" alt="" coords="93,453,269,480">
<area shape="rect" href="$write_8h.html" title="rdkcore/serialization/write.h" alt="" coords="392,304,571,331">
<area shape="rect" href="$packets_8h.html" title="packets.h" alt="" coords="240,304,317,331">
<area shape="rect" href="$rprimitive_8h.html" title="rprimitive.h" alt="" coords="465,155,551,181">
<area shape="rect" href="$object_8h.html" title="rdkcore/object/object.h" alt="" coords="704,229,856,256">
<area shape="rect" href="$rprimitive_8hpp.html" title="rprimitive.hpp" alt="" coords="379,229,477,256">
<area shape="rect" href="$demangle_8h.html" title="rdkcore/demangle/demangle.h" alt="" coords="827,304,1021,331">
<area shape="rect" href="$time_8h.html" title="rdkcore/time/time.h" alt="" coords="1245,304,1379,331">
<area shape="rect" href="$test__serialization_2utils_8h.html" title="utils.h" alt="" coords="344,379,400,405">
