<area shape="rect" href="$binaryreader_8h.html" title="rdkcore/serialization_binary/binaryreader.h" alt="" coords="624,154,888,181">
<area shape="rect" href="$binarywriter_8h.html" title="rdkcore/serialization_binary/binarywriter.h" alt="" coords="69,154,328,181">
<area shape="rect" href="$test1_8h.html" title="test1.h" alt="" coords="980,80,1041,106">
<area shape="rect" href="$bad__tests_8h.html" title="bad_tests.h" alt="" coords="449,80,537,106">
<area shape="rect" href="$unittest__bad_8h.html" title="unittest_bad.h" alt="" coords="963,154,1067,181">
<area shape="rect" href="$read_8h.html" title="rdkcore/serialization/read.h" alt="" coords="595,229,771,256">
<area shape="rect" href="$serialization_2utils_8h.html" title="utils.h" alt="" coords="449,304,505,330">
<area shape="rect" href="$serialization_2exceptions_8h.html" title="exceptions.h" alt="" coords="635,304,731,330">
<area shape="rect" href="$textutils_8h.html" title="rdkcore/textutils/textutils.h" alt="" coords="83,378,259,405">
<area shape="rect" href="$write_8h.html" title="rdkcore/serialization/write.h" alt="" coords="391,229,569,256">
<area shape="rect" href="$packets_8h.html" title="packets.h" alt="" coords="257,229,335,256">
<area shape="rect" href="$test__serialization_2utils_8h.html" title="utils.h" alt="" coords="1080,304,1136,330">
<area shape="rect" href="$good__tests_8h.html" title="good_tests.h" alt="" coords="403,154,499,181">
