<area shape="rect" href="$rdkcore_8h.html" title="rdkcore.h" alt="" coords="1231,517,1305,544">
<area shape="rect" href="$repository_8h.html" title="repository.h" alt="" coords="2079,293,2167,320">
<area shape="rect" href="$session_interface_8h.html" title="sessionInterface.h" alt="" coords="771,368,899,395">
<area shape="rect" href="$session_8h.html" title="This file contains the Session class and some useful macros." alt="" coords="1493,219,1571,245">
<area shape="rect" href="$property_8h.html" title="property.h" alt="" coords="1493,144,1571,171">
<area shape="rect" href="$rpropertydef_8h.html" title="rpropertydef.h" alt="" coords="2860,219,2961,245">
<area shape="rect" href="$rpropertyupdate_8h.html" title="rpropertyupdate.h" alt="" coords="4041,293,4164,320">
<area shape="rect" href="$rremotesubscription_8h.html" title="rremotesubscription.h" alt="" coords="3595,144,3741,171">
<area shape="rect" href="$url_8cpp.html" title="url.cpp" alt="" coords="4365,144,4424,171">
<area shape="rect" href="$modulemanager_8h.html" title="modulemanager.h" alt="" coords="371,368,493,395">
<area shape="rect" href="$remotepropertymanager_8cpp.html" title="remotepropertymanager.cpp" alt="" coords="3899,368,4080,395">
<area shape="rect" href="$remotesubscriptionregister_8cpp.html" title="remotesubscriptionregister.cpp" alt="" coords="3227,368,3424,395">
<area shape="rect" href="$repository_8cpp.html" title="repository.cpp" alt="" coords="2491,368,2592,395">
<area shape="rect" href="$repository__queue_8cpp.html" title="repository_queue.cpp" alt="" coords="2616,368,2760,395">
<area shape="rect" href="$repository__remote_8cpp.html" title="repository_remote.cpp" alt="" coords="3675,368,3824,395">
<area shape="rect" href="$repository__storage_8cpp.html" title="repository_storage.cpp" alt="" coords="3448,368,3600,395">
<area shape="rect" href="$repository__utils_8cpp.html" title="repository_utils.cpp" alt="" coords="1840,368,1973,395">
<area shape="rect" href="$session_8cpp.html" title="session.cpp" alt="" coords="1064,368,1155,395">
<area shape="rect" href="$session__diffs_8cpp.html" title="session_diffs.cpp" alt="" coords="1496,368,1619,395">
<area shape="rect" href="$session__events_8cpp.html" title="session_events.cpp" alt="" coords="1179,368,1315,395">
<area shape="rect" href="$session__network_8cpp.html" title="session_network.cpp" alt="" coords="2784,368,2928,395">
<area shape="rect" href="$session__queue_8cpp.html" title="session_queue.cpp" alt="" coords="1339,368,1472,395">
<area shape="rect" href="$session__utils_8cpp.html" title="session_utils.cpp" alt="" coords="1643,368,1765,395">
<area shape="rect" href="$tcpmanager_8cpp.html" title="tcpmanager.cpp" alt="" coords="1997,368,2109,395">
<area shape="rect" href="$tcpmanager__peermanager_8cpp.html" title="tcpmanager_peermanager.cpp" alt="" coords="2133,368,2328,395">
<area shape="rect" href="$udpmanager_8cpp.html" title="udpmanager.cpp" alt="" coords="2352,368,2467,395">
<area shape="rect" href="$robotmodule_8cpp.html" title="robotmodule.cpp" alt="" coords="923,368,1040,395">
<area shape="rect" href="$module_8h.html" title="This file contains the Module class and other very important stuff." alt="" coords="267,443,341,469">
<area shape="rect" href="$modulemanager_8cpp.html" title="modulemanager.cpp" alt="" coords="256,517,392,544">
<area shape="rect" href="$test__modules_8cpp.html" title="test_modules.cpp" alt="" coords="211,592,333,619">
<area shape="rect" href="$module_8cpp.html" title="module.cpp" alt="" coords="40,517,128,544">
<area shape="rect" href="$module1_8cpp.html" title="module1.cpp" alt="" coords="63,592,159,619">
<area shape="rect" href="$module1_8h.html" title="module1.h" alt="" coords="152,517,232,544">
<area shape="rect" href="$session__get__set__create_8cpp.html" title="session_get_set_create.cpp" alt="" coords="1133,293,1317,320">
<area shape="rect" href="$robotmodule_8h.html" title="robotmodule.h" alt="" coords="967,293,1071,320">
<area shape="rect" href="$moduleconfig_8h.html" title="moduleconfig.h" alt="" coords="327,219,436,245">
<area shape="rect" href="$property_8cpp.html" title="property.cpp" alt="" coords="1379,219,1469,245">
<area shape="rect" href="$moduleconfig_8cpp.html" title="moduleconfig.cpp" alt="" coords="320,293,443,320">
<area shape="rect" href="$ragentconfig_8h.html" title="ragentconfig.h" alt="" coords="192,293,296,320">
<area shape="rect" href="$ragentconfig_8cpp.html" title="ragentconfig.cpp" alt="" coords="137,368,255,395">
<area shape="rect" href="$rpropertydef_8cpp.html" title="rpropertydef.cpp" alt="" coords="3213,293,3328,320">
<area shape="rect" href="$rpropertydefvector_8h.html" title="rpropertydefvector.h" alt="" coords="3003,293,3139,320">
<area shape="rect" href="$rpropertydefvector_8cpp.html" title="rpropertydefvector.cpp" alt="" coords="3053,368,3203,395">
<area shape="rect" href="$rpropertyupdate_8cpp.html" title="rpropertyupdate.cpp" alt="" coords="4155,368,4291,395">
<area shape="rect" href="$remotesubscriptionregister_8h.html" title="remotesubscriptionregister.h" alt="" coords="3436,219,3620,245">
<area shape="rect" href="$rremotesubscription_8cpp.html" title="rremotesubscription.cpp" alt="" coords="3807,219,3967,245">
