<area shape="rect" href="$objectmanager_8h.html" title="rdkcore/object/objectmanager.h" alt="" coords="737,80,940,106">
<area shape="rect" href="$logging_8h.html" title="rdkcore/logging/logging.h" alt="" coords="1579,378,1744,405">
<area shape="rect" href="$xmlreader_8h.html" title="xmlreader.h" alt="" coords="1285,154,1373,181">
<area shape="rect" href="$xmlutils_8h.html" title="xmlutils.h" alt="" coords="1437,154,1515,181">
<area shape="rect" href="$object_8h.html" title="object.h" alt="" coords="456,154,523,181">
<area shape="rect" href="$demangle_8h.html" title="rdkcore/demangle/demangle.h" alt="" coords="252,229,447,256">
<area shape="rect" href="$read_8h.html" title="rdkcore/serialization/read.h" alt="" coords="1019,229,1195,256">
<area shape="rect" href="$write_8h.html" title="rdkcore/serialization/write.h" alt="" coords="689,229,868,256">
<area shape="rect" href="$time_8h.html" title="rdkcore/time/time.h" alt="" coords="532,229,665,256">
<area shape="rect" href="$serialization_2utils_8h.html" title="utils.h" alt="" coords="1056,304,1112,330">
<area shape="rect" href="$serialization_2exceptions_8h.html" title="exceptions.h" alt="" coords="712,304,808,330">
<area shape="rect" href="$textutils_8h.html" title="rdkcore/textutils/textutils.h" alt="" coords="811,378,987,405">
